../Core/Src/IMU_rel/IMU_ALL.c:20:6:IMU_UART_CB	16	static
../Core/Src/IMU_rel/IMU_ALL.c:43:6:IMU_Init	2080	static
../Core/Src/IMU_rel/IMU_ALL.c:69:6:IMU_process_data	16	static
../Core/Src/IMU_rel/IMU_ALL.c:81:6:IMU_State_mechine	8	static
../Core/Src/IMU_rel/IMU_ALL.c:219:6:imu_callback	120	static
../Core/Src/IMU_rel/IMU_ALL.c:316:6:handle_ack_gotoconfig	16	static
../Core/Src/IMU_rel/IMU_ALL.c:320:6:handle_ack_gotomeasurement	16	static
../Core/Src/IMU_rel/IMU_ALL.c:324:6:handle_ack_outputconfiguration	16	static
../Core/Src/IMU_rel/IMU_ALL.c:328:6:myHandle_WAKEUP_cb	16	static
../Core/Src/IMU_rel/IMU_ALL.c:334:6:imu_send_data	16	static
../Core/Src/IMU_rel/IMU_ALL.c:338:6:changeRotMatrix	496	static
../Core/Src/IMU_rel/IMU_ALL.c:364:6:changeOutputRate	64	static
