../Core/Src/IMU_rel/IMU_ALL.c:20:6:IMU_UART_CB	16	static
../Core/Src/IMU_rel/IMU_ALL.c:43:6:IMU_Init	2080	static
../Core/Src/IMU_rel/IMU_ALL.c:69:6:IMU_process_data	16	static
../Core/Src/IMU_rel/IMU_ALL.c:82:6:IMU_State_mechine	8	static
../Core/Src/IMU_rel/IMU_ALL.c:221:6:imu_callback	120	static
../Core/Src/IMU_rel/IMU_ALL.c:318:6:handle_ack_gotoconfig	16	static
../Core/Src/IMU_rel/IMU_ALL.c:322:6:handle_ack_gotomeasurement	16	static
../Core/Src/IMU_rel/IMU_ALL.c:326:6:handle_ack_outputconfiguration	16	static
../Core/Src/IMU_rel/IMU_ALL.c:330:6:myHandle_WAKEUP_cb	16	static
../Core/Src/IMU_rel/IMU_ALL.c:336:6:imu_send_data	16	static
../Core/Src/IMU_rel/IMU_ALL.c:340:6:changeRotMatrix	496	static
../Core/Src/IMU_rel/IMU_ALL.c:366:6:changeOutputRate	64	static
