Archive member included to satisfy reference by file (symbol)

c:/st/stm32cubeide_1.11.2/stm32cubeide/plugins/com.st.stm32cube.ide.mcu.externaltools.gnu-tools-for-stm32.10.3-2021.10.win32_1.0.200.202301161003/tools/bin/../lib/gcc/arm-none-eabi/10.3.1/../../../../arm-none-eabi/lib/thumb/v7e-m+fp/hard\libc_nano.a(lib_a-errno.o)
                              ./Core/Src/syscalls.o (__errno)
c:/st/stm32cubeide_1.11.2/stm32cubeide/plugins/com.st.stm32cube.ide.mcu.externaltools.gnu-tools-for-stm32.10.3-2021.10.win32_1.0.200.202301161003/tools/bin/../lib/gcc/arm-none-eabi/10.3.1/../../../../arm-none-eabi/lib/thumb/v7e-m+fp/hard\libc_nano.a(lib_a-exit.o)
                              c:/st/stm32cubeide_1.11.2/stm32cubeide/plugins/com.st.stm32cube.ide.mcu.externaltools.gnu-tools-for-stm32.10.3-2021.10.win32_1.0.200.202301161003/tools/bin/../lib/gcc/arm-none-eabi/10.3.1/../../../../arm-none-eabi/lib/thumb/v7e-m+fp/hard/crt0.o (exit)
c:/st/stm32cubeide_1.11.2/stm32cubeide/plugins/com.st.stm32cube.ide.mcu.externaltools.gnu-tools-for-stm32.10.3-2021.10.win32_1.0.200.202301161003/tools/bin/../lib/gcc/arm-none-eabi/10.3.1/../../../../arm-none-eabi/lib/thumb/v7e-m+fp/hard\libc_nano.a(lib_a-impure.o)
                              c:/st/stm32cubeide_1.11.2/stm32cubeide/plugins/com.st.stm32cube.ide.mcu.externaltools.gnu-tools-for-stm32.10.3-2021.10.win32_1.0.200.202301161003/tools/bin/../lib/gcc/arm-none-eabi/10.3.1/../../../../arm-none-eabi/lib/thumb/v7e-m+fp/hard\libc_nano.a(lib_a-exit.o) (_global_impure_ptr)
c:/st/stm32cubeide_1.11.2/stm32cubeide/plugins/com.st.stm32cube.ide.mcu.externaltools.gnu-tools-for-stm32.10.3-2021.10.win32_1.0.200.202301161003/tools/bin/../lib/gcc/arm-none-eabi/10.3.1/../../../../arm-none-eabi/lib/thumb/v7e-m+fp/hard\libc_nano.a(lib_a-init.o)
                              c:/st/stm32cubeide_1.11.2/stm32cubeide/plugins/com.st.stm32cube.ide.mcu.externaltools.gnu-tools-for-stm32.10.3-2021.10.win32_1.0.200.202301161003/tools/bin/../lib/gcc/arm-none-eabi/10.3.1/../../../../arm-none-eabi/lib/thumb/v7e-m+fp/hard/crt0.o (__libc_init_array)
c:/st/stm32cubeide_1.11.2/stm32cubeide/plugins/com.st.stm32cube.ide.mcu.externaltools.gnu-tools-for-stm32.10.3-2021.10.win32_1.0.200.202301161003/tools/bin/../lib/gcc/arm-none-eabi/10.3.1/../../../../arm-none-eabi/lib/thumb/v7e-m+fp/hard\libc_nano.a(lib_a-memcpy-stub.o)
                              ./Core/Src/IMU_rel/IMU_ALL.o (memcpy)
c:/st/stm32cubeide_1.11.2/stm32cubeide/plugins/com.st.stm32cube.ide.mcu.externaltools.gnu-tools-for-stm32.10.3-2021.10.win32_1.0.200.202301161003/tools/bin/../lib/gcc/arm-none-eabi/10.3.1/../../../../arm-none-eabi/lib/thumb/v7e-m+fp/hard\libc_nano.a(lib_a-memset.o)
                              c:/st/stm32cubeide_1.11.2/stm32cubeide/plugins/com.st.stm32cube.ide.mcu.externaltools.gnu-tools-for-stm32.10.3-2021.10.win32_1.0.200.202301161003/tools/bin/../lib/gcc/arm-none-eabi/10.3.1/../../../../arm-none-eabi/lib/thumb/v7e-m+fp/hard/crt0.o (memset)
c:/st/stm32cubeide_1.11.2/stm32cubeide/plugins/com.st.stm32cube.ide.mcu.externaltools.gnu-tools-for-stm32.10.3-2021.10.win32_1.0.200.202301161003/tools/bin/../lib/gcc/arm-none-eabi/10.3.1/../../../../arm-none-eabi/lib/thumb/v7e-m+fp/hard\libc_nano.a(lib_a-nano-vfprintf_float.o)
                              (_printf_float)
c:/st/stm32cubeide_1.11.2/stm32cubeide/plugins/com.st.stm32cube.ide.mcu.externaltools.gnu-tools-for-stm32.10.3-2021.10.win32_1.0.200.202301161003/tools/bin/../lib/gcc/arm-none-eabi/10.3.1/../../../../arm-none-eabi/lib/thumb/v7e-m+fp/hard\libc_nano.a(lib_a-nano-vfprintf_i.o)
                              c:/st/stm32cubeide_1.11.2/stm32cubeide/plugins/com.st.stm32cube.ide.mcu.externaltools.gnu-tools-for-stm32.10.3-2021.10.win32_1.0.200.202301161003/tools/bin/../lib/gcc/arm-none-eabi/10.3.1/../../../../arm-none-eabi/lib/thumb/v7e-m+fp/hard\libc_nano.a(lib_a-nano-vfprintf_float.o) (_printf_common)
c:/st/stm32cubeide_1.11.2/stm32cubeide/plugins/com.st.stm32cube.ide.mcu.externaltools.gnu-tools-for-stm32.10.3-2021.10.win32_1.0.200.202301161003/tools/bin/../lib/gcc/arm-none-eabi/10.3.1/../../../../arm-none-eabi/lib/thumb/v7e-m+fp/hard\libc_nano.a(lib_a-printf.o)
                              ./Core/Src/IMU_rel/IMU_ALL.o (printf)
c:/st/stm32cubeide_1.11.2/stm32cubeide/plugins/com.st.stm32cube.ide.mcu.externaltools.gnu-tools-for-stm32.10.3-2021.10.win32_1.0.200.202301161003/tools/bin/../lib/gcc/arm-none-eabi/10.3.1/../../../../arm-none-eabi/lib/thumb/v7e-m+fp/hard\libc_nano.a(lib_a-puts.o)
                              ./Core/Src/IMU_rel/IMU_ALL.o (puts)
c:/st/stm32cubeide_1.11.2/stm32cubeide/plugins/com.st.stm32cube.ide.mcu.externaltools.gnu-tools-for-stm32.10.3-2021.10.win32_1.0.200.202301161003/tools/bin/../lib/gcc/arm-none-eabi/10.3.1/../../../../arm-none-eabi/lib/thumb/v7e-m+fp/hard\libc_nano.a(lib_a-s_copysign.o)
                              ./Core/Src/IMU_rel/xsens_utility.o (copysign)
[...]
Memory Configuration

Name             Origin             Length             Attributes
CCMRAM           0x0000000010000000 0x0000000000010000 xrw
RAM              0x0000000020000000 0x0000000000030000 xrw
FLASH            0x0000000008000000 0x0000000000200000 xr
*default*        0x0000000000000000 0xffffffffffffffff

Linker script and memory map

LOAD c:/st/stm32cubeide_1.11.2/stm32cubeide/plugins/com.st.stm32cube.ide.mcu.externaltools.gnu-tools-for-stm32.10.3-2021.10.win32_1.0.200.202301161003/tools/bin/../lib/gcc/arm-none-eabi/10.3.1/thumb/v7e-m+fp/hard/crti.o
LOAD c:/st/stm32cubeide_1.11.2/stm32cubeide/plugins/com.st.stm32cube.ide.mcu.externaltools.gnu-tools-for-stm32.10.3-2021.10.win32_1.0.200.202301161003/tools/bin/../lib/gcc/arm-none-eabi/10.3.1/thumb/v7e-m+fp/hard/crtbegin.o
LOAD c:/st/stm32cubeide_1.11.2/stm32cubeide/plugins/com.st.stm32cube.ide.mcu.externaltools.gnu-tools-for-stm32.10.3-2021.10.win32_1.0.200.202301161003/tools/bin/../lib/gcc/arm-none-eabi/10.3.1/../../../../arm-none-eabi/lib/thumb/v7e-m+fp/hard/crt0.o
LOAD ./Core/Src/IMU_rel/IMU_ALL.o
LOAD ./Core/Src/IMU_rel/float16Tool.o
LOAD ./Core/Src/IMU_rel/gnssPvtDataParser.o
LOAD ./Core/Src/IMU_rel/xsens_mdata2.o
LOAD ./Core/Src/IMU_rel/xsens_mti.o
LOAD ./Core/Src/IMU_rel/xsens_utility.o
LOAD ./Core/Src/LoRa_rel/sx127x_io.o
LOAD ./Core/Src/adc.o
LOAD ./Core/Src/dma.o
LOAD ./Core/Src/gpio.o
LOAD ./Core/Src/main.o
LOAD ./Core/Src/rtc.o
LOAD ./Core/Src/spi.o
LOAD ./Core/Src/stm32f4xx_hal_msp.o
LOAD ./Core/Src/stm32f4xx_it.o
LOAD ./Core/Src/syscalls.o
LOAD ./Core/Src/sysmem.o
LOAD ./Core/Src/system_stm32f4xx.o
LOAD ./Core/Src/usart.o
LOAD ./Core/Startup/startup_stm32f429zitx.o
LOAD ./Drivers/STM32F4xx_HAL_Driver/Src/stm32f4xx_hal.o
LOAD ./Drivers/STM32F4xx_HAL_Driver/Src/stm32f4xx_hal_adc.o
LOAD ./Drivers/STM32F4xx_HAL_Driver/Src/stm32f4xx_hal_adc_ex.o
LOAD ./Drivers/STM32F4xx_HAL_Driver/Src/stm32f4xx_hal_cortex.o
LOAD ./Drivers/STM32F4xx_HAL_Driver/Src/stm32f4xx_hal_dma.o
LOAD ./Drivers/STM32F4xx_HAL_Driver/Src/stm32f4xx_hal_dma_ex.o
LOAD ./Drivers/STM32F4xx_HAL_Driver/Src/stm32f4xx_hal_exti.o
LOAD ./Drivers/STM32F4xx_HAL_Driver/Src/stm32f4xx_hal_flash.o
LOAD ./Drivers/STM32F4xx_HAL_Driver/Src/stm32f4xx_hal_flash_ex.o
LOAD ./Drivers/STM32F4xx_HAL_Driver/Src/stm32f4xx_hal_flash_ramfunc.o
LOAD ./Drivers/STM32F4xx_HAL_Driver/Src/stm32f4xx_hal_gpio.o
LOAD ./Drivers/STM32F4xx_HAL_Driver/Src/stm32f4xx_hal_pwr.o
LOAD ./Drivers/STM32F4xx_HAL_Driver/Src/stm32f4xx_hal_pwr_ex.o
LOAD ./Drivers/STM32F4xx_HAL_Driver/Src/stm32f4xx_hal_rcc.o
LOAD ./Drivers/STM32F4xx_HAL_Driver/Src/stm32f4xx_hal_rcc_ex.o
LOAD ./Drivers/STM32F4xx_HAL_Driver/Src/stm32f4xx_hal_rtc.o
LOAD ./Drivers/STM32F4xx_HAL_Driver/Src/stm32f4xx_hal_rtc_ex.o
LOAD ./Drivers/STM32F4xx_HAL_Driver/Src/stm32f4xx_hal_spi.o
LOAD ./Drivers/STM32F4xx_HAL_Driver/Src/stm32f4xx_hal_tim.o
LOAD ./Drivers/STM32F4xx_HAL_Driver/Src/stm32f4xx_hal_tim_ex.o
LOAD ./Drivers/STM32F4xx_HAL_Driver/Src/stm32f4xx_hal_uart.o
LOAD ./Drivers/STM32F4xx_HAL_Driver/Src/stm32f4xx_ll_adc.o
START GROUP
LOAD c:/st/stm32cubeide_1.11.2/stm32cubeide/plugins/com.st.stm32cube.ide.mcu.externaltools.gnu-tools-for-stm32.10.3-2021.10.win32_1.0.200.202301161003/tools/bin/../lib/gcc/arm-none-eabi/10.3.1/../../../../arm-none-eabi/lib/thumb/v7e-m+fp/hard\libc_nano.a
LOAD c:/st/stm32cubeide_1.11.2/stm32cubeide/plugins/com.st.stm32cube.ide.mcu.externaltools.gnu-tools-for-stm32.10.3-2021.10.win32_1.0.200.202301161003/tools/bin/../lib/gcc/arm-none-eabi/10.3.1/../../../../arm-none-eabi/lib/thumb/v7e-m+fp/hard\libm.a
END GROUP
START GROUP
LOAD c:/st/stm32cubeide_1.11.2/stm32cubeide/plugins/com.st.stm32cube.ide.mcu.externaltools.gnu-tools-for-stm32.10.3-2021.10.win32_1.0.200.202301161003/tools/bin/../lib/gcc/arm-none-eabi/10.3.1/thumb/v7e-m+fp/hard\libgcc.a
LOAD c:/st/stm32cubeide_1.11.2/stm32cubeide/plugins/com.st.stm32cube.ide.mcu.externaltools.gnu-tools-for-stm32.10.3-2021.10.win32_1.0.200.202301161003/tools/bin/../lib/gcc/arm-none-eabi/10.3.1/../../../../arm-none-eabi/lib/thumb/v7e-m+fp/hard\libc_nano.a
END GROUP
START GROUP
LOAD c:/st/stm32cubeide_1.11.2/stm32cubeide/plugins/com.st.stm32cube.ide.mcu.externaltools.gnu-tools-for-stm32.10.3-2021.10.win32_1.0.200.202301161003/tools/bin/../lib/gcc/arm-none-eabi/10.3.1/thumb/v7e-m+fp/hard\libgcc.a
LOAD c:/st/stm32cubeide_1.11.2/stm32cubeide/plugins/com.st.stm32cube.ide.mcu.externaltools.gnu-tools-for-stm32.10.3-2021.10.win32_1.0.200.202301161003/tools/bin/../lib/gcc/arm-none-eabi/10.3.1/../../../../arm-none-eabi/lib/thumb/v7e-m+fp/hard\libc_nano.a
LOAD c:/st/stm32cubeide_1.11.2/stm32cubeide/plugins/com.st.stm32cube.ide.mcu.externaltools.gnu-tools-for-stm32.10.3-2021.10.win32_1.0.200.202301161003/tools/bin/../lib/gcc/arm-none-eabi/10.3.1/../../../../arm-none-eabi/lib/thumb/v7e-m+fp/hard\libnosys.a
END GROUP
START GROUP
LOAD c:/st/stm32cubeide_1.11.2/stm32cubeide/plugins/com.st.stm32cube.ide.mcu.externaltools.gnu-tools-for-stm32.10.3-2021.10.win32_1.0.200.202301161003/tools/bin/../lib/gcc/arm-none-eabi/10.3.1/thumb/v7e-m+fp/hard\libgcc.a
LOAD c:/st/stm32cubeide_1.11.2/stm32cubeide/plugins/com.st.stm32cube.ide.mcu.externaltools.gnu-tools-for-stm32.10.3-2021.10.win32_1.0.200.202301161003/tools/bin/../lib/gcc/arm-none-eabi/10.3.1/../../../../arm-none-eabi/lib/thumb/v7e-m+fp/hard\libc_nano.a
LOAD c:/st/stm32cubeide_1.11.2/stm32cubeide/plugins/com.st.stm32cube.ide.mcu.externaltools.gnu-tools-for-stm32.10.3-2021.10.win32_1.0.200.202301161003/tools/bin/../lib/gcc/arm-none-eabi/10.3.1/../../../../arm-none-eabi/lib/thumb/v7e-m+fp/hard\libnosys.a
END GROUP
LOAD c:/st/stm32cubeide_1.11.2/stm32cubeide/plugins/com.st.stm32cube.ide.mcu.externaltools.gnu-tools-for-stm32.10.3-2021.10.win32_1.0.200.202301161003/tools/bin/../lib/gcc/arm-none-eabi/10.3.1/thumb/v7e-m+fp/hard/crtend.o
LOAD c:/st/stm32cubeide_1.11.2/stm32cubeide/plugins/com.st.stm32cube.ide.mcu.externaltools.gnu-tools-for-stm32.10.3-2021.10.win32_1.0.200.202301161003/tools/bin/../lib/gcc/arm-none-eabi/10.3.1/thumb/v7e-m+fp/hard/crtn.o
                0x0000000020030000                _estack = (ORIGIN (RAM) + LENGTH (RAM))
                0x0000000000000200                _Min_Heap_Size = 0x200
                0x0000000000000400                _Min_Stack_Size = 0x400

.isr_vector     0x0000000008000000      0x1ac
                0x0000000008000000                . = ALIGN (0x4)
 *(.isr_vector)
 .isr_vector    0x0000000008000000      0x1ac ./Core/Startup/startup_stm32f429zitx.o
                0x0000000008000000                g_pfnVectors
                0x00000000080001ac                . = ALIGN (0x4)

.text           0x00000000080001b0     0xc268
                0x00000000080001b0                . = ALIGN (0x4)
 *(.text)
 .text          0x00000000080001b0       0x40 c:/st/stm32cubeide_1.11.2/stm32cubeide/plugins/com.st.stm32cube.ide.mcu.externaltools.gnu-tools-for-stm32.10.3-2021.10.win32_1.0.200.202301161003/tools/bin/../lib/gcc/arm-none-eabi/10.3.1/thumb/v7e-m+fp/hard/crtbegin.o
 .text          0x00000000080001f0       0x10 c:/st/stm32cubeide_1.11.2/stm32cubeide/plugins/com.st.stm32cube.ide.mcu.externaltools.gnu-tools-for-stm32.10.3-2021.10.win32_1.0.200.202301161003/tools/bin/../lib/gcc/arm-none-eabi/10.3.1/../../../../arm-none-eabi/lib/thumb/v7e-m+fp/hard\libc_nano.a(lib_a-strlen.o)
                0x00000000080001f0                strlen
 .text          0x0000000008000200       0xa0 c:/st/stm32cubeide_1.11.2/stm32cubeide/plugins/com.st.stm32cube.ide.mcu.externaltools.gnu-tools-for-stm32.10.3-2021.10.win32_1.0.200.202301161003/tools/bin/../lib/gcc/arm-none-eabi/10.3.1/../../../../arm-none-eabi/lib/thumb/v7e-m+fp/hard\libc_nano.a(lib_a-memchr.o)
                0x0000000008000200                memchr
 .text          0x00000000080002a0      0x378 c:/st/stm32cubeide_1.11.2/stm32cubeide/plugins/com.st.stm32cube.ide.mcu.externaltools.gnu-tools-for-stm32.10.3-2021.10.win32_1.0.200.202301161003/tools/bin/../lib/gcc/arm-none-eabi/10.3.1/thumb/v7e-m+fp/hard\libgcc.a(_arm_addsubdf3.o)
                0x00000000080002a0                __aeabi_drsub
                0x00000000080002a8                __aeabi_dsub
                0x00000000080002a8                __subdf3
                0x00000000080002ac                __aeabi_dadd
                0x00000000080002ac                __adddf3
                0x0000000008000524                __floatunsidf
                0x0000000008000524                __aeabi_ui2d
                0x0000000008000544                __floatsidf
                0x0000000008000544                __aeabi_i2d
                0x0000000008000568                __aeabi_f2d
                0x0000000008000568                __extendsfdf2
                0x00000000080005ac                __floatundidf
                0x00000000080005ac                __aeabi_ul2d
                0x00000000080005bc                __floatdidf
                0x00000000080005bc                __aeabi_l2d
 .text          0x0000000008000618      0x424 c:/st/stm32cubeide_1.11.2/stm32cubeide/plugins/com.st.stm32cube.ide.mcu.externaltools.gnu-tools-for-stm32.10.3-2021.10.win32_1.0.200.202301161003/tools/bin/../lib/gcc/arm-none-eabi/10.3.1/thumb/v7e-m+fp/hard\libgcc.a(_arm_muldivdf3.o)
                0x0000000008000618                __aeabi_dmul
                0x0000000008000618                __muldf3
                0x000000000800086c                __divdf3
                0x000000000800086c                __aeabi_ddiv
 .text          0x0000000008000a3c      0x110 c:/st/stm32cubeide_1.11.2/stm32cubeide/plugins/com.st.stm32cube.ide.mcu.externaltools.gnu-tools-for-stm32.10.3-2021.10.win32_1.0.200.202301161003/tools/bin/../lib/gcc/arm-none-eabi/10.3.1/thumb/v7e-m+fp/hard\libgcc.a(_arm_cmpdf2.o)
                0x0000000008000a3c                __gtdf2
                0x0000000008000a3c                __gedf2
                0x0000000008000a44                __ltdf2
                0x0000000008000a44                __ledf2
                0x0000000008000a4c                __nedf2
                0x0000000008000a4c                __eqdf2
                0x0000000008000a4c                __cmpdf2
                0x0000000008000ac8                __aeabi_cdrcmple
                0x0000000008000ad8                __aeabi_cdcmpeq
                0x0000000008000ad8                __aeabi_cdcmple
                0x0000000008000ae8                __aeabi_dcmpeq
                0x0000000008000afc                __aeabi_dcmplt
                0x0000000008000b10                __aeabi_dcmple
                0x0000000008000b24                __aeabi_dcmpge
                0x0000000008000b38                __aeabi_dcmpgt
 .text          0x0000000008000b4c       0x2c c:/st/stm32cubeide_1.11.2/stm32cubeide/plugins/com.st.stm32cube.ide.mcu.externaltools.gnu-tools-for-stm32.10.3-2021.10.win32_1.0.200.202301161003/tools/bin/../lib/gcc/arm-none-eabi/10.3.1/thumb/v7e-m+fp/hard\libgcc.a(_arm_unorddf2.o)
                0x0000000008000b4c                __unorddf2
                0x0000000008000b4c                __aeabi_dcmpun
 .text          0x0000000008000b78       0x50 c:/st/stm32cubeide_1.11.2/stm32cubeide/plugins/com.st.stm32cube.ide.mcu.externaltools.gnu-tools-for-stm32.10.3-2021.10.win32_1.0.200.202301161003/tools/bin/../lib/gcc/arm-none-eabi/10.3.1/thumb/v7e-m+fp/hard\libgcc.a(_arm_fixdfsi.o)
                0x0000000008000b78                __aeabi_d2iz
                0x0000000008000b78                __fixdfsi
 .text          0x0000000008000bc8       0x40 c:/st/stm32cubeide_1.11.2/stm32cubeide/plugins/com.st.stm32cube.ide.mcu.externaltools.gnu-tools-for-stm32.10.3-2021.10.win32_1.0.200.202301161003/tools/bin/../lib/gcc/arm-none-eabi/10.3.1/thumb/v7e-m+fp/hard\libgcc.a(_arm_fixunsdfsi.o)
                0x0000000008000bc8                __aeabi_d2uiz
                0x0000000008000bc8                __fixunsdfsi
 .text          0x0000000008000c08       0xa0 c:/st/stm32cubeide_1.11.2/stm32cubeide/plugins/com.st.stm32cube.ide.mcu.externaltools.gnu-tools-for-stm32.10.3-2021.10.win32_1.0.200.202301161003/tools/bin/../lib/gcc/arm-none-eabi/10.3.1/thumb/v7e-m+fp/hard\libgcc.a(_arm_truncdfsf2.o)
                0x0000000008000c08                __truncdfsf2
                0x0000000008000c08                __aeabi_d2f
 .text          0x0000000008000ca8       0x30 c:/st/stm32cubeide_1.11.2/stm32cubeide/plugins/com.st.stm32cube.ide.mcu.externaltools.gnu-tools-for-stm32.10.3-2021.10.win32_1.0.200.202301161003/tools/bin/../lib/gcc/arm-none-eabi/10.3.1/thumb/v7e-m+fp/hard\libgcc.a(_aeabi_uldivmod.o)
                0x0000000008000ca8                __aeabi_uldivmod
 .text          0x0000000008000cd8      0x2d0 c:/st/stm32cubeide_1.11.2/stm32cubeide/plugins/com.st.stm32cube.ide.mcu.externaltools.gnu-tools-for-stm32.10.3-2021.10.win32_1.0.200.202301161003/tools/bin/../lib/gcc/arm-none-eabi/10.3.1/thumb/v7e-m+fp/hard\libgcc.a(_udivmoddi4.o)
                0x0000000008000cd8                __udivmoddi4
 .text          0x0000000008000fa8        0x4 c:/st/stm32cubeide_1.11.2/stm32cubeide/plugins/com.st.stm32cube.ide.mcu.externaltools.gnu-tools-for-stm32.10.3-2021.10.win32_1.0.200.202301161003/tools/bin/../lib/gcc/arm-none-eabi/10.3.1/thumb/v7e-m+fp/hard\libgcc.a(_dvmd_tls.o)
                0x0000000008000fa8                __aeabi_idiv0
                0x0000000008000fa8                __aeabi_ldiv0
 *(.text*)
 .text.IMU_UART_CB
                0x0000000008000fac       0xa0 ./Core/Src/IMU_rel/IMU_ALL.o
                0x0000000008000fac                IMU_UART_CB
 .text.IMU_Init
                0x000000000800104c       0xe4 ./Core/Src/IMU_rel/IMU_ALL.o
                0x000000000800104c                IMU_Init
 .text.IMU_process_data
                0x0000000008001130       0x6c ./Core/Src/IMU_rel/IMU_ALL.o
                0x0000000008001130                IMU_process_data
 .text.IMU_State_mechine
                0x000000000800119c      0x2dc ./Core/Src/IMU_rel/IMU_ALL.o
                0x000000000800119c                IMU_State_mechine
 .text.imu_callback
                0x0000000008001478      0x260 ./Core/Src/IMU_rel/IMU_ALL.o
                0x0000000008001478                imu_callback
 .text.handle_ack_gotoconfig
                0x00000000080016d8       0x24 ./Core/Src/IMU_rel/IMU_ALL.o
                0x00000000080016d8                handle_ack_gotoconfig
 .text.handle_ack_gotomeasurement
                0x00000000080016fc       0x24 ./Core/Src/IMU_rel/IMU_ALL.o
                0x00000000080016fc                handle_ack_gotomeasurement
 .text.handle_ack_outputconfiguration
                0x0000000008001720       0x24 ./Core/Src/IMU_rel/IMU_ALL.o
                0x0000000008001720                handle_ack_outputconfiguration
 .text.myHandle_WAKEUP_cb
                0x0000000008001744       0x28 ./Core/Src/IMU_rel/IMU_ALL.o
                0x0000000008001744                myHandle_WAKEUP_cb
 .text.imu_send_data
                0x000000000800176c       0x24 ./Core/Src/IMU_rel/IMU_ALL.o
                0x000000000800176c                imu_send_data
 .text.changeOutputRate
                0x0000000008001790       0xa0 ./Core/Src/IMU_rel/IMU_ALL.o
                0x0000000008001790                changeOutputRate
 .text.f32_to_f16
                0x0000000008001830       0xb4 ./Core/Src/IMU_rel/float16Tool.o
                0x0000000008001830                f32_to_f16
 .text.makeNum  0x00000000080018e4       0x4a ./Core/Src/IMU_rel/gnssPvtDataParser.o
                0x00000000080018e4                makeNum
 .text.gnssPvt_parse
                0x000000000800192e      0x240 ./Core/Src/IMU_rel/gnssPvtDataParser.o
                0x000000000800192e                gnssPvt_parse
 *fill*         0x0000000008001b6e        0x2 
 .text.xsens_mdata2_process
                0x0000000008001b70      0x1a4 ./Core/Src/IMU_rel/xsens_mdata2.o
                0x0000000008001b70                xsens_mdata2_process
 .text.xsens_mdata2_decode_field
                0x0000000008001d14      0x698 ./Core/Src/IMU_rel/xsens_mdata2.o
                0x0000000008001d14                xsens_mdata2_decode_field
 .text.xsens_mti_parse
                0x00000000080023ac      0x148 ./Core/Src/IMU_rel/xsens_mti.o
                0x00000000080023ac                xsens_mti_parse
 .text.xsens_mti_reset_parser
                0x00000000080024f4       0x30 ./Core/Src/IMU_rel/xsens_mti.o
                0x00000000080024f4                xsens_mti_reset_parser
 .text.xsens_mti_handle_payload
                0x0000000008002524       0x44 ./Core/Src/IMU_rel/xsens_mti.o
                0x0000000008002524                xsens_mti_handle_payload
 .text.xsens_mti_override_id_handler
                0x0000000008002568       0x36 ./Core/Src/IMU_rel/xsens_mti.o
                0x0000000008002568                xsens_mti_override_id_handler
 *fill*         0x000000000800259e        0x2 
 .text.xsens_mti_find_inbound_handler_entry
                0x00000000080025a0       0x28 ./Core/Src/IMU_rel/xsens_mti.o
                0x00000000080025a0                xsens_mti_find_inbound_handler_entry
 .text.xsens_mti_find_handler_entry
                0x00000000080025c8       0x4c ./Core/Src/IMU_rel/xsens_mti.o
                0x00000000080025c8                xsens_mti_find_handler_entry
 .text.xsens_mti_buffer_crc
                0x0000000008002614       0x40 ./Core/Src/IMU_rel/xsens_mti.o
                0x0000000008002614                xsens_mti_buffer_crc
 .text.xsens_mti_send
                0x0000000008002654      0x1de ./Core/Src/IMU_rel/xsens_mti.o
                0x0000000008002654                xsens_mti_send
 .text.xsens_mti_request
                0x0000000008002832       0x7e ./Core/Src/IMU_rel/xsens_mti.o
                0x0000000008002832                xsens_mti_request
 .text.xsens_mti_reset_orientation
                0x00000000080028b0       0x8a ./Core/Src/IMU_rel/xsens_mti.o
                0x00000000080028b0                xsens_mti_reset_orientation
 .text.xsens_mti_set_configuration
                0x000000000800293a      0x128 ./Core/Src/IMU_rel/xsens_mti.o
                0x000000000800293a                xsens_mti_set_configuration
 *fill*         0x0000000008002a62        0x2 
 .text.xsens_internal_handle_device_id
                0x0000000008002a64       0x78 ./Core/Src/IMU_rel/xsens_mti.o
                0x0000000008002a64                xsens_internal_handle_device_id
 .text.xsens_internal_handle_product_code
                0x0000000008002adc       0x14 ./Core/Src/IMU_rel/xsens_mti.o
                0x0000000008002adc                xsens_internal_handle_product_code
 .text.xsens_internal_handle_hardware_version
                0x0000000008002af0       0x14 ./Core/Src/IMU_rel/xsens_mti.o
                0x0000000008002af0                xsens_internal_handle_hardware_version
 .text.xsens_internal_handle_firmware_version
                0x0000000008002b04       0x3a ./Core/Src/IMU_rel/xsens_mti.o
                0x0000000008002b04                xsens_internal_handle_firmware_version
 .text.xsens_internal_handle_selftest_results
                0x0000000008002b3e       0x14 ./Core/Src/IMU_rel/xsens_mti.o
                0x0000000008002b3e                xsens_internal_handle_selftest_results
 .text.xsens_internal_handle_error
                0x0000000008002b52       0x1a ./Core/Src/IMU_rel/xsens_mti.o
                0x0000000008002b52                xsens_internal_handle_error
 .text.xsens_internal_handle_mdata2
                0x0000000008002b6c       0x24 ./Core/Src/IMU_rel/xsens_mti.o
                0x0000000008002b6c                xsens_internal_handle_mdata2
 .text.xsens_swap_endian_u16
                0x0000000008002b90       0x28 ./Core/Src/IMU_rel/xsens_utility.o
                0x0000000008002b90                xsens_swap_endian_u16
 .text.xsens_swap_endian_u64
                0x0000000008002bb8       0x64 ./Core/Src/IMU_rel/xsens_utility.o
                0x0000000008002bb8                xsens_swap_endian_u64
 .text.xsens_coalesce_16BE_16LE
                0x0000000008002c1c       0x2a ./Core/Src/IMU_rel/xsens_utility.o
                0x0000000008002c1c                xsens_coalesce_16BE_16LE
 .text.xsens_coalesce_32BE_32LE
                0x0000000008002c46       0x38 ./Core/Src/IMU_rel/xsens_utility.o
                0x0000000008002c46                xsens_coalesce_32BE_32LE
 .text.xsens_coalesce_32BE_F32LE
                0x0000000008002c7e       0x48 ./Core/Src/IMU_rel/xsens_utility.o
                0x0000000008002c7e                xsens_coalesce_32BE_F32LE
 .text.xsens_coalesce_48BE_48LE
                0x0000000008002cc6       0x50 ./Core/Src/IMU_rel/xsens_utility.o
                0x0000000008002cc6                xsens_coalesce_48BE_48LE
 .text.LoRa_readReg
                0x0000000008002d16       0x7c ./Core/Src/LoRa_rel/sx127x_io.o
                0x0000000008002d16                LoRa_readReg
 .text.LoRa_writeReg
                0x0000000008002d92       0x7c ./Core/Src/LoRa_rel/sx127x_io.o
                0x0000000008002d92                LoRa_writeReg
 .text.LoRa_read_single
                0x0000000008002e0e       0x34 ./Core/Src/LoRa_rel/sx127x_io.o
                0x0000000008002e0e                LoRa_read_single
 .text.LoRa_write_single
                0x0000000008002e42       0x3a ./Core/Src/LoRa_rel/sx127x_io.o
                0x0000000008002e42                LoRa_write_single
 .text.LoRa_BurstWrite
                0x0000000008002e7c       0x8e ./Core/Src/LoRa_rel/sx127x_io.o
                0x0000000008002e7c                LoRa_BurstWrite
 .text.LoRa_transmit
                0x0000000008002f0a       0xfc ./Core/Src/LoRa_rel/sx127x_io.o
                0x0000000008002f0a                LoRa_transmit
 .text.LoRa_gotoMode
                0x0000000008003006       0xce ./Core/Src/LoRa_rel/sx127x_io.o
                0x0000000008003006                LoRa_gotoMode
 .text.LoRa_init
                0x00000000080030d4      0x1d0 ./Core/Src/LoRa_rel/sx127x_io.o
                0x00000000080030d4                LoRa_init
 .text.LoRa_reset
                0x00000000080032a4       0x3c ./Core/Src/LoRa_rel/sx127x_io.o
                0x00000000080032a4                LoRa_reset
 .text.LoRa_setFrequency
                0x00000000080032e0       0x60 ./Core/Src/LoRa_rel/sx127x_io.o
                0x00000000080032e0                LoRa_setFrequency
 .text.LoRa_setSpreadingFactor
                0x0000000008003340       0x64 ./Core/Src/LoRa_rel/sx127x_io.o
                0x0000000008003340                LoRa_setSpreadingFactor
 .text.SX127x_set_Tcxo
                0x00000000080033a4       0x26 ./Core/Src/LoRa_rel/sx127x_io.o
                0x00000000080033a4                SX127x_set_Tcxo
 .text.LoRa_set_CRCon
                0x00000000080033ca       0x4a ./Core/Src/LoRa_rel/sx127x_io.o
                0x00000000080033ca                LoRa_set_CRCon
 .text.LoRa_isvalid
                0x0000000008003414       0x16 ./Core/Src/LoRa_rel/sx127x_io.o
                0x0000000008003414                LoRa_isvalid
 .text.isTransmitting
                0x000000000800342a       0x28 ./Core/Src/LoRa_rel/sx127x_io.o
                0x000000000800342a                isTransmitting
 *fill*         0x0000000008003452        0x2 
 .text.MX_ADC3_Init
                0x0000000008003454       0xa8 ./Core/Src/adc.o
                0x0000000008003454                MX_ADC3_Init
 .text.HAL_ADC_MspInit
                0x00000000080034fc       0x88 ./Core/Src/adc.o
                0x00000000080034fc                HAL_ADC_MspInit
 .text.MX_DMA_Init
                0x0000000008003584       0x8c ./Core/Src/dma.o
                0x0000000008003584                MX_DMA_Init
 .text.MX_GPIO_Init
                0x0000000008003610      0x1e4 ./Core/Src/gpio.o
                0x0000000008003610                MX_GPIO_Init
 .text.__io_putchar
                0x00000000080037f4       0x24 ./Core/Src/main.o
                0x00000000080037f4                __io_putchar
 .text.HAL_UARTEx_RxEventCallback
                0x0000000008003818       0x68 ./Core/Src/main.o
                0x0000000008003818                HAL_UARTEx_RxEventCallback
 .text.proc_data_4
                0x0000000008003880       0x84 ./Core/Src/main.o
                0x0000000008003880                proc_data_4
 .text.proc_data_2
                0x0000000008003904       0x5c ./Core/Src/main.o
                0x0000000008003904                proc_data_2
 .text.proc_data_2_uint16
                0x0000000008003960       0x50 ./Core/Src/main.o
                0x0000000008003960                proc_data_2_uint16
 .text.proc_data_1_uint8
                0x00000000080039b0       0x32 ./Core/Src/main.o
                0x00000000080039b0                proc_data_1_uint8
 *fill*         0x00000000080039e2        0x2 
 .text.imu_data_conv
                0x00000000080039e4      0x24c ./Core/Src/main.o
                0x00000000080039e4                imu_data_conv
 .text.main     0x0000000008003c30      0x560 ./Core/Src/main.o
                0x0000000008003c30                main
 .text.SystemClock_Config
                0x0000000008004190       0xd8 ./Core/Src/main.o
                0x0000000008004190                SystemClock_Config
 .text.Error_Handler
                0x0000000008004268        0xa ./Core/Src/main.o
                0x0000000008004268                Error_Handler
 *fill*         0x0000000008004272        0x2 
 .text.MX_RTC_Init
                0x0000000008004274       0xb4 ./Core/Src/rtc.o
                0x0000000008004274                MX_RTC_Init
 .text.HAL_RTC_MspInit
                0x0000000008004328       0x54 ./Core/Src/rtc.o
                0x0000000008004328                HAL_RTC_MspInit
 .text.MX_SPI1_Init
                0x000000000800437c       0x6c ./Core/Src/spi.o
                0x000000000800437c                MX_SPI1_Init
 .text.MX_SPI4_Init
                0x00000000080043e8       0x6c ./Core/Src/spi.o
                0x00000000080043e8                MX_SPI4_Init
 .text.HAL_SPI_MspInit
                0x0000000008004454      0x15c ./Core/Src/spi.o
                0x0000000008004454                HAL_SPI_MspInit
 .text.HAL_MspInit
                0x00000000080045b0       0x50 ./Core/Src/stm32f4xx_hal_msp.o
                0x00000000080045b0                HAL_MspInit
 .text.NMI_Handler
                0x0000000008004600        0x6 ./Core/Src/stm32f4xx_it.o
                0x0000000008004600                NMI_Handler
 .text.HardFault_Handler
                0x0000000008004606        0x6 ./Core/Src/stm32f4xx_it.o
                0x0000000008004606                HardFault_Handler
 .text.MemManage_Handler
                0x000000000800460c        0x6 ./Core/Src/stm32f4xx_it.o
                0x000000000800460c                MemManage_Handler
 .text.BusFault_Handler
                0x0000000008004612        0x6 ./Core/Src/stm32f4xx_it.o
                0x0000000008004612                BusFault_Handler
 .text.UsageFault_Handler
                0x0000000008004618        0x6 ./Core/Src/stm32f4xx_it.o
                0x0000000008004618                UsageFault_Handler
 .text.SVC_Handler
                0x000000000800461e        0xe ./Core/Src/stm32f4xx_it.o
                0x000000000800461e                SVC_Handler
 .text.DebugMon_Handler
                0x000000000800462c        0xe ./Core/Src/stm32f4xx_it.o
                0x000000000800462c                DebugMon_Handler
 .text.PendSV_Handler
                0x000000000800463a        0xe ./Core/Src/stm32f4xx_it.o
                0x000000000800463a                PendSV_Handler
 .text.SysTick_Handler
                0x0000000008004648        0xc ./Core/Src/stm32f4xx_it.o
                0x0000000008004648                SysTick_Handler
 .text.DMA1_Stream1_IRQHandler
                0x0000000008004654       0x14 ./Core/Src/stm32f4xx_it.o
                0x0000000008004654                DMA1_Stream1_IRQHandler
 .text.DMA1_Stream3_IRQHandler
                0x0000000008004668       0x14 ./Core/Src/stm32f4xx_it.o
                0x0000000008004668                DMA1_Stream3_IRQHandler
 .text.SPI1_IRQHandler
                0x000000000800467c       0x14 ./Core/Src/stm32f4xx_it.o
                0x000000000800467c                SPI1_IRQHandler
 .text.USART1_IRQHandler
                0x0000000008004690       0x14 ./Core/Src/stm32f4xx_it.o
                0x0000000008004690                USART1_IRQHandler
 .text.USART3_IRQHandler
                0x00000000080046a4       0x14 ./Core/Src/stm32f4xx_it.o
                0x00000000080046a4                USART3_IRQHandler
 .text.DMA2_Stream2_IRQHandler
                0x00000000080046b8       0x14 ./Core/Src/stm32f4xx_it.o
                0x00000000080046b8                DMA2_Stream2_IRQHandler
 .text.DMA2_Stream7_IRQHandler
                0x00000000080046cc       0x14 ./Core/Src/stm32f4xx_it.o
                0x00000000080046cc                DMA2_Stream7_IRQHandler
 .text.SPI4_IRQHandler
                0x00000000080046e0       0x14 ./Core/Src/stm32f4xx_it.o
                0x00000000080046e0                SPI4_IRQHandler
 .text._getpid  0x00000000080046f4       0x10 ./Core/Src/syscalls.o
                0x00000000080046f4                _getpid
 .text._kill    0x0000000008004704       0x20 ./Core/Src/syscalls.o
                0x0000000008004704                _kill
 .text._exit    0x0000000008004724       0x14 ./Core/Src/syscalls.o
                0x0000000008004724                _exit
 .text._read    0x0000000008004738       0x3a ./Core/Src/syscalls.o
                0x0000000008004738                _read
 .text._write   0x0000000008004772       0x38 ./Core/Src/syscalls.o
                0x0000000008004772                _write
 .text._close   0x00000000080047aa       0x18 ./Core/Src/syscalls.o
                0x00000000080047aa                _close
 .text._fstat   0x00000000080047c2       0x20 ./Core/Src/syscalls.o
                0x00000000080047c2                _fstat
 .text._isatty  0x00000000080047e2       0x16 ./Core/Src/syscalls.o
                0x00000000080047e2                _isatty
 .text._lseek   0x00000000080047f8       0x1a ./Core/Src/syscalls.o
                0x00000000080047f8                _lseek
 *fill*         0x0000000008004812        0x2 
 .text._sbrk    0x0000000008004814       0x6c ./Core/Src/sysmem.o
                0x0000000008004814                _sbrk
 .text.SystemInit
                0x0000000008004880       0x24 ./Core/Src/system_stm32f4xx.o
                0x0000000008004880                SystemInit
 .text.MX_USART1_UART_Init
                0x00000000080048a4       0x54 ./Core/Src/usart.o
                0x00000000080048a4                MX_USART1_UART_Init
 .text.MX_USART3_UART_Init
                0x00000000080048f8       0x54 ./Core/Src/usart.o
                0x00000000080048f8                MX_USART3_UART_Init
 .text.HAL_UART_MspInit
                0x000000000800494c      0x2b0 ./Core/Src/usart.o
                0x000000000800494c                HAL_UART_MspInit
 .text.Reset_Handler
                0x0000000008004bfc       0x50 ./Core/Startup/startup_stm32f429zitx.o
                0x0000000008004bfc                Reset_Handler
 .text.Default_Handler
                0x0000000008004c4c        0x2 ./Core/Startup/startup_stm32f429zitx.o
                0x0000000008004c4c                RTC_Alarm_IRQHandler
                0x0000000008004c4c                HASH_RNG_IRQHandler
                0x0000000008004c4c                EXTI2_IRQHandler
                0x0000000008004c4c                TIM8_CC_IRQHandler
                0x0000000008004c4c                UART8_IRQHandler
                0x0000000008004c4c                TIM1_CC_IRQHandler
                0x0000000008004c4c                DMA2_Stream5_IRQHandler
                0x0000000008004c4c                DMA1_Stream5_IRQHandler
                0x0000000008004c4c                PVD_IRQHandler
                0x0000000008004c4c                SDIO_IRQHandler
                0x0000000008004c4c                TAMP_STAMP_IRQHandler
                0x0000000008004c4c                CAN2_RX1_IRQHandler
                0x0000000008004c4c                EXTI3_IRQHandler
                0x0000000008004c4c                TIM8_TRG_COM_TIM14_IRQHandler
                0x0000000008004c4c                TIM1_UP_TIM10_IRQHandler
                0x0000000008004c4c                TIM8_UP_TIM13_IRQHandler
                0x0000000008004c4c                I2C3_ER_IRQHandler
                0x0000000008004c4c                EXTI0_IRQHandler
                0x0000000008004c4c                I2C2_EV_IRQHandler
                0x0000000008004c4c                DMA1_Stream2_IRQHandler
                0x0000000008004c4c                CAN1_RX0_IRQHandler
                0x0000000008004c4c                FPU_IRQHandler
                0x0000000008004c4c                OTG_HS_WKUP_IRQHandler
                0x0000000008004c4c                LTDC_ER_IRQHandler
                0x0000000008004c4c                CAN2_SCE_IRQHandler
                0x0000000008004c4c                TIM6_DAC_IRQHandler
                0x0000000008004c4c                TIM1_BRK_TIM9_IRQHandler
                0x0000000008004c4c                DCMI_IRQHandler
                0x0000000008004c4c                CAN2_RX0_IRQHandler
                0x0000000008004c4c                DMA2_Stream3_IRQHandler
                0x0000000008004c4c                USART6_IRQHandler
                0x0000000008004c4c                CAN1_RX1_IRQHandler
                0x0000000008004c4c                UART5_IRQHandler
                0x0000000008004c4c                DMA2_Stream0_IRQHandler
                0x0000000008004c4c                TIM4_IRQHandler
                0x0000000008004c4c                I2C1_EV_IRQHandler
                0x0000000008004c4c                DMA1_Stream6_IRQHandler
                0x0000000008004c4c                UART4_IRQHandler
                0x0000000008004c4c                TIM3_IRQHandler
                0x0000000008004c4c                RCC_IRQHandler
                0x0000000008004c4c                TIM8_BRK_TIM12_IRQHandler
                0x0000000008004c4c                Default_Handler
                0x0000000008004c4c                EXTI15_10_IRQHandler
                0x0000000008004c4c                ADC_IRQHandler
                0x0000000008004c4c                DMA1_Stream7_IRQHandler
                0x0000000008004c4c                SPI5_IRQHandler
                0x0000000008004c4c                TIM7_IRQHandler
                0x0000000008004c4c                CAN2_TX_IRQHandler
                0x0000000008004c4c                TIM5_IRQHandler
                0x0000000008004c4c                I2C3_EV_IRQHandler
                0x0000000008004c4c                EXTI9_5_IRQHandler
                0x0000000008004c4c                RTC_WKUP_IRQHandler
                0x0000000008004c4c                LTDC_IRQHandler
                0x0000000008004c4c                ETH_WKUP_IRQHandler
                0x0000000008004c4c                SPI2_IRQHandler
                0x0000000008004c4c                OTG_HS_EP1_IN_IRQHandler
                0x0000000008004c4c                DMA1_Stream0_IRQHandler
                0x0000000008004c4c                CAN1_TX_IRQHandler
                0x0000000008004c4c                EXTI4_IRQHandler
                0x0000000008004c4c                ETH_IRQHandler
                0x0000000008004c4c                OTG_HS_EP1_OUT_IRQHandler
                0x0000000008004c4c                WWDG_IRQHandler
                0x0000000008004c4c                SPI6_IRQHandler
                0x0000000008004c4c                TIM2_IRQHandler
                0x0000000008004c4c                OTG_FS_WKUP_IRQHandler
                0x0000000008004c4c                TIM1_TRG_COM_TIM11_IRQHandler
                0x0000000008004c4c                OTG_HS_IRQHandler
                0x0000000008004c4c                DMA2D_IRQHandler
                0x0000000008004c4c                EXTI1_IRQHandler
                0x0000000008004c4c                UART7_IRQHandler
                0x0000000008004c4c                USART2_IRQHandler
                0x0000000008004c4c                I2C2_ER_IRQHandler
                0x0000000008004c4c                DMA2_Stream1_IRQHandler
                0x0000000008004c4c                CAN1_SCE_IRQHandler
                0x0000000008004c4c                FLASH_IRQHandler
                0x0000000008004c4c                DMA2_Stream4_IRQHandler
                0x0000000008004c4c                OTG_FS_IRQHandler
                0x0000000008004c4c                SPI3_IRQHandler
                0x0000000008004c4c                DMA1_Stream4_IRQHandler
                0x0000000008004c4c                I2C1_ER_IRQHandler
                0x0000000008004c4c                FMC_IRQHandler
                0x0000000008004c4c                DMA2_Stream6_IRQHandler
                0x0000000008004c4c                SAI1_IRQHandler
 *fill*         0x0000000008004c4e        0x2 
 .text.HAL_Init
                0x0000000008004c50       0x44 ./Drivers/STM32F4xx_HAL_Driver/Src/stm32f4xx_hal.o
                0x0000000008004c50                HAL_Init
 .text.HAL_InitTick
                0x0000000008004c94       0x60 ./Drivers/STM32F4xx_HAL_Driver/Src/stm32f4xx_hal.o
                0x0000000008004c94                HAL_InitTick
 .text.HAL_IncTick
                0x0000000008004cf4       0x28 ./Drivers/STM32F4xx_HAL_Driver/Src/stm32f4xx_hal.o
                0x0000000008004cf4                HAL_IncTick
 .text.HAL_GetTick
                0x0000000008004d1c       0x18 ./Drivers/STM32F4xx_HAL_Driver/Src/stm32f4xx_hal.o
                0x0000000008004d1c                HAL_GetTick
 .text.HAL_Delay
                0x0000000008004d34       0x48 ./Drivers/STM32F4xx_HAL_Driver/Src/stm32f4xx_hal.o
                0x0000000008004d34                HAL_Delay
 .text.HAL_ADC_Init
                0x0000000008004d7c       0x86 ./Drivers/STM32F4xx_HAL_Driver/Src/stm32f4xx_hal_adc.o
                0x0000000008004d7c                HAL_ADC_Init
 *fill*         0x0000000008004e02        0x2 
 .text.HAL_ADC_Start
                0x0000000008004e04      0x1a4 ./Drivers/STM32F4xx_HAL_Driver/Src/stm32f4xx_hal_adc.o
                0x0000000008004e04                HAL_ADC_Start
 .text.HAL_ADC_GetValue
                0x0000000008004fa8       0x1a ./Drivers/STM32F4xx_HAL_Driver/Src/stm32f4xx_hal_adc.o
                0x0000000008004fa8                HAL_ADC_GetValue
 *fill*         0x0000000008004fc2        0x2 
 .text.HAL_ADC_ConfigChannel
                0x0000000008004fc4      0x264 ./Drivers/STM32F4xx_HAL_Driver/Src/stm32f4xx_hal_adc.o
                0x0000000008004fc4                HAL_ADC_ConfigChannel
 .text.ADC_Init
                0x0000000008005228      0x1f8 ./Drivers/STM32F4xx_HAL_Driver/Src/stm32f4xx_hal_adc.o
 .text.__NVIC_SetPriorityGrouping
                0x0000000008005420       0x48 ./Drivers/STM32F4xx_HAL_Driver/Src/stm32f4xx_hal_cortex.o
 .text.__NVIC_GetPriorityGrouping
                0x0000000008005468       0x1c ./Drivers/STM32F4xx_HAL_Driver/Src/stm32f4xx_hal_cortex.o
 .text.__NVIC_EnableIRQ
                0x0000000008005484       0x3c ./Drivers/STM32F4xx_HAL_Driver/Src/stm32f4xx_hal_cortex.o
 .text.__NVIC_SetPriority
                0x00000000080054c0       0x54 ./Drivers/STM32F4xx_HAL_Driver/Src/stm32f4xx_hal_cortex.o
 .text.NVIC_EncodePriority
                0x0000000008005514       0x66 ./Drivers/STM32F4xx_HAL_Driver/Src/stm32f4xx_hal_cortex.o
 *fill*         0x000000000800557a        0x2 
 .text.SysTick_Config
                0x000000000800557c       0x44 ./Drivers/STM32F4xx_HAL_Driver/Src/stm32f4xx_hal_cortex.o
 .text.HAL_NVIC_SetPriorityGrouping
                0x00000000080055c0       0x16 ./Drivers/STM32F4xx_HAL_Driver/Src/stm32f4xx_hal_cortex.o
                0x00000000080055c0                HAL_NVIC_SetPriorityGrouping
 .text.HAL_NVIC_SetPriority
                0x00000000080055d6       0x38 ./Drivers/STM32F4xx_HAL_Driver/Src/stm32f4xx_hal_cortex.o
                0x00000000080055d6                HAL_NVIC_SetPriority
 .text.HAL_NVIC_EnableIRQ
                0x000000000800560e       0x1c ./Drivers/STM32F4xx_HAL_Driver/Src/stm32f4xx_hal_cortex.o
                0x000000000800560e                HAL_NVIC_EnableIRQ
 .text.HAL_SYSTICK_Config
                0x000000000800562a       0x18 ./Drivers/STM32F4xx_HAL_Driver/Src/stm32f4xx_hal_cortex.o
                0x000000000800562a                HAL_SYSTICK_Config
 *fill*         0x0000000008005642        0x2 
 .text.HAL_DMA_Init
                0x0000000008005644      0x15c ./Drivers/STM32F4xx_HAL_Driver/Src/stm32f4xx_hal_dma.o
                0x0000000008005644                HAL_DMA_Init
 .text.HAL_DMA_Start_IT
                0x00000000080057a0       0xb0 ./Drivers/STM32F4xx_HAL_Driver/Src/stm32f4xx_hal_dma.o
                0x00000000080057a0                HAL_DMA_Start_IT
 .text.HAL_DMA_Abort
                0x0000000008005850       0xe0 ./Drivers/STM32F4xx_HAL_Driver/Src/stm32f4xx_hal_dma.o
                0x0000000008005850                HAL_DMA_Abort
 .text.HAL_DMA_Abort_IT
                0x0000000008005930       0x44 ./Drivers/STM32F4xx_HAL_Driver/Src/stm32f4xx_hal_dma.o
                0x0000000008005930                HAL_DMA_Abort_IT
 .text.HAL_DMA_IRQHandler
                0x0000000008005974      0x314 ./Drivers/STM32F4xx_HAL_Driver/Src/stm32f4xx_hal_dma.o
                0x0000000008005974                HAL_DMA_IRQHandler
 .text.DMA_SetConfig
                0x0000000008005c88       0x5c ./Drivers/STM32F4xx_HAL_Driver/Src/stm32f4xx_hal_dma.o
 .text.DMA_CalcBaseAndBitshift
                0x0000000008005ce4       0x6c ./Drivers/STM32F4xx_HAL_Driver/Src/stm32f4xx_hal_dma.o
 .text.DMA_CheckFifoParam
                0x0000000008005d50       0xf8 ./Drivers/STM32F4xx_HAL_Driver/Src/stm32f4xx_hal_dma.o
 .text.HAL_GPIO_Init
                0x0000000008005e48      0x358 ./Drivers/STM32F4xx_HAL_Driver/Src/stm32f4xx_hal_gpio.o
                0x0000000008005e48                HAL_GPIO_Init
 .text.HAL_GPIO_WritePin
                0x00000000080061a0       0x32 ./Drivers/STM32F4xx_HAL_Driver/Src/stm32f4xx_hal_gpio.o
                0x00000000080061a0                HAL_GPIO_WritePin
 *fill*         0x00000000080061d2        0x2 
 .text.HAL_RCC_OscConfig
                0x00000000080061d4      0x4f0 ./Drivers/STM32F4xx_HAL_Driver/Src/stm32f4xx_hal_rcc.o
                0x00000000080061d4                HAL_RCC_OscConfig
 .text.HAL_RCC_ClockConfig
                0x00000000080066c4      0x1cc ./Drivers/STM32F4xx_HAL_Driver/Src/stm32f4xx_hal_rcc.o
                0x00000000080066c4                HAL_RCC_ClockConfig
 .text.HAL_RCC_GetSysClockFreq
                0x0000000008006890      0x208 ./Drivers/STM32F4xx_HAL_Driver/Src/stm32f4xx_hal_rcc.o
                0x0000000008006890                HAL_RCC_GetSysClockFreq
 .text.HAL_RCC_GetHCLKFreq
                0x0000000008006a98       0x18 ./Drivers/STM32F4xx_HAL_Driver/Src/stm32f4xx_hal_rcc.o
                0x0000000008006a98                HAL_RCC_GetHCLKFreq
 .text.HAL_RCC_GetPCLK1Freq
                0x0000000008006ab0       0x28 ./Drivers/STM32F4xx_HAL_Driver/Src/stm32f4xx_hal_rcc.o
                0x0000000008006ab0                HAL_RCC_GetPCLK1Freq
 .text.HAL_RCC_GetPCLK2Freq
                0x0000000008006ad8       0x28 ./Drivers/STM32F4xx_HAL_Driver/Src/stm32f4xx_hal_rcc.o
                0x0000000008006ad8                HAL_RCC_GetPCLK2Freq
 .text.HAL_RCCEx_PeriphCLKConfig
                0x0000000008006b00      0x380 ./Drivers/STM32F4xx_HAL_Driver/Src/stm32f4xx_hal_rcc_ex.o
                0x0000000008006b00                HAL_RCCEx_PeriphCLKConfig
 .text.HAL_RTC_Init
                0x0000000008006e80       0xec ./Drivers/STM32F4xx_HAL_Driver/Src/stm32f4xx_hal_rtc.o
                0x0000000008006e80                HAL_RTC_Init
 .text.HAL_RTC_SetTime
                0x0000000008006f6c      0x134 ./Drivers/STM32F4xx_HAL_Driver/Src/stm32f4xx_hal_rtc.o
                0x0000000008006f6c                HAL_RTC_SetTime
 .text.HAL_RTC_GetTime
                0x00000000080070a0       0xbc ./Drivers/STM32F4xx_HAL_Driver/Src/stm32f4xx_hal_rtc.o
                0x00000000080070a0                HAL_RTC_GetTime
 .text.HAL_RTC_SetDate
                0x000000000800715c      0x108 ./Drivers/STM32F4xx_HAL_Driver/Src/stm32f4xx_hal_rtc.o
                0x000000000800715c                HAL_RTC_SetDate
 .text.HAL_RTC_GetDate
                0x0000000008007264       0x9e ./Drivers/STM32F4xx_HAL_Driver/Src/stm32f4xx_hal_rtc.o
                0x0000000008007264                HAL_RTC_GetDate
 .text.HAL_RTC_WaitForSynchro
                0x0000000008007302       0x50 ./Drivers/STM32F4xx_HAL_Driver/Src/stm32f4xx_hal_rtc.o
                0x0000000008007302                HAL_RTC_WaitForSynchro
 .text.RTC_EnterInitMode
                0x0000000008007352       0x6e ./Drivers/STM32F4xx_HAL_Driver/Src/stm32f4xx_hal_rtc.o
                0x0000000008007352                RTC_EnterInitMode
 .text.RTC_ExitInitMode
                0x00000000080073c0       0x4a ./Drivers/STM32F4xx_HAL_Driver/Src/stm32f4xx_hal_rtc.o
                0x00000000080073c0                RTC_ExitInitMode
 .text.RTC_ByteToBcd2
                0x000000000800740a       0x3a ./Drivers/STM32F4xx_HAL_Driver/Src/stm32f4xx_hal_rtc.o
                0x000000000800740a                RTC_ByteToBcd2
 .text.RTC_Bcd2ToByte
                0x0000000008007444       0x38 ./Drivers/STM32F4xx_HAL_Driver/Src/stm32f4xx_hal_rtc.o
                0x0000000008007444                RTC_Bcd2ToByte
 .text.HAL_SPI_Init
                0x000000000800747c      0x112 ./Drivers/STM32F4xx_HAL_Driver/Src/stm32f4xx_hal_spi.o
                0x000000000800747c                HAL_SPI_Init
 .text.HAL_SPI_Transmit
                0x000000000800758e      0x278 ./Drivers/STM32F4xx_HAL_Driver/Src/stm32f4xx_hal_spi.o
                0x000000000800758e                HAL_SPI_Transmit
 .text.HAL_SPI_Receive
                0x0000000008007806      0x222 ./Drivers/STM32F4xx_HAL_Driver/Src/stm32f4xx_hal_spi.o
                0x0000000008007806                HAL_SPI_Receive
 .text.HAL_SPI_TransmitReceive
                0x0000000008007a28      0x344 ./Drivers/STM32F4xx_HAL_Driver/Src/stm32f4xx_hal_spi.o
                0x0000000008007a28                HAL_SPI_TransmitReceive
 .text.HAL_SPI_IRQHandler
                0x0000000008007d6c      0x200 ./Drivers/STM32F4xx_HAL_Driver/Src/stm32f4xx_hal_spi.o
                0x0000000008007d6c                HAL_SPI_IRQHandler
 .text.HAL_SPI_ErrorCallback
                0x0000000008007f6c       0x14 ./Drivers/STM32F4xx_HAL_Driver/Src/stm32f4xx_hal_spi.o
                0x0000000008007f6c                HAL_SPI_ErrorCallback
 .text.HAL_SPI_GetState
                0x0000000008007f80       0x1c ./Drivers/STM32F4xx_HAL_Driver/Src/stm32f4xx_hal_spi.o
                0x0000000008007f80                HAL_SPI_GetState
 .text.SPI_DMAAbortOnError
                0x0000000008007f9c       0x28 ./Drivers/STM32F4xx_HAL_Driver/Src/stm32f4xx_hal_spi.o
 .text.SPI_WaitFlagStateUntilTimeout
                0x0000000008007fc4      0x110 ./Drivers/STM32F4xx_HAL_Driver/Src/stm32f4xx_hal_spi.o
 .text.SPI_EndRxTransaction
                0x00000000080080d4       0xca ./Drivers/STM32F4xx_HAL_Driver/Src/stm32f4xx_hal_spi.o
 *fill*         0x000000000800819e        0x2 
 .text.SPI_EndRxTxTransaction
                0x00000000080081a0       0x84 ./Drivers/STM32F4xx_HAL_Driver/Src/stm32f4xx_hal_spi.o
 .text.HAL_UART_Init
                0x0000000008008224       0x9a ./Drivers/STM32F4xx_HAL_Driver/Src/stm32f4xx_hal_uart.o
                0x0000000008008224                HAL_UART_Init
 .text.HAL_UART_Transmit
                0x00000000080082be      0x124 ./Drivers/STM32F4xx_HAL_Driver/Src/stm32f4xx_hal_uart.o
                0x00000000080082be                HAL_UART_Transmit
 *fill*         0x00000000080083e2        0x2 
 .text.HAL_UART_Transmit_DMA
                0x00000000080083e4       0xfc ./Drivers/STM32F4xx_HAL_Driver/Src/stm32f4xx_hal_uart.o
                0x00000000080083e4                HAL_UART_Transmit_DMA
 .text.HAL_UARTEx_ReceiveToIdle_DMA
                0x00000000080084e0       0xca ./Drivers/STM32F4xx_HAL_Driver/Src/stm32f4xx_hal_uart.o
                0x00000000080084e0                HAL_UARTEx_ReceiveToIdle_DMA
 *fill*         0x00000000080085aa        0x2 
 .text.HAL_UART_IRQHandler
                0x00000000080085ac      0x51c ./Drivers/STM32F4xx_HAL_Driver/Src/stm32f4xx_hal_uart.o
                0x00000000080085ac                HAL_UART_IRQHandler
 .text.HAL_UART_TxCpltCallback
                0x0000000008008ac8       0x14 ./Drivers/STM32F4xx_HAL_Driver/Src/stm32f4xx_hal_uart.o
                0x0000000008008ac8                HAL_UART_TxCpltCallback
 .text.HAL_UART_TxHalfCpltCallback
                0x0000000008008adc       0x14 ./Drivers/STM32F4xx_HAL_Driver/Src/stm32f4xx_hal_uart.o
                0x0000000008008adc                HAL_UART_TxHalfCpltCallback
 .text.HAL_UART_RxCpltCallback
                0x0000000008008af0       0x14 ./Drivers/STM32F4xx_HAL_Driver/Src/stm32f4xx_hal_uart.o
                0x0000000008008af0                HAL_UART_RxCpltCallback
 .text.HAL_UART_RxHalfCpltCallback
                0x0000000008008b04       0x14 ./Drivers/STM32F4xx_HAL_Driver/Src/stm32f4xx_hal_uart.o
                0x0000000008008b04                HAL_UART_RxHalfCpltCallback
 .text.HAL_UART_ErrorCallback
                0x0000000008008b18       0x14 ./Drivers/STM32F4xx_HAL_Driver/Src/stm32f4xx_hal_uart.o
                0x0000000008008b18                HAL_UART_ErrorCallback
 .text.UART_DMATransmitCplt
                0x0000000008008b2c       0x9a ./Drivers/STM32F4xx_HAL_Driver/Src/stm32f4xx_hal_uart.o
 .text.UART_DMATxHalfCplt
                0x0000000008008bc6       0x1c ./Drivers/STM32F4xx_HAL_Driver/Src/stm32f4xx_hal_uart.o
 .text.UART_DMAReceiveCplt
                0x0000000008008be2      0x126 ./Drivers/STM32F4xx_HAL_Driver/Src/stm32f4xx_hal_uart.o
 .text.UART_DMARxHalfCplt
                0x0000000008008d08       0x36 ./Drivers/STM32F4xx_HAL_Driver/Src/stm32f4xx_hal_uart.o
 .text.UART_DMAError
                0x0000000008008d3e       0x94 ./Drivers/STM32F4xx_HAL_Driver/Src/stm32f4xx_hal_uart.o
 .text.UART_WaitOnFlagUntilTimeout
                0x0000000008008dd2       0xdc ./Drivers/STM32F4xx_HAL_Driver/Src/stm32f4xx_hal_uart.o
 *fill*         0x0000000008008eae        0x2 
 .text.UART_Start_Receive_DMA
                0x0000000008008eb0      0x13c ./Drivers/STM32F4xx_HAL_Driver/Src/stm32f4xx_hal_uart.o
                0x0000000008008eb0                UART_Start_Receive_DMA
 .text.UART_EndTxTransfer
                0x0000000008008fec       0x50 ./Drivers/STM32F4xx_HAL_Driver/Src/stm32f4xx_hal_uart.o
 .text.UART_EndRxTransfer
                0x000000000800903c       0xc6 ./Drivers/STM32F4xx_HAL_Driver/Src/stm32f4xx_hal_uart.o
 .text.UART_DMAAbortOnError
                0x0000000008009102       0x28 ./Drivers/STM32F4xx_HAL_Driver/Src/stm32f4xx_hal_uart.o
 .text.UART_Transmit_IT
                0x000000000800912a       0xa0 ./Drivers/STM32F4xx_HAL_Driver/Src/stm32f4xx_hal_uart.o
 .text.UART_EndTransmit_IT
                0x00000000080091ca       0x30 ./Drivers/STM32F4xx_HAL_Driver/Src/stm32f4xx_hal_uart.o
 .text.UART_Receive_IT
                0x00000000080091fa      0x176 ./Drivers/STM32F4xx_HAL_Driver/Src/stm32f4xx_hal_uart.o
 .text.UART_SetConfig
                0x0000000008009370      0x4e8 ./Drivers/STM32F4xx_HAL_Driver/Src/stm32f4xx_hal_uart.o
 .text.__errno  0x0000000008009858        0xc c:/st/stm32cubeide_1.11.2/stm32cubeide/plugins/com.st.stm32cube.ide.mcu.externaltools.gnu-tools-for-stm32.10.3-2021.10.win32_1.0.200.202301161003/tools/bin/../lib/gcc/arm-none-eabi/10.3.1/../../../../arm-none-eabi/lib/thumb/v7e-m+fp/hard\libc_nano.a(lib_a-errno.o)
                0x0000000008009858                __errno
 .text.__libc_init_array
                0x0000000008009864       0x48 c:/st/stm32cubeide_1.11.2/stm32cubeide/plugins/com.st.stm32cube.ide.mcu.externaltools.gnu-tools-for-stm32.10.3-2021.10.win32_1.0.200.202301161003/tools/bin/../lib/gcc/arm-none-eabi/10.3.1/../../../../arm-none-eabi/lib/thumb/v7e-m+fp/hard\libc_nano.a(lib_a-init.o)
                0x0000000008009864                __libc_init_array
 .text.memcpy   0x00000000080098ac       0x1c c:/st/stm32cubeide_1.11.2/stm32cubeide/plugins/com.st.stm32cube.ide.mcu.externaltools.gnu-tools-for-stm32.10.3-2021.10.win32_1.0.200.202301161003/tools/bin/../lib/gcc/arm-none-eabi/10.3.1/../../../../arm-none-eabi/lib/thumb/v7e-m+fp/hard\libc_nano.a(lib_a-memcpy-stub.o)
                0x00000000080098ac                memcpy
 .text.memset   0x00000000080098c8       0x10 c:/st/stm32cubeide_1.11.2/stm32cubeide/plugins/com.st.stm32cube.ide.mcu.externaltools.gnu-tools-for-stm32.10.3-2021.10.win32_1.0.200.202301161003/tools/bin/../lib/gcc/arm-none-eabi/10.3.1/../../../../arm-none-eabi/lib/thumb/v7e-m+fp/hard\libc_nano.a(lib_a-memset.o)
                0x00000000080098c8                memset
 .text.__cvt    0x00000000080098d8       0xc4 c:/st/stm32cubeide_1.11.2/stm32cubeide/plugins/com.st.stm32cube.ide.mcu.externaltools.gnu-tools-for-stm32.10.3-2021.10.win32_1.0.200.202301161003/tools/bin/../lib/gcc/arm-none-eabi/10.3.1/../../../../arm-none-eabi/lib/thumb/v7e-m+fp/hard\libc_nano.a(lib_a-nano-vfprintf_float.o)
                0x00000000080098d8                __cvt
 .text.__exponent
                0x000000000800999c       0x7c c:/st/stm32cubeide_1.11.2/stm32cubeide/plugins/com.st.stm32cube.ide.mcu.externaltools.gnu-tools-for-stm32.10.3-2021.10.win32_1.0.200.202301161003/tools/bin/../lib/gcc/arm-none-eabi/10.3.1/../../../../arm-none-eabi/lib/thumb/v7e-m+fp/hard\libc_nano.a(lib_a-nano-vfprintf_float.o)
                0x000000000800999c                __exponent
 .text._printf_float
                0x0000000008009a18      0x46c c:/st/stm32cubeide_1.11.2/stm32cubeide/plugins/com.st.stm32cube.ide.mcu.externaltools.gnu-tools-for-stm32.10.3-2021.10.win32_1.0.200.202301161003/tools/bin/../lib/gcc/arm-none-eabi/10.3.1/../../../../arm-none-eabi/lib/thumb/v7e-m+fp/hard\libc_nano.a(lib_a-nano-vfprintf_float.o)
                0x0000000008009a18                _printf_float
 .text._printf_common
                0x0000000008009e84       0xda c:/st/stm32cubeide_1.11.2/stm32cubeide/plugins/com.st.stm32cube.ide.mcu.externaltools.gnu-tools-for-stm32.10.3-2021.10.win32_1.0.200.202301161003/tools/bin/../lib/gcc/arm-none-eabi/10.3.1/../../../../arm-none-eabi/lib/thumb/v7e-m+fp/hard\libc_nano.a(lib_a-nano-vfprintf_i.o)
                0x0000000008009e84                _printf_common
 *fill*         0x0000000008009f5e        0x2 
 .text._printf_i
                0x0000000008009f60      0x24c c:/st/stm32cubeide_1.11.2/stm32cubeide/plugins/com.st.stm32cube.ide.mcu.externaltools.gnu-tools-for-stm32.10.3-2021.10.win32_1.0.200.202301161003/tools/bin/../lib/gcc/arm-none-eabi/10.3.1/../../../../arm-none-eabi/lib/thumb/v7e-m+fp/hard\libc_nano.a(lib_a-nano-vfprintf_i.o)
                0x0000000008009f60                _printf_i
 .text.printf   0x000000000800a1ac       0x30 c:/st/stm32cubeide_1.11.2/stm32cubeide/plugins/com.st.stm32cube.ide.mcu.externaltools.gnu-tools-for-stm32.10.3-2021.10.win32_1.0.200.202301161003/tools/bin/../lib/gcc/arm-none-eabi/10.3.1/../../../../arm-none-eabi/lib/thumb/v7e-m+fp/hard\libc_nano.a(lib_a-printf.o)
                0x000000000800a1ac                iprintf
                0x000000000800a1ac                printf
 .text._puts_r  0x000000000800a1dc       0xdc c:/st/stm32cubeide_1.11.2/stm32cubeide/plugins/com.st.stm32cube.ide.mcu.externaltools.gnu-tools-for-stm32.10.3-2021.10.win32_1.0.200.202301161003/tools/bin/../lib/gcc/arm-none-eabi/10.3.1/../../../../arm-none-eabi/lib/thumb/v7e-m+fp/hard\libc_nano.a(lib_a-puts.o)
                0x000000000800a1dc                _puts_r
 .text.puts     0x000000000800a2b8       0x10 c:/st/stm32cubeide_1.11.2/stm32cubeide/plugins/com.st.stm32cube.ide.mcu.externaltools.gnu-tools-for-stm32.10.3-2021.10.win32_1.0.200.202301161003/tools/bin/../lib/gcc/arm-none-eabi/10.3.1/../../../../arm-none-eabi/lib/thumb/v7e-m+fp/hard\libc_nano.a(lib_a-puts.o)
                0x000000000800a2b8                puts
 .text.__swbuf_r
                0x000000000800a2c8       0xa4 c:/st/stm32cubeide_1.11.2/stm32cubeide/plugins/com.st.stm32cube.ide.mcu.externaltools.gnu-tools-for-stm32.10.3-2021.10.win32_1.0.200.202301161003/tools/bin/../lib/gcc/arm-none-eabi/10.3.1/../../../../arm-none-eabi/lib/thumb/v7e-m+fp/hard\libc_nano.a(lib_a-wbuf.o)
                0x000000000800a2c8                __swbuf_r
 .text.__swsetup_r
                0x000000000800a36c       0xdc c:/st/stm32cubeide_1.11.2/stm32cubeide/plugins/com.st.stm32cube.ide.mcu.externaltools.gnu-tools-for-stm32.10.3-2021.10.win32_1.0.200.202301161003/tools/bin/../lib/gcc/arm-none-eabi/10.3.1/../../../../arm-none-eabi/lib/thumb/v7e-m+fp/hard\libc_nano.a(lib_a-wsetup.o)
                0x000000000800a36c                __swsetup_r
 .text.quorem   0x000000000800a448      0x116 c:/st/stm32cubeide_1.11.2/stm32cubeide/plugins/com.st.stm32cube.ide.mcu.externaltools.gnu-tools-for-stm32.10.3-2021.10.win32_1.0.200.202301161003/tools/bin/../lib/gcc/arm-none-eabi/10.3.1/../../../../arm-none-eabi/lib/thumb/v7e-m+fp/hard\libc_nano.a(lib_a-dtoa.o)
 *fill*         0x000000000800a55e        0x2 
 .text._dtoa_r  0x000000000800a560      0xbdc c:/st/stm32cubeide_1.11.2/stm32cubeide/plugins/com.st.stm32cube.ide.mcu.externaltools.gnu-tools-for-stm32.10.3-2021.10.win32_1.0.200.202301161003/tools/bin/../lib/gcc/arm-none-eabi/10.3.1/../../../../arm-none-eabi/lib/thumb/v7e-m+fp/hard\libc_nano.a(lib_a-dtoa.o)
                0x000000000800a560                _dtoa_r
 .text.__sflush_r
                0x000000000800b13c      0x10c c:/st/stm32cubeide_1.11.2/stm32cubeide/plugins/com.st.stm32cube.ide.mcu.externaltools.gnu-tools-for-stm32.10.3-2021.10.win32_1.0.200.202301161003/tools/bin/../lib/gcc/arm-none-eabi/10.3.1/../../../../arm-none-eabi/lib/thumb/v7e-m+fp/hard\libc_nano.a(lib_a-fflush.o)
                0x000000000800b13c                __sflush_r
 .text._fflush_r
                0x000000000800b248       0x78 c:/st/stm32cubeide_1.11.2/stm32cubeide/plugins/com.st.stm32cube.ide.mcu.externaltools.gnu-tools-for-stm32.10.3-2021.10.win32_1.0.200.202301161003/tools/bin/../lib/gcc/arm-none-eabi/10.3.1/../../../../arm-none-eabi/lib/thumb/v7e-m+fp/hard\libc_nano.a(lib_a-fflush.o)
                0x000000000800b248                _fflush_r
 .text.std      0x000000000800b2c0       0x48 c:/st/stm32cubeide_1.11.2/stm32cubeide/plugins/com.st.stm32cube.ide.mcu.externaltools.gnu-tools-for-stm32.10.3-2021.10.win32_1.0.200.202301161003/tools/bin/../lib/gcc/arm-none-eabi/10.3.1/../../../../arm-none-eabi/lib/thumb/v7e-m+fp/hard\libc_nano.a(lib_a-findfp.o)
 .text._cleanup_r
                0x000000000800b308        0xc c:/st/stm32cubeide_1.11.2/stm32cubeide/plugins/com.st.stm32cube.ide.mcu.externaltools.gnu-tools-for-stm32.10.3-2021.10.win32_1.0.200.202301161003/tools/bin/../lib/gcc/arm-none-eabi/10.3.1/../../../../arm-none-eabi/lib/thumb/v7e-m+fp/hard\libc_nano.a(lib_a-findfp.o)
                0x000000000800b308                _cleanup_r
 .text.__sfmoreglue
                0x000000000800b314       0x2c c:/st/stm32cubeide_1.11.2/stm32cubeide/plugins/com.st.stm32cube.ide.mcu.externaltools.gnu-tools-for-stm32.10.3-2021.10.win32_1.0.200.202301161003/tools/bin/../lib/gcc/arm-none-eabi/10.3.1/../../../../arm-none-eabi/lib/thumb/v7e-m+fp/hard\libc_nano.a(lib_a-findfp.o)
                0x000000000800b314                __sfmoreglue
 .text.__sfp_lock_acquire
                0x000000000800b340        0xc c:/st/stm32cubeide_1.11.2/stm32cubeide/plugins/com.st.stm32cube.ide.mcu.externaltools.gnu-tools-for-stm32.10.3-2021.10.win32_1.0.200.202301161003/tools/bin/../lib/gcc/arm-none-eabi/10.3.1/../../../../arm-none-eabi/lib/thumb/v7e-m+fp/hard\libc_nano.a(lib_a-findfp.o)
                0x000000000800b340                __sfp_lock_acquire
 .text.__sfp_lock_release
                0x000000000800b34c        0xc c:/st/stm32cubeide_1.11.2/stm32cubeide/plugins/com.st.stm32cube.ide.mcu.externaltools.gnu-tools-for-stm32.10.3-2021.10.win32_1.0.200.202301161003/tools/bin/../lib/gcc/arm-none-eabi/10.3.1/../../../../arm-none-eabi/lib/thumb/v7e-m+fp/hard\libc_nano.a(lib_a-findfp.o)
                0x000000000800b34c                __sfp_lock_release
 .text.__sinit_lock_acquire
                0x000000000800b358        0xc c:/st/stm32cubeide_1.11.2/stm32cubeide/plugins/com.st.stm32cube.ide.mcu.externaltools.gnu-tools-for-stm32.10.3-2021.10.win32_1.0.200.202301161003/tools/bin/../lib/gcc/arm-none-eabi/10.3.1/../../../../arm-none-eabi/lib/thumb/v7e-m+fp/hard\libc_nano.a(lib_a-findfp.o)
                0x000000000800b358                __sinit_lock_acquire
 .text.__sinit_lock_release
                0x000000000800b364        0xc c:/st/stm32cubeide_1.11.2/stm32cubeide/plugins/com.st.stm32cube.ide.mcu.externaltools.gnu-tools-for-stm32.10.3-2021.10.win32_1.0.200.202301161003/tools/bin/../lib/gcc/arm-none-eabi/10.3.1/../../../../arm-none-eabi/lib/thumb/v7e-m+fp/hard\libc_nano.a(lib_a-findfp.o)
                0x000000000800b364                __sinit_lock_release
 .text.__sinit  0x000000000800b370       0x70 c:/st/stm32cubeide_1.11.2/stm32cubeide/plugins/com.st.stm32cube.ide.mcu.externaltools.gnu-tools-for-stm32.10.3-2021.10.win32_1.0.200.202301161003/tools/bin/../lib/gcc/arm-none-eabi/10.3.1/../../../../arm-none-eabi/lib/thumb/v7e-m+fp/hard\libc_nano.a(lib_a-findfp.o)
                0x000000000800b370                __sinit
 .text.__sfp    0x000000000800b3e0       0x8c c:/st/stm32cubeide_1.11.2/stm32cubeide/plugins/com.st.stm32cube.ide.mcu.externaltools.gnu-tools-for-stm32.10.3-2021.10.win32_1.0.200.202301161003/tools/bin/../lib/gcc/arm-none-eabi/10.3.1/../../../../arm-none-eabi/lib/thumb/v7e-m+fp/hard\libc_nano.a(lib_a-findfp.o)
                0x000000000800b3e0                __sfp
 .text._fwalk_reent
                0x000000000800b46c       0x3e c:/st/stm32cubeide_1.11.2/stm32cubeide/plugins/com.st.stm32cube.ide.mcu.externaltools.gnu-tools-for-stm32.10.3-2021.10.win32_1.0.200.202301161003/tools/bin/../lib/gcc/arm-none-eabi/10.3.1/../../../../arm-none-eabi/lib/thumb/v7e-m+fp/hard\libc_nano.a(lib_a-fwalk.o)
                0x000000000800b46c                _fwalk_reent
 *fill*         0x000000000800b4aa        0x2 
 .text._localeconv_r
                0x000000000800b4ac        0x8 c:/st/stm32cubeide_1.11.2/stm32cubeide/plugins/com.st.stm32cube.ide.mcu.externaltools.gnu-tools-for-stm32.10.3-2021.10.win32_1.0.200.202301161003/tools/bin/../lib/gcc/arm-none-eabi/10.3.1/../../../../arm-none-eabi/lib/thumb/v7e-m+fp/hard\libc_nano.a(lib_a-localeconv.o)
                0x000000000800b4ac                _localeconv_r
 .text.__retarget_lock_init_recursive
                0x000000000800b4b4        0x2 c:/st/stm32cubeide_1.11.2/stm32cubeide/plugins/com.st.stm32cube.ide.mcu.externaltools.gnu-tools-for-stm32.10.3-2021.10.win32_1.0.200.202301161003/tools/bin/../lib/gcc/arm-none-eabi/10.3.1/../../../../arm-none-eabi/lib/thumb/v7e-m+fp/hard\libc_nano.a(lib_a-lock.o)
                0x000000000800b4b4                __retarget_lock_init_recursive
 .text.__retarget_lock_acquire_recursive
                0x000000000800b4b6        0x2 c:/st/stm32cubeide_1.11.2/stm32cubeide/plugins/com.st.stm32cube.ide.mcu.externaltools.gnu-tools-for-stm32.10.3-2021.10.win32_1.0.200.202301161003/tools/bin/../lib/gcc/arm-none-eabi/10.3.1/../../../../arm-none-eabi/lib/thumb/v7e-m+fp/hard\libc_nano.a(lib_a-lock.o)
                0x000000000800b4b6                __retarget_lock_acquire_recursive
 .text.__retarget_lock_release_recursive
                0x000000000800b4b8        0x2 c:/st/stm32cubeide_1.11.2/stm32cubeide/plugins/com.st.stm32cube.ide.mcu.externaltools.gnu-tools-for-stm32.10.3-2021.10.win32_1.0.200.202301161003/tools/bin/../lib/gcc/arm-none-eabi/10.3.1/../../../../arm-none-eabi/lib/thumb/v7e-m+fp/hard\libc_nano.a(lib_a-lock.o)
                0x000000000800b4b8                __retarget_lock_release_recursive
 .text.__swhatbuf_r
                0x000000000800b4ba       0x4a c:/st/stm32cubeide_1.11.2/stm32cubeide/plugins/com.st.stm32cube.ide.mcu.externaltools.gnu-tools-for-stm32.10.3-2021.10.win32_1.0.200.202301161003/tools/bin/../lib/gcc/arm-none-eabi/10.3.1/../../../../arm-none-eabi/lib/thumb/v7e-m+fp/hard\libc_nano.a(lib_a-makebuf.o)
                0x000000000800b4ba                __swhatbuf_r
 .text.__smakebuf_r
                0x000000000800b504       0x80 c:/st/stm32cubeide_1.11.2/stm32cubeide/plugins/com.st.stm32cube.ide.mcu.externaltools.gnu-tools-for-stm32.10.3-2021.10.win32_1.0.200.202301161003/tools/bin/../lib/gcc/arm-none-eabi/10.3.1/../../../../arm-none-eabi/lib/thumb/v7e-m+fp/hard\libc_nano.a(lib_a-makebuf.o)
                0x000000000800b504                __smakebuf_r
 .text.malloc   0x000000000800b584       0x10 c:/st/stm32cubeide_1.11.2/stm32cubeide/plugins/com.st.stm32cube.ide.mcu.externaltools.gnu-tools-for-stm32.10.3-2021.10.win32_1.0.200.202301161003/tools/bin/../lib/gcc/arm-none-eabi/10.3.1/../../../../arm-none-eabi/lib/thumb/v7e-m+fp/hard\libc_nano.a(lib_a-malloc.o)
                0x000000000800b584                malloc
 .text._Balloc  0x000000000800b594       0x80 c:/st/stm32cubeide_1.11.2/stm32cubeide/plugins/com.st.stm32cube.ide.mcu.externaltools.gnu-tools-for-stm32.10.3-2021.10.win32_1.0.200.202301161003/tools/bin/../lib/gcc/arm-none-eabi/10.3.1/../../../../arm-none-eabi/lib/thumb/v7e-m+fp/hard\libc_nano.a(lib_a-mprec.o)
                0x000000000800b594                _Balloc
 .text._Bfree   0x000000000800b614       0x44 c:/st/stm32cubeide_1.11.2/stm32cubeide/plugins/com.st.stm32cube.ide.mcu.externaltools.gnu-tools-for-stm32.10.3-2021.10.win32_1.0.200.202301161003/tools/bin/../lib/gcc/arm-none-eabi/10.3.1/../../../../arm-none-eabi/lib/thumb/v7e-m+fp/hard\libc_nano.a(lib_a-mprec.o)
                0x000000000800b614                _Bfree
 .text.__multadd
                0x000000000800b658       0x8c c:/st/stm32cubeide_1.11.2/stm32cubeide/plugins/com.st.stm32cube.ide.mcu.externaltools.gnu-tools-for-stm32.10.3-2021.10.win32_1.0.200.202301161003/tools/bin/../lib/gcc/arm-none-eabi/10.3.1/../../../../arm-none-eabi/lib/thumb/v7e-m+fp/hard\libc_nano.a(lib_a-mprec.o)
                0x000000000800b658                __multadd
 .text.__hi0bits
                0x000000000800b6e4       0x40 c:/st/stm32cubeide_1.11.2/stm32cubeide/plugins/com.st.stm32cube.ide.mcu.externaltools.gnu-tools-for-stm32.10.3-2021.10.win32_1.0.200.202301161003/tools/bin/../lib/gcc/arm-none-eabi/10.3.1/../../../../arm-none-eabi/lib/thumb/v7e-m+fp/hard\libc_nano.a(lib_a-mprec.o)
                0x000000000800b6e4                __hi0bits
 .text.__lo0bits
                0x000000000800b724       0x5e c:/st/stm32cubeide_1.11.2/stm32cubeide/plugins/com.st.stm32cube.ide.mcu.externaltools.gnu-tools-for-stm32.10.3-2021.10.win32_1.0.200.202301161003/tools/bin/../lib/gcc/arm-none-eabi/10.3.1/../../../../arm-none-eabi/lib/thumb/v7e-m+fp/hard\libc_nano.a(lib_a-mprec.o)
                0x000000000800b724                __lo0bits
 *fill*         0x000000000800b782        0x2 
 .text.__i2b    0x000000000800b784       0x2c c:/st/stm32cubeide_1.11.2/stm32cubeide/plugins/com.st.stm32cube.ide.mcu.externaltools.gnu-tools-for-stm32.10.3-2021.10.win32_1.0.200.202301161003/tools/bin/../lib/gcc/arm-none-eabi/10.3.1/../../../../arm-none-eabi/lib/thumb/v7e-m+fp/hard\libc_nano.a(lib_a-mprec.o)
                0x000000000800b784                __i2b
 .text.__multiply
                0x000000000800b7b0      0x154 c:/st/stm32cubeide_1.11.2/stm32cubeide/plugins/com.st.stm32cube.ide.mcu.externaltools.gnu-tools-for-stm32.10.3-2021.10.win32_1.0.200.202301161003/tools/bin/../lib/gcc/arm-none-eabi/10.3.1/../../../../arm-none-eabi/lib/thumb/v7e-m+fp/hard\libc_nano.a(lib_a-mprec.o)
                0x000000000800b7b0                __multiply
 .text.__pow5mult
                0x000000000800b904       0xb4 c:/st/stm32cubeide_1.11.2/stm32cubeide/plugins/com.st.stm32cube.ide.mcu.externaltools.gnu-tools-for-stm32.10.3-2021.10.win32_1.0.200.202301161003/tools/bin/../lib/gcc/arm-none-eabi/10.3.1/../../../../arm-none-eabi/lib/thumb/v7e-m+fp/hard\libc_nano.a(lib_a-mprec.o)
                0x000000000800b904                __pow5mult
 .text.__lshift
                0x000000000800b9b8       0xe0 c:/st/stm32cubeide_1.11.2/stm32cubeide/plugins/com.st.stm32cube.ide.mcu.externaltools.gnu-tools-for-stm32.10.3-2021.10.win32_1.0.200.202301161003/tools/bin/../lib/gcc/arm-none-eabi/10.3.1/../../../../arm-none-eabi/lib/thumb/v7e-m+fp/hard\libc_nano.a(lib_a-mprec.o)
                0x000000000800b9b8                __lshift
 .text.__mcmp   0x000000000800ba98       0x38 c:/st/stm32cubeide_1.11.2/stm32cubeide/plugins/com.st.stm32cube.ide.mcu.externaltools.gnu-tools-for-stm32.10.3-2021.10.win32_1.0.200.202301161003/tools/bin/../lib/gcc/arm-none-eabi/10.3.1/../../../../arm-none-eabi/lib/thumb/v7e-m+fp/hard\libc_nano.a(lib_a-mprec.o)
                0x000000000800ba98                __mcmp
 .text.__mdiff  0x000000000800bad0      0x114 c:/st/stm32cubeide_1.11.2/stm32cubeide/plugins/com.st.stm32cube.ide.mcu.externaltools.gnu-tools-for-stm32.10.3-2021.10.win32_1.0.200.202301161003/tools/bin/../lib/gcc/arm-none-eabi/10.3.1/../../../../arm-none-eabi/lib/thumb/v7e-m+fp/hard\libc_nano.a(lib_a-mprec.o)
                0x000000000800bad0                __mdiff
 .text.__d2b    0x000000000800bbe4       0xb8 c:/st/stm32cubeide_1.11.2/stm32cubeide/plugins/com.st.stm32cube.ide.mcu.externaltools.gnu-tools-for-stm32.10.3-2021.10.win32_1.0.200.202301161003/tools/bin/../lib/gcc/arm-none-eabi/10.3.1/../../../../arm-none-eabi/lib/thumb/v7e-m+fp/hard\libc_nano.a(lib_a-mprec.o)
                0x000000000800bbe4                __d2b
 .text._calloc_r
                0x000000000800bc9c       0x2c c:/st/stm32cubeide_1.11.2/stm32cubeide/plugins/com.st.stm32cube.ide.mcu.externaltools.gnu-tools-for-stm32.10.3-2021.10.win32_1.0.200.202301161003/tools/bin/../lib/gcc/arm-none-eabi/10.3.1/../../../../arm-none-eabi/lib/thumb/v7e-m+fp/hard\libc_nano.a(lib_a-nano-callocr.o)
                0x000000000800bc9c                _calloc_r
 .text._free_r  0x000000000800bcc8       0x98 c:/st/stm32cubeide_1.11.2/stm32cubeide/plugins/com.st.stm32cube.ide.mcu.externaltools.gnu-tools-for-stm32.10.3-2021.10.win32_1.0.200.202301161003/tools/bin/../lib/gcc/arm-none-eabi/10.3.1/../../../../arm-none-eabi/lib/thumb/v7e-m+fp/hard\libc_nano.a(lib_a-nano-freer.o)
                0x000000000800bcc8                _free_r
 .text.sbrk_aligned
                0x000000000800bd60       0x40 c:/st/stm32cubeide_1.11.2/stm32cubeide/plugins/com.st.stm32cube.ide.mcu.externaltools.gnu-tools-for-stm32.10.3-2021.10.win32_1.0.200.202301161003/tools/bin/../lib/gcc/arm-none-eabi/10.3.1/../../../../arm-none-eabi/lib/thumb/v7e-m+fp/hard\libc_nano.a(lib_a-nano-mallocr.o)
 .text._malloc_r
                0x000000000800bda0       0xe8 c:/st/stm32cubeide_1.11.2/stm32cubeide/plugins/com.st.stm32cube.ide.mcu.externaltools.gnu-tools-for-stm32.10.3-2021.10.win32_1.0.200.202301161003/tools/bin/../lib/gcc/arm-none-eabi/10.3.1/../../../../arm-none-eabi/lib/thumb/v7e-m+fp/hard\libc_nano.a(lib_a-nano-mallocr.o)
                0x000000000800bda0                _malloc_r
 .text.__sfputc_r
                0x000000000800be88       0x2e c:/st/stm32cubeide_1.11.2/stm32cubeide/plugins/com.st.stm32cube.ide.mcu.externaltools.gnu-tools-for-stm32.10.3-2021.10.win32_1.0.200.202301161003/tools/bin/../lib/gcc/arm-none-eabi/10.3.1/../../../../arm-none-eabi/lib/thumb/v7e-m+fp/hard\libc_nano.a(lib_a-nano-vfprintf.o)
 .text.__sfputs_r
                0x000000000800beb6       0x24 c:/st/stm32cubeide_1.11.2/stm32cubeide/plugins/com.st.stm32cube.ide.mcu.externaltools.gnu-tools-for-stm32.10.3-2021.10.win32_1.0.200.202301161003/tools/bin/../lib/gcc/arm-none-eabi/10.3.1/../../../../arm-none-eabi/lib/thumb/v7e-m+fp/hard\libc_nano.a(lib_a-nano-vfprintf.o)
                0x000000000800beb6                __sfputs_r
 *fill*         0x000000000800beda        0x2 
 .text._vfprintf_r
                0x000000000800bedc      0x260 c:/st/stm32cubeide_1.11.2/stm32cubeide/plugins/com.st.stm32cube.ide.mcu.externaltools.gnu-tools-for-stm32.10.3-2021.10.win32_1.0.200.202301161003/tools/bin/../lib/gcc/arm-none-eabi/10.3.1/../../../../arm-none-eabi/lib/thumb/v7e-m+fp/hard\libc_nano.a(lib_a-nano-vfprintf.o)
                0x000000000800bedc                _vfprintf_r
                0x000000000800bedc                _vfiprintf_r
 .text._sbrk_r  0x000000000800c13c       0x20 c:/st/stm32cubeide_1.11.2/stm32cubeide/plugins/com.st.stm32cube.ide.mcu.externaltools.gnu-tools-for-stm32.10.3-2021.10.win32_1.0.200.202301161003/tools/bin/../lib/gcc/arm-none-eabi/10.3.1/../../../../arm-none-eabi/lib/thumb/v7e-m+fp/hard\libc_nano.a(lib_a-sbrkr.o)
                0x000000000800c13c                _sbrk_r
 .text.__sread  0x000000000800c15c       0x22 c:/st/stm32cubeide_1.11.2/stm32cubeide/plugins/com.st.stm32cube.ide.mcu.externaltools.gnu-tools-for-stm32.10.3-2021.10.win32_1.0.200.202301161003/tools/bin/../lib/gcc/arm-none-eabi/10.3.1/../../../../arm-none-eabi/lib/thumb/v7e-m+fp/hard\libc_nano.a(lib_a-stdio.o)
                0x000000000800c15c                __sread
 .text.__swrite
                0x000000000800c17e       0x38 c:/st/stm32cubeide_1.11.2/stm32cubeide/plugins/com.st.stm32cube.ide.mcu.externaltools.gnu-tools-for-stm32.10.3-2021.10.win32_1.0.200.202301161003/tools/bin/../lib/gcc/arm-none-eabi/10.3.1/../../../../arm-none-eabi/lib/thumb/v7e-m+fp/hard\libc_nano.a(lib_a-stdio.o)
                0x000000000800c17e                __swrite
 .text.__sseek  0x000000000800c1b6       0x24 c:/st/stm32cubeide_1.11.2/stm32cubeide/plugins/com.st.stm32cube.ide.mcu.externaltools.gnu-tools-for-stm32.10.3-2021.10.win32_1.0.200.202301161003/tools/bin/../lib/gcc/arm-none-eabi/10.3.1/../../../../arm-none-eabi/lib/thumb/v7e-m+fp/hard\libc_nano.a(lib_a-stdio.o)
                0x000000000800c1b6                __sseek
 .text.__sclose
                0x000000000800c1da        0x8 c:/st/stm32cubeide_1.11.2/stm32cubeide/plugins/com.st.stm32cube.ide.mcu.externaltools.gnu-tools-for-stm32.10.3-2021.10.win32_1.0.200.202301161003/tools/bin/../lib/gcc/arm-none-eabi/10.3.1/../../../../arm-none-eabi/lib/thumb/v7e-m+fp/hard\libc_nano.a(lib_a-stdio.o)
                0x000000000800c1da                __sclose
 *fill*         0x000000000800c1e2        0x2 
 .text._write_r
                0x000000000800c1e4       0x24 c:/st/stm32cubeide_1.11.2/stm32cubeide/plugins/com.st.stm32cube.ide.mcu.externaltools.gnu-tools-for-stm32.10.3-2021.10.win32_1.0.200.202301161003/tools/bin/../lib/gcc/arm-none-eabi/10.3.1/../../../../arm-none-eabi/lib/thumb/v7e-m+fp/hard\libc_nano.a(lib_a-writer.o)
                0x000000000800c1e4                _write_r
 .text.__assert_func
                0x000000000800c208       0x3c c:/st/stm32cubeide_1.11.2/stm32cubeide/plugins/com.st.stm32cube.ide.mcu.externaltools.gnu-tools-for-stm32.10.3-2021.10.win32_1.0.200.202301161003/tools/bin/../lib/gcc/arm-none-eabi/10.3.1/../../../../arm-none-eabi/lib/thumb/v7e-m+fp/hard\libc_nano.a(lib_a-assert.o)
                0x000000000800c208                __assert_func
 .text._close_r
                0x000000000800c244       0x20 c:/st/stm32cubeide_1.11.2/stm32cubeide/plugins/com.st.stm32cube.ide.mcu.externaltools.gnu-tools-for-stm32.10.3-2021.10.win32_1.0.200.202301161003/tools/bin/../lib/gcc/arm-none-eabi/10.3.1/../../../../arm-none-eabi/lib/thumb/v7e-m+fp/hard\libc_nano.a(lib_a-closer.o)
                0x000000000800c244                _close_r
 .text.fprintf  0x000000000800c264       0x24 c:/st/stm32cubeide_1.11.2/stm32cubeide/plugins/com.st.stm32cube.ide.mcu.externaltools.gnu-tools-for-stm32.10.3-2021.10.win32_1.0.200.202301161003/tools/bin/../lib/gcc/arm-none-eabi/10.3.1/../../../../arm-none-eabi/lib/thumb/v7e-m+fp/hard\libc_nano.a(lib_a-fprintf.o)
                0x000000000800c264                fiprintf
                0x000000000800c264                fprintf
 .text._fstat_r
                0x000000000800c288       0x24 c:/st/stm32cubeide_1.11.2/stm32cubeide/plugins/com.st.stm32cube.ide.mcu.externaltools.gnu-tools-for-stm32.10.3-2021.10.win32_1.0.200.202301161003/tools/bin/../lib/gcc/arm-none-eabi/10.3.1/../../../../arm-none-eabi/lib/thumb/v7e-m+fp/hard\libc_nano.a(lib_a-fstatr.o)
                0x000000000800c288                _fstat_r
 .text._isatty_r
                0x000000000800c2ac       0x20 c:/st/stm32cubeide_1.11.2/stm32cubeide/plugins/com.st.stm32cube.ide.mcu.externaltools.gnu-tools-for-stm32.10.3-2021.10.win32_1.0.200.202301161003/tools/bin/../lib/gcc/arm-none-eabi/10.3.1/../../../../arm-none-eabi/lib/thumb/v7e-m+fp/hard\libc_nano.a(lib_a-isattyr.o)
                0x000000000800c2ac                _isatty_r
 .text._lseek_r
                0x000000000800c2cc       0x24 c:/st/stm32cubeide_1.11.2/stm32cubeide/plugins/com.st.stm32cube.ide.mcu.externaltools.gnu-tools-for-stm32.10.3-2021.10.win32_1.0.200.202301161003/tools/bin/../lib/gcc/arm-none-eabi/10.3.1/../../../../arm-none-eabi/lib/thumb/v7e-m+fp/hard\libc_nano.a(lib_a-lseekr.o)
                0x000000000800c2cc                _lseek_r
 .text.__ascii_mbtowc
                0x000000000800c2f0       0x24 c:/st/stm32cubeide_1.11.2/stm32cubeide/plugins/com.st.stm32cube.ide.mcu.externaltools.gnu-tools-for-stm32.10.3-2021.10.win32_1.0.200.202301161003/tools/bin/../lib/gcc/arm-none-eabi/10.3.1/../../../../arm-none-eabi/lib/thumb/v7e-m+fp/hard\libc_nano.a(lib_a-mbtowc_r.o)
                0x000000000800c2f0                __ascii_mbtowc
 .text.__malloc_lock
                0x000000000800c314        0xc c:/st/stm32cubeide_1.11.2/stm32cubeide/plugins/com.st.stm32cube.ide.mcu.externaltools.gnu-tools-for-stm32.10.3-2021.10.win32_1.0.200.202301161003/tools/bin/../lib/gcc/arm-none-eabi/10.3.1/../../../../arm-none-eabi/lib/thumb/v7e-m+fp/hard\libc_nano.a(lib_a-mlock.o)
                0x000000000800c314                __malloc_lock
 .text.__malloc_unlock
                0x000000000800c320        0xc c:/st/stm32cubeide_1.11.2/stm32cubeide/plugins/com.st.stm32cube.ide.mcu.externaltools.gnu-tools-for-stm32.10.3-2021.10.win32_1.0.200.202301161003/tools/bin/../lib/gcc/arm-none-eabi/10.3.1/../../../../arm-none-eabi/lib/thumb/v7e-m+fp/hard\libc_nano.a(lib_a-mlock.o)
                0x000000000800c320                __malloc_unlock
 .text._read_r  0x000000000800c32c       0x24 c:/st/stm32cubeide_1.11.2/stm32cubeide/plugins/com.st.stm32cube.ide.mcu.externaltools.gnu-tools-for-stm32.10.3-2021.10.win32_1.0.200.202301161003/tools/bin/../lib/gcc/arm-none-eabi/10.3.1/../../../../arm-none-eabi/lib/thumb/v7e-m+fp/hard\libc_nano.a(lib_a-readr.o)
                0x000000000800c32c                _read_r
 .text.__ascii_wctomb
                0x000000000800c350       0x1a c:/st/stm32cubeide_1.11.2/stm32cubeide/plugins/com.st.stm32cube.ide.mcu.externaltools.gnu-tools-for-stm32.10.3-2021.10.win32_1.0.200.202301161003/tools/bin/../lib/gcc/arm-none-eabi/10.3.1/../../../../arm-none-eabi/lib/thumb/v7e-m+fp/hard\libc_nano.a(lib_a-wctomb_r.o)
                0x000000000800c350                __ascii_wctomb
 .text.abort    0x000000000800c36a        0xe c:/st/stm32cubeide_1.11.2/stm32cubeide/plugins/com.st.stm32cube.ide.mcu.externaltools.gnu-tools-for-stm32.10.3-2021.10.win32_1.0.200.202301161003/tools/bin/../lib/gcc/arm-none-eabi/10.3.1/../../../../arm-none-eabi/lib/thumb/v7e-m+fp/hard\libc_nano.a(lib_a-abort.o)
                0x000000000800c36a                abort
 .text._raise_r
                0x000000000800c378       0x50 c:/st/stm32cubeide_1.11.2/stm32cubeide/plugins/com.st.stm32cube.ide.mcu.externaltools.gnu-tools-for-stm32.10.3-2021.10.win32_1.0.200.202301161003/tools/bin/../lib/gcc/arm-none-eabi/10.3.1/../../../../arm-none-eabi/lib/thumb/v7e-m+fp/hard\libc_nano.a(lib_a-signal.o)
                0x000000000800c378                _raise_r
 .text.raise    0x000000000800c3c8       0x10 c:/st/stm32cubeide_1.11.2/stm32cubeide/plugins/com.st.stm32cube.ide.mcu.externaltools.gnu-tools-for-stm32.10.3-2021.10.win32_1.0.200.202301161003/tools/bin/../lib/gcc/arm-none-eabi/10.3.1/../../../../arm-none-eabi/lib/thumb/v7e-m+fp/hard\libc_nano.a(lib_a-signal.o)
                0x000000000800c3c8                raise
 .text._kill_r  0x000000000800c3d8       0x24 c:/st/stm32cubeide_1.11.2/stm32cubeide/plugins/com.st.stm32cube.ide.mcu.externaltools.gnu-tools-for-stm32.10.3-2021.10.win32_1.0.200.202301161003/tools/bin/../lib/gcc/arm-none-eabi/10.3.1/../../../../arm-none-eabi/lib/thumb/v7e-m+fp/hard\libc_nano.a(lib_a-signalr.o)
                0x000000000800c3d8                _kill_r
 .text._getpid_r
                0x000000000800c3fc        0x4 c:/st/stm32cubeide_1.11.2/stm32cubeide/plugins/com.st.stm32cube.ide.mcu.externaltools.gnu-tools-for-stm32.10.3-2021.10.win32_1.0.200.202301161003/tools/bin/../lib/gcc/arm-none-eabi/10.3.1/../../../../arm-none-eabi/lib/thumb/v7e-m+fp/hard\libc_nano.a(lib_a-signalr.o)
                0x000000000800c3fc                _getpid_r
 *(.glue_7)
 .glue_7        0x000000000800c400        0x0 linker stubs
 *(.glue_7t)
 .glue_7t       0x000000000800c400        0x0 linker stubs
 *(.eh_frame)
 .eh_frame      0x000000000800c400        0x0 c:/st/stm32cubeide_1.11.2/stm32cubeide/plugins/com.st.stm32cube.ide.mcu.externaltools.gnu-tools-for-stm32.10.3-2021.10.win32_1.0.200.202301161003/tools/bin/../lib/gcc/arm-none-eabi/10.3.1/thumb/v7e-m+fp/hard/crtbegin.o
 *(.init)
 .init          0x000000000800c400        0x4 c:/st/stm32cubeide_1.11.2/stm32cubeide/plugins/com.st.stm32cube.ide.mcu.externaltools.gnu-tools-for-stm32.10.3-2021.10.win32_1.0.200.202301161003/tools/bin/../lib/gcc/arm-none-eabi/10.3.1/thumb/v7e-m+fp/hard/crti.o
                0x000000000800c400                _init
 .init          0x000000000800c404        0x8 c:/st/stm32cubeide_1.11.2/stm32cubeide/plugins/com.st.stm32cube.ide.mcu.externaltools.gnu-tools-for-stm32.10.3-2021.10.win32_1.0.200.202301161003/tools/bin/../lib/gcc/arm-none-eabi/10.3.1/thumb/v7e-m+fp/hard/crtn.o
 *(.fini)
 .fini          0x000000000800c40c        0x4 c:/st/stm32cubeide_1.11.2/stm32cubeide/plugins/com.st.stm32cube.ide.mcu.externaltools.gnu-tools-for-stm32.10.3-2021.10.win32_1.0.200.202301161003/tools/bin/../lib/gcc/arm-none-eabi/10.3.1/thumb/v7e-m+fp/hard/crti.o
                0x000000000800c40c                _fini
 .fini          0x000000000800c410        0x8 c:/st/stm32cubeide_1.11.2/stm32cubeide/plugins/com.st.stm32cube.ide.mcu.externaltools.gnu-tools-for-stm32.10.3-2021.10.win32_1.0.200.202301161003/tools/bin/../lib/gcc/arm-none-eabi/10.3.1/thumb/v7e-m+fp/hard/crtn.o
                0x000000000800c418                . = ALIGN (0x4)
                0x000000000800c418                _etext = .

.vfp11_veneer   0x000000000800c418        0x0
 .vfp11_veneer  0x000000000800c418        0x0 linker stubs

.v4_bx          0x000000000800c418        0x0
 .v4_bx         0x000000000800c418        0x0 linker stubs

.iplt           0x000000000800c418        0x0
 .iplt          0x000000000800c418        0x0 c:/st/stm32cubeide_1.11.2/stm32cubeide/plugins/com.st.stm32cube.ide.mcu.externaltools.gnu-tools-for-stm32.10.3-2021.10.win32_1.0.200.202301161003/tools/bin/../lib/gcc/arm-none-eabi/10.3.1/thumb/v7e-m+fp/hard/crtbegin.o

.rodata         0x000000000800c418      0xe0c
                0x000000000800c418                . = ALIGN (0x4)
 *(.rodata)
 .rodata        0x000000000800c418      0x958 ./Core/Src/IMU_rel/IMU_ALL.o
 .rodata        0x000000000800cd70       0x45 ./Core/Src/main.o
 *(.rodata*)
 *fill*         0x000000000800cdb5        0x3 
 .rodata.xid_decode_table
                0x000000000800cdb8       0x74 ./Core/Src/IMU_rel/xsens_mdata2.o
 .rodata.AHBPrescTable
                0x000000000800ce2c       0x10 ./Core/Src/system_stm32f4xx.o
                0x000000000800ce2c                AHBPrescTable
 .rodata.APBPrescTable
                0x000000000800ce3c        0x8 ./Core/Src/system_stm32f4xx.o
                0x000000000800ce3c                APBPrescTable
 .rodata.flagBitshiftOffset.0
                0x000000000800ce44        0x8 ./Drivers/STM32F4xx_HAL_Driver/Src/stm32f4xx_hal_dma.o
 .rodata._global_impure_ptr
                0x000000000800ce4c        0x4 c:/st/stm32cubeide_1.11.2/stm32cubeide/plugins/com.st.stm32cube.ide.mcu.externaltools.gnu-tools-for-stm32.10.3-2021.10.win32_1.0.200.202301161003/tools/bin/../lib/gcc/arm-none-eabi/10.3.1/../../../../arm-none-eabi/lib/thumb/v7e-m+fp/hard\libc_nano.a(lib_a-impure.o)
                0x000000000800ce4c                _global_impure_ptr
 .rodata._printf_float.str1.1
                0x000000000800ce50       0x12 c:/st/stm32cubeide_1.11.2/stm32cubeide/plugins/com.st.stm32cube.ide.mcu.externaltools.gnu-tools-for-stm32.10.3-2021.10.win32_1.0.200.202301161003/tools/bin/../lib/gcc/arm-none-eabi/10.3.1/../../../../arm-none-eabi/lib/thumb/v7e-m+fp/hard\libc_nano.a(lib_a-nano-vfprintf_float.o)
 .rodata._printf_i.str1.1
                0x000000000800ce62       0x22 c:/st/stm32cubeide_1.11.2/stm32cubeide/plugins/com.st.stm32cube.ide.mcu.externaltools.gnu-tools-for-stm32.10.3-2021.10.win32_1.0.200.202301161003/tools/bin/../lib/gcc/arm-none-eabi/10.3.1/../../../../arm-none-eabi/lib/thumb/v7e-m+fp/hard\libc_nano.a(lib_a-nano-vfprintf_i.o)
 .rodata._dtoa_r.str1.1
                0x000000000800ce84       0x90 c:/st/stm32cubeide_1.11.2/stm32cubeide/plugins/com.st.stm32cube.ide.mcu.externaltools.gnu-tools-for-stm32.10.3-2021.10.win32_1.0.200.202301161003/tools/bin/../lib/gcc/arm-none-eabi/10.3.1/../../../../arm-none-eabi/lib/thumb/v7e-m+fp/hard\libc_nano.a(lib_a-dtoa.o)
                                         0x92 (size before relaxing)
 .rodata.__sf_fake_stderr
                0x000000000800cf14       0x20 c:/st/stm32cubeide_1.11.2/stm32cubeide/plugins/com.st.stm32cube.ide.mcu.externaltools.gnu-tools-for-stm32.10.3-2021.10.win32_1.0.200.202301161003/tools/bin/../lib/gcc/arm-none-eabi/10.3.1/../../../../arm-none-eabi/lib/thumb/v7e-m+fp/hard\libc_nano.a(lib_a-findfp.o)
                0x000000000800cf14                __sf_fake_stderr
 .rodata.__sf_fake_stdin
                0x000000000800cf34       0x20 c:/st/stm32cubeide_1.11.2/stm32cubeide/plugins/com.st.stm32cube.ide.mcu.externaltools.gnu-tools-for-stm32.10.3-2021.10.win32_1.0.200.202301161003/tools/bin/../lib/gcc/arm-none-eabi/10.3.1/../../../../arm-none-eabi/lib/thumb/v7e-m+fp/hard\libc_nano.a(lib_a-findfp.o)
                0x000000000800cf34                __sf_fake_stdin
 .rodata.__sf_fake_stdout
                0x000000000800cf54       0x20 c:/st/stm32cubeide_1.11.2/stm32cubeide/plugins/com.st.stm32cube.ide.mcu.externaltools.gnu-tools-for-stm32.10.3-2021.10.win32_1.0.200.202301161003/tools/bin/../lib/gcc/arm-none-eabi/10.3.1/../../../../arm-none-eabi/lib/thumb/v7e-m+fp/hard\libc_nano.a(lib_a-findfp.o)
                0x000000000800cf54                __sf_fake_stdout
 .rodata._Balloc.str1.1
                0x000000000800cf74       0x5c c:/st/stm32cubeide_1.11.2/stm32cubeide/plugins/com.st.stm32cube.ide.mcu.externaltools.gnu-tools-for-stm32.10.3-2021.10.win32_1.0.200.202301161003/tools/bin/../lib/gcc/arm-none-eabi/10.3.1/../../../../arm-none-eabi/lib/thumb/v7e-m+fp/hard\libc_nano.a(lib_a-mprec.o)
                                         0x73 (size before relaxing)
 .rodata.__multadd.str1.1
                0x000000000800cfd0       0x11 c:/st/stm32cubeide_1.11.2/stm32cubeide/plugins/com.st.stm32cube.ide.mcu.externaltools.gnu-tools-for-stm32.10.3-2021.10.win32_1.0.200.202301161003/tools/bin/../lib/gcc/arm-none-eabi/10.3.1/../../../../arm-none-eabi/lib/thumb/v7e-m+fp/hard\libc_nano.a(lib_a-mprec.o)
 .rodata.__mprec_bigtens
                0x000000000800cfd0       0x28 c:/st/stm32cubeide_1.11.2/stm32cubeide/plugins/com.st.stm32cube.ide.mcu.externaltools.gnu-tools-for-stm32.10.3-2021.10.win32_1.0.200.202301161003/tools/bin/../lib/gcc/arm-none-eabi/10.3.1/../../../../arm-none-eabi/lib/thumb/v7e-m+fp/hard\libc_nano.a(lib_a-mprec.o)
                0x000000000800cfd0                __mprec_bigtens
 .rodata.__mprec_tens
                0x000000000800cff8       0xc8 c:/st/stm32cubeide_1.11.2/stm32cubeide/plugins/com.st.stm32cube.ide.mcu.externaltools.gnu-tools-for-stm32.10.3-2021.10.win32_1.0.200.202301161003/tools/bin/../lib/gcc/arm-none-eabi/10.3.1/../../../../arm-none-eabi/lib/thumb/v7e-m+fp/hard\libc_nano.a(lib_a-mprec.o)
                0x000000000800cff8                __mprec_tens
 .rodata.p05.0  0x000000000800d0c0        0xc c:/st/stm32cubeide_1.11.2/stm32cubeide/plugins/com.st.stm32cube.ide.mcu.externaltools.gnu-tools-for-stm32.10.3-2021.10.win32_1.0.200.202301161003/tools/bin/../lib/gcc/arm-none-eabi/10.3.1/../../../../arm-none-eabi/lib/thumb/v7e-m+fp/hard\libc_nano.a(lib_a-mprec.o)
 .rodata._vfprintf_r.str1.1
                0x000000000800d0cc       0x11 c:/st/stm32cubeide_1.11.2/stm32cubeide/plugins/com.st.stm32cube.ide.mcu.externaltools.gnu-tools-for-stm32.10.3-2021.10.win32_1.0.200.202301161003/tools/bin/../lib/gcc/arm-none-eabi/10.3.1/../../../../arm-none-eabi/lib/thumb/v7e-m+fp/hard\libc_nano.a(lib_a-nano-vfprintf.o)
 .rodata.__assert_func.str1.1
                0x000000000800d0dd       0x3c c:/st/stm32cubeide_1.11.2/stm32cubeide/plugins/com.st.stm32cube.ide.mcu.externaltools.gnu-tools-for-stm32.10.3-2021.10.win32_1.0.200.202301161003/tools/bin/../lib/gcc/arm-none-eabi/10.3.1/../../../../arm-none-eabi/lib/thumb/v7e-m+fp/hard\libc_nano.a(lib_a-assert.o)
                                         0x3d (size before relaxing)
 .rodata._setlocale_r.str1.1
                0x000000000800d119        0x8 c:/st/stm32cubeide_1.11.2/stm32cubeide/plugins/com.st.stm32cube.ide.mcu.externaltools.gnu-tools-for-stm32.10.3-2021.10.win32_1.0.200.202301161003/tools/bin/../lib/gcc/arm-none-eabi/10.3.1/../../../../arm-none-eabi/lib/thumb/v7e-m+fp/hard\libc_nano.a(lib_a-locale.o)
                                          0x9 (size before relaxing)
 .rodata.str1.1
                0x000000000800d121        0x2 c:/st/stm32cubeide_1.11.2/stm32cubeide/plugins/com.st.stm32cube.ide.mcu.externaltools.gnu-tools-for-stm32.10.3-2021.10.win32_1.0.200.202301161003/tools/bin/../lib/gcc/arm-none-eabi/10.3.1/../../../../arm-none-eabi/lib/thumb/v7e-m+fp/hard\libc_nano.a(lib_a-locale.o)
 .rodata._ctype_
                0x000000000800d123      0x101 c:/st/stm32cubeide_1.11.2/stm32cubeide/plugins/com.st.stm32cube.ide.mcu.externaltools.gnu-tools-for-stm32.10.3-2021.10.win32_1.0.200.202301161003/tools/bin/../lib/gcc/arm-none-eabi/10.3.1/../../../../arm-none-eabi/lib/thumb/v7e-m+fp/hard\libc_nano.a(lib_a-ctype_.o)
                0x000000000800d123                _ctype_
                0x000000000800d224                . = ALIGN (0x4)

.ARM.extab      0x000000000800d224        0x0
                0x000000000800d224                . = ALIGN (0x4)
 *(.ARM.extab* .gnu.linkonce.armextab.*)
                0x000000000800d224                . = ALIGN (0x4)

.ARM            0x000000000800d224        0x8
                0x000000000800d224                . = ALIGN (0x4)
                0x000000000800d224                __exidx_start = .
 *(.ARM.exidx*)
 .ARM.exidx     0x000000000800d224        0x8 c:/st/stm32cubeide_1.11.2/stm32cubeide/plugins/com.st.stm32cube.ide.mcu.externaltools.gnu-tools-for-stm32.10.3-2021.10.win32_1.0.200.202301161003/tools/bin/../lib/gcc/arm-none-eabi/10.3.1/thumb/v7e-m+fp/hard\libgcc.a(_udivmoddi4.o)
                0x000000000800d22c                __exidx_end = .
                0x000000000800d22c                . = ALIGN (0x4)

.rel.dyn        0x000000000800d22c        0x0
 .rel.iplt      0x000000000800d22c        0x0 c:/st/stm32cubeide_1.11.2/stm32cubeide/plugins/com.st.stm32cube.ide.mcu.externaltools.gnu-tools-for-stm32.10.3-2021.10.win32_1.0.200.202301161003/tools/bin/../lib/gcc/arm-none-eabi/10.3.1/thumb/v7e-m+fp/hard/crtbegin.o

.preinit_array  0x000000000800d22c        0x0
                0x000000000800d22c                . = ALIGN (0x4)
                0x000000000800d22c                PROVIDE (__preinit_array_start = .)
 *(.preinit_array*)
                0x000000000800d22c                PROVIDE (__preinit_array_end = .)
                0x000000000800d22c                . = ALIGN (0x4)

.init_array     0x000000000800d22c        0x4
                0x000000000800d22c                . = ALIGN (0x4)
                0x000000000800d22c                PROVIDE (__init_array_start = .)
 *(SORT_BY_NAME(.init_array.*))
 *(.init_array*)
 .init_array    0x000000000800d22c        0x4 c:/st/stm32cubeide_1.11.2/stm32cubeide/plugins/com.st.stm32cube.ide.mcu.externaltools.gnu-tools-for-stm32.10.3-2021.10.win32_1.0.200.202301161003/tools/bin/../lib/gcc/arm-none-eabi/10.3.1/thumb/v7e-m+fp/hard/crtbegin.o
                0x000000000800d230                PROVIDE (__init_array_end = .)
                0x000000000800d230                . = ALIGN (0x4)

.fini_array     0x000000000800d230        0x4
                0x000000000800d230                . = ALIGN (0x4)
                [!provide]                        PROVIDE (__fini_array_start = .)
 *(SORT_BY_NAME(.fini_array.*))
 *(.fini_array*)
 .fini_array    0x000000000800d230        0x4 c:/st/stm32cubeide_1.11.2/stm32cubeide/plugins/com.st.stm32cube.ide.mcu.externaltools.gnu-tools-for-stm32.10.3-2021.10.win32_1.0.200.202301161003/tools/bin/../lib/gcc/arm-none-eabi/10.3.1/thumb/v7e-m+fp/hard/crtbegin.o
                [!provide]                        PROVIDE (__fini_array_end = .)
                0x000000000800d234                . = ALIGN (0x4)
                0x000000000800d234                _sidata = LOADADDR (.data)

.data           0x0000000020000000      0x2ec load address 0x000000000800d234
                0x0000000020000000                . = ALIGN (0x4)
                0x0000000020000000                _sdata = .
 *(.data)
 *(.data*)
 .data.inbound_handler_table
                0x0000000020000000      0x110 ./Core/Src/IMU_rel/xsens_mti.o
                0x0000000020000000                inbound_handler_table
 .data.SystemCoreClock
                0x0000000020000110        0x4 ./Core/Src/system_stm32f4xx.o
                0x0000000020000110                SystemCoreClock
 .data.uwTickPrio
                0x0000000020000114        0x4 ./Drivers/STM32F4xx_HAL_Driver/Src/stm32f4xx_hal.o
                0x0000000020000114                uwTickPrio
 .data.uwTickFreq
                0x0000000020000118        0x1 ./Drivers/STM32F4xx_HAL_Driver/Src/stm32f4xx_hal.o
                0x0000000020000118                uwTickFreq