Archive member included to satisfy reference by file (symbol)

C:/ST/STM32CubeIDE_1.13.1/STM32CubeIDE/plugins/com.st.stm32cube.ide.mcu.externaltools.gnu-tools-for-stm32.11.3.rel1.win32_1.1.0.202305231506/tools/bin/../lib/gcc/arm-none-eabi/11.3.1/../../../../arm-none-eabi/lib/thumb/v7e-m+fp/hard\libc_nano.a(libc_a-exit.o)
                              C:/ST/STM32CubeIDE_1.13.1/STM32CubeIDE/plugins/com.st.stm32cube.ide.mcu.externaltools.gnu-tools-for-stm32.11.3.rel1.win32_1.1.0.202305231506/tools/bin/../lib/gcc/arm-none-eabi/11.3.1/../../../../arm-none-eabi/lib/thumb/v7e-m+fp/hard/crt0.o (exit)
C:/ST/STM32CubeIDE_1.13.1/STM32CubeIDE/plugins/com.st.stm32cube.ide.mcu.externaltools.gnu-tools-for-stm32.11.3.rel1.win32_1.1.0.202305231506/tools/bin/../lib/gcc/arm-none-eabi/11.3.1/../../../../arm-none-eabi/lib/thumb/v7e-m+fp/hard\libc_nano.a(libc_a-nano-vfprintf_float.o)
                              (_printf_float)
C:/ST/STM32CubeIDE_1.13.1/STM32CubeIDE/plugins/com.st.stm32cube.ide.mcu.externaltools.gnu-tools-for-stm32.11.3.rel1.win32_1.1.0.202305231506/tools/bin/../lib/gcc/arm-none-eabi/11.3.1/../../../../arm-none-eabi/lib/thumb/v7e-m+fp/hard\libc_nano.a(libc_a-nano-vfprintf_i.o)
                              C:/ST/STM32CubeIDE_1.13.1/STM32CubeIDE/plugins/com.st.stm32cube.ide.mcu.externaltools.gnu-tools-for-stm32.11.3.rel1.win32_1.1.0.202305231506/tools/bin/../lib/gcc/arm-none-eabi/11.3.1/../../../../arm-none-eabi/lib/thumb/v7e-m+fp/hard\libc_nano.a(libc_a-nano-vfprintf_float.o) (_printf_common)
C:/ST/STM32CubeIDE_1.13.1/STM32CubeIDE/plugins/com.st.stm32cube.ide.mcu.externaltools.gnu-tools-for-stm32.11.3.rel1.win32_1.1.0.202305231506/tools/bin/../lib/gcc/arm-none-eabi/11.3.1/../../../../arm-none-eabi/lib/thumb/v7e-m+fp/hard\libc_nano.a(libc_a-findfp.o)
                              C:/ST/STM32CubeIDE_1.13.1/STM32CubeIDE/plugins/com.st.stm32cube.ide.mcu.externaltools.gnu-tools-for-stm32.11.3.rel1.win32_1.1.0.202305231506/tools/bin/../lib/gcc/arm-none-eabi/11.3.1/../../../../arm-none-eabi/lib/thumb/v7e-m+fp/hard\libc_nano.a(libc_a-exit.o) (__stdio_exit_handler)
C:/ST/STM32CubeIDE_1.13.1/STM32CubeIDE/plugins/com.st.stm32cube.ide.mcu.externaltools.gnu-tools-for-stm32.11.3.rel1.win32_1.1.0.202305231506/tools/bin/../lib/gcc/arm-none-eabi/11.3.1/../../../../arm-none-eabi/lib/thumb/v7e-m+fp/hard\libc_nano.a(libc_a-fwalk.o)
                              C:/ST/STM32CubeIDE_1.13.1/STM32CubeIDE/plugins/com.st.stm32cube.ide.mcu.externaltools.gnu-tools-for-stm32.11.3.rel1.win32_1.1.0.202305231506/tools/bin/../lib/gcc/arm-none-eabi/11.3.1/../../../../arm-none-eabi/lib/thumb/v7e-m+fp/hard\libc_nano.a(libc_a-findfp.o) (_fwalk_sglue)
C:/ST/STM32CubeIDE_1.13.1/STM32CubeIDE/plugins/com.st.stm32cube.ide.mcu.externaltools.gnu-tools-for-stm32.11.3.rel1.win32_1.1.0.202305231506/tools/bin/../lib/gcc/arm-none-eabi/11.3.1/../../../../arm-none-eabi/lib/thumb/v7e-m+fp/hard\libc_nano.a(libc_a-printf.o)
                              ./Core/Src/IMU_rel/IMU_ALL.o (printf)
C:/ST/STM32CubeIDE_1.13.1/STM32CubeIDE/plugins/com.st.stm32cube.ide.mcu.externaltools.gnu-tools-for-stm32.11.3.rel1.win32_1.1.0.202305231506/tools/bin/../lib/gcc/arm-none-eabi/11.3.1/../../../../arm-none-eabi/lib/thumb/v7e-m+fp/hard\libc_nano.a(libc_a-puts.o)
                              ./Core/Src/IMU_rel/IMU_ALL.o (puts)
C:/ST/STM32CubeIDE_1.13.1/STM32CubeIDE/plugins/com.st.stm32cube.ide.mcu.externaltools.gnu-tools-for-stm32.11.3.rel1.win32_1.1.0.202305231506/tools/bin/../lib/gcc/arm-none-eabi/11.3.1/../../../../arm-none-eabi/lib/thumb/v7e-m+fp/hard\libc_nano.a(libc_a-stdio.o)
                              C:/ST/STM32CubeIDE_1.13.1/STM32CubeIDE/plugins/com.st.stm32cube.ide.mcu.externaltools.gnu-tools-for-stm32.11.3.rel1.win32_1.1.0.202305231506/tools/bin/../lib/gcc/arm-none-eabi/11.3.1/../../../../arm-none-eabi/lib/thumb/v7e-m+fp/hard\libc_nano.a(libc_a-findfp.o) (__sread)
C:/ST/STM32CubeIDE_1.13.1/STM32CubeIDE/plugins/com.st.stm32cube.ide.mcu.externaltools.gnu-tools-for-stm32.11.3.rel1.win32_1.1.0.202305231506/tools/bin/../lib/gcc/arm-none-eabi/11.3.1/../../../../arm-none-eabi/lib/thumb/v7e-m+fp/hard\libc_nano.a(libc_a-wbuf.o)
                              C:/ST/STM32CubeIDE_1.13.1/STM32CubeIDE/plugins/com.st.stm32cube.ide.mcu.externaltools.gnu-tools-for-stm32.11.3.rel1.win32_1.1.0.202305231506/tools/bin/../lib/gcc/arm-none-eabi/11.3.1/../../../../arm-none-eabi/lib/thumb/v7e-m+fp/hard\libc_nano.a(libc_a-puts.o) (__swbuf_r)
C:/ST/STM32CubeIDE_1.13.1/STM32CubeIDE/plugins/com.st.stm32cube.ide.mcu.externaltools.gnu-tools-for-stm32.11.3.rel1.win32_1.1.0.202305231506/tools/bin/../lib/gcc/arm-none-eabi/11.3.1/../../../../arm-none-eabi/lib/thumb/v7e-m+fp/hard\libc_nano.a(libc_a-wsetup.o)
[...]
Memory Configuration

Name             Origin             Length             Attributes
CCMRAM           0x0000000010000000 0x0000000000010000 xrw
RAM              0x0000000020000000 0x0000000000030000 xrw
FLASH            0x0000000008000000 0x0000000000200000 xr
*default*        0x0000000000000000 0xffffffffffffffff

Linker script and memory map

LOAD C:/ST/STM32CubeIDE_1.13.1/STM32CubeIDE/plugins/com.st.stm32cube.ide.mcu.externaltools.gnu-tools-for-stm32.11.3.rel1.win32_1.1.0.202305231506/tools/bin/../lib/gcc/arm-none-eabi/11.3.1/thumb/v7e-m+fp/hard/crti.o
LOAD C:/ST/STM32CubeIDE_1.13.1/STM32CubeIDE/plugins/com.st.stm32cube.ide.mcu.externaltools.gnu-tools-for-stm32.11.3.rel1.win32_1.1.0.202305231506/tools/bin/../lib/gcc/arm-none-eabi/11.3.1/thumb/v7e-m+fp/hard/crtbegin.o
LOAD C:/ST/STM32CubeIDE_1.13.1/STM32CubeIDE/plugins/com.st.stm32cube.ide.mcu.externaltools.gnu-tools-for-stm32.11.3.rel1.win32_1.1.0.202305231506/tools/bin/../lib/gcc/arm-none-eabi/11.3.1/../../../../arm-none-eabi/lib/thumb/v7e-m+fp/hard/crt0.o
LOAD ./Core/Src/IMU_rel/IMU_ALL.o
LOAD ./Core/Src/IMU_rel/float16Tool.o
LOAD ./Core/Src/IMU_rel/gnssPvtDataParser.o
LOAD ./Core/Src/IMU_rel/xsens_mdata2.o
LOAD ./Core/Src/IMU_rel/xsens_mti.o
LOAD ./Core/Src/IMU_rel/xsens_utility.o
LOAD ./Core/Src/LoRa.o
LOAD ./Core/Src/adc.o
LOAD ./Core/Src/dma.o
LOAD ./Core/Src/gpio.o
LOAD ./Core/Src/main.o
LOAD ./Core/Src/rtc.o
LOAD ./Core/Src/spi.o
LOAD ./Core/Src/stm32f4xx_hal_msp.o
LOAD ./Core/Src/stm32f4xx_it.o
LOAD ./Core/Src/syscalls.o
LOAD ./Core/Src/sysmem.o
LOAD ./Core/Src/system_stm32f4xx.o
LOAD ./Core/Src/usart.o
LOAD ./Core/Startup/startup_stm32f429zitx.o
LOAD ./Drivers/STM32F4xx_HAL_Driver/Src/stm32f4xx_hal.o
LOAD ./Drivers/STM32F4xx_HAL_Driver/Src/stm32f4xx_hal_adc.o
LOAD ./Drivers/STM32F4xx_HAL_Driver/Src/stm32f4xx_hal_adc_ex.o
LOAD ./Drivers/STM32F4xx_HAL_Driver/Src/stm32f4xx_hal_cortex.o
LOAD ./Drivers/STM32F4xx_HAL_Driver/Src/stm32f4xx_hal_dma.o
LOAD ./Drivers/STM32F4xx_HAL_Driver/Src/stm32f4xx_hal_dma_ex.o
LOAD ./Drivers/STM32F4xx_HAL_Driver/Src/stm32f4xx_hal_exti.o
LOAD ./Drivers/STM32F4xx_HAL_Driver/Src/stm32f4xx_hal_flash.o
LOAD ./Drivers/STM32F4xx_HAL_Driver/Src/stm32f4xx_hal_flash_ex.o
LOAD ./Drivers/STM32F4xx_HAL_Driver/Src/stm32f4xx_hal_flash_ramfunc.o
LOAD ./Drivers/STM32F4xx_HAL_Driver/Src/stm32f4xx_hal_gpio.o
LOAD ./Drivers/STM32F4xx_HAL_Driver/Src/stm32f4xx_hal_pwr.o
LOAD ./Drivers/STM32F4xx_HAL_Driver/Src/stm32f4xx_hal_pwr_ex.o
LOAD ./Drivers/STM32F4xx_HAL_Driver/Src/stm32f4xx_hal_rcc.o
LOAD ./Drivers/STM32F4xx_HAL_Driver/Src/stm32f4xx_hal_rcc_ex.o
LOAD ./Drivers/STM32F4xx_HAL_Driver/Src/stm32f4xx_hal_rtc.o
LOAD ./Drivers/STM32F4xx_HAL_Driver/Src/stm32f4xx_hal_rtc_ex.o
LOAD ./Drivers/STM32F4xx_HAL_Driver/Src/stm32f4xx_hal_spi.o
LOAD ./Drivers/STM32F4xx_HAL_Driver/Src/stm32f4xx_hal_tim.o
LOAD ./Drivers/STM32F4xx_HAL_Driver/Src/stm32f4xx_hal_tim_ex.o
LOAD ./Drivers/STM32F4xx_HAL_Driver/Src/stm32f4xx_hal_uart.o
LOAD ./Drivers/STM32F4xx_HAL_Driver/Src/stm32f4xx_ll_adc.o
START GROUP
LOAD C:/ST/STM32CubeIDE_1.13.1/STM32CubeIDE/plugins/com.st.stm32cube.ide.mcu.externaltools.gnu-tools-for-stm32.11.3.rel1.win32_1.1.0.202305231506/tools/bin/../lib/gcc/arm-none-eabi/11.3.1/../../../../arm-none-eabi/lib/thumb/v7e-m+fp/hard\libc_nano.a
LOAD C:/ST/STM32CubeIDE_1.13.1/STM32CubeIDE/plugins/com.st.stm32cube.ide.mcu.externaltools.gnu-tools-for-stm32.11.3.rel1.win32_1.1.0.202305231506/tools/bin/../lib/gcc/arm-none-eabi/11.3.1/../../../../arm-none-eabi/lib/thumb/v7e-m+fp/hard\libm.a
END GROUP
START GROUP
LOAD C:/ST/STM32CubeIDE_1.13.1/STM32CubeIDE/plugins/com.st.stm32cube.ide.mcu.externaltools.gnu-tools-for-stm32.11.3.rel1.win32_1.1.0.202305231506/tools/bin/../lib/gcc/arm-none-eabi/11.3.1/thumb/v7e-m+fp/hard\libgcc.a
LOAD C:/ST/STM32CubeIDE_1.13.1/STM32CubeIDE/plugins/com.st.stm32cube.ide.mcu.externaltools.gnu-tools-for-stm32.11.3.rel1.win32_1.1.0.202305231506/tools/bin/../lib/gcc/arm-none-eabi/11.3.1/../../../../arm-none-eabi/lib/thumb/v7e-m+fp/hard\libc_nano.a
END GROUP
START GROUP
LOAD C:/ST/STM32CubeIDE_1.13.1/STM32CubeIDE/plugins/com.st.stm32cube.ide.mcu.externaltools.gnu-tools-for-stm32.11.3.rel1.win32_1.1.0.202305231506/tools/bin/../lib/gcc/arm-none-eabi/11.3.1/thumb/v7e-m+fp/hard\libgcc.a
LOAD C:/ST/STM32CubeIDE_1.13.1/STM32CubeIDE/plugins/com.st.stm32cube.ide.mcu.externaltools.gnu-tools-for-stm32.11.3.rel1.win32_1.1.0.202305231506/tools/bin/../lib/gcc/arm-none-eabi/11.3.1/../../../../arm-none-eabi/lib/thumb/v7e-m+fp/hard\libc_nano.a
LOAD C:/ST/STM32CubeIDE_1.13.1/STM32CubeIDE/plugins/com.st.stm32cube.ide.mcu.externaltools.gnu-tools-for-stm32.11.3.rel1.win32_1.1.0.202305231506/tools/bin/../lib/gcc/arm-none-eabi/11.3.1/../../../../arm-none-eabi/lib/thumb/v7e-m+fp/hard\libnosys.a
END GROUP
START GROUP
LOAD C:/ST/STM32CubeIDE_1.13.1/STM32CubeIDE/plugins/com.st.stm32cube.ide.mcu.externaltools.gnu-tools-for-stm32.11.3.rel1.win32_1.1.0.202305231506/tools/bin/../lib/gcc/arm-none-eabi/11.3.1/thumb/v7e-m+fp/hard\libgcc.a
LOAD C:/ST/STM32CubeIDE_1.13.1/STM32CubeIDE/plugins/com.st.stm32cube.ide.mcu.externaltools.gnu-tools-for-stm32.11.3.rel1.win32_1.1.0.202305231506/tools/bin/../lib/gcc/arm-none-eabi/11.3.1/../../../../arm-none-eabi/lib/thumb/v7e-m+fp/hard\libc_nano.a
LOAD C:/ST/STM32CubeIDE_1.13.1/STM32CubeIDE/plugins/com.st.stm32cube.ide.mcu.externaltools.gnu-tools-for-stm32.11.3.rel1.win32_1.1.0.202305231506/tools/bin/../lib/gcc/arm-none-eabi/11.3.1/../../../../arm-none-eabi/lib/thumb/v7e-m+fp/hard\libnosys.a
END GROUP
LOAD C:/ST/STM32CubeIDE_1.13.1/STM32CubeIDE/plugins/com.st.stm32cube.ide.mcu.externaltools.gnu-tools-for-stm32.11.3.rel1.win32_1.1.0.202305231506/tools/bin/../lib/gcc/arm-none-eabi/11.3.1/thumb/v7e-m+fp/hard/crtend.o
LOAD C:/ST/STM32CubeIDE_1.13.1/STM32CubeIDE/plugins/com.st.stm32cube.ide.mcu.externaltools.gnu-tools-for-stm32.11.3.rel1.win32_1.1.0.202305231506/tools/bin/../lib/gcc/arm-none-eabi/11.3.1/thumb/v7e-m+fp/hard/crtn.o
                0x0000000020030000                _estack = (ORIGIN (RAM) + LENGTH (RAM))
                0x0000000000000200                _Min_Heap_Size = 0x200
                0x0000000000000400                _Min_Stack_Size = 0x400

.isr_vector     0x0000000008000000      0x1ac
                0x0000000008000000                . = ALIGN (0x4)
 *(.isr_vector)
 .isr_vector    0x0000000008000000      0x1ac ./Core/Startup/startup_stm32f429zitx.o
                0x0000000008000000                g_pfnVectors
                0x00000000080001ac                . = ALIGN (0x4)

.text           0x00000000080001b0     0xd3b0
                0x00000000080001b0                . = ALIGN (0x4)
 *(.text)
 .text          0x00000000080001b0       0x40 C:/ST/STM32CubeIDE_1.13.1/STM32CubeIDE/plugins/com.st.stm32cube.ide.mcu.externaltools.gnu-tools-for-stm32.11.3.rel1.win32_1.1.0.202305231506/tools/bin/../lib/gcc/arm-none-eabi/11.3.1/thumb/v7e-m+fp/hard/crtbegin.o
 .text          0x00000000080001f0       0xa0 C:/ST/STM32CubeIDE_1.13.1/STM32CubeIDE/plugins/com.st.stm32cube.ide.mcu.externaltools.gnu-tools-for-stm32.11.3.rel1.win32_1.1.0.202305231506/tools/bin/../lib/gcc/arm-none-eabi/11.3.1/../../../../arm-none-eabi/lib/thumb/v7e-m+fp/hard\libc_nano.a(libc_a-memchr.o)
                0x00000000080001f0                memchr
 .text          0x0000000008000290       0x10 C:/ST/STM32CubeIDE_1.13.1/STM32CubeIDE/plugins/com.st.stm32cube.ide.mcu.externaltools.gnu-tools-for-stm32.11.3.rel1.win32_1.1.0.202305231506/tools/bin/../lib/gcc/arm-none-eabi/11.3.1/../../../../arm-none-eabi/lib/thumb/v7e-m+fp/hard\libc_nano.a(libc_a-strlen.o)
                0x0000000008000290                strlen
 .text          0x00000000080002a0      0x378 C:/ST/STM32CubeIDE_1.13.1/STM32CubeIDE/plugins/com.st.stm32cube.ide.mcu.externaltools.gnu-tools-for-stm32.11.3.rel1.win32_1.1.0.202305231506/tools/bin/../lib/gcc/arm-none-eabi/11.3.1/thumb/v7e-m+fp/hard\libgcc.a(_arm_addsubdf3.o)
                0x00000000080002a0                __aeabi_drsub
                0x00000000080002a8                __aeabi_dsub
                0x00000000080002a8                __subdf3
                0x00000000080002ac                __aeabi_dadd
                0x00000000080002ac                __adddf3
                0x0000000008000524                __floatunsidf
                0x0000000008000524                __aeabi_ui2d
                0x0000000008000544                __floatsidf
                0x0000000008000544                __aeabi_i2d
                0x0000000008000568                __aeabi_f2d
                0x0000000008000568                __extendsfdf2
                0x00000000080005ac                __floatundidf
                0x00000000080005ac                __aeabi_ul2d
                0x00000000080005bc                __floatdidf
                0x00000000080005bc                __aeabi_l2d
 .text          0x0000000008000618      0x424 C:/ST/STM32CubeIDE_1.13.1/STM32CubeIDE/plugins/com.st.stm32cube.ide.mcu.externaltools.gnu-tools-for-stm32.11.3.rel1.win32_1.1.0.202305231506/tools/bin/../lib/gcc/arm-none-eabi/11.3.1/thumb/v7e-m+fp/hard\libgcc.a(_arm_muldivdf3.o)
                0x0000000008000618                __aeabi_dmul
                0x0000000008000618                __muldf3
                0x000000000800086c                __divdf3
                0x000000000800086c                __aeabi_ddiv
 .text          0x0000000008000a3c      0x110 C:/ST/STM32CubeIDE_1.13.1/STM32CubeIDE/plugins/com.st.stm32cube.ide.mcu.externaltools.gnu-tools-for-stm32.11.3.rel1.win32_1.1.0.202305231506/tools/bin/../lib/gcc/arm-none-eabi/11.3.1/thumb/v7e-m+fp/hard\libgcc.a(_arm_cmpdf2.o)
                0x0000000008000a3c                __gtdf2
                0x0000000008000a3c                __gedf2
                0x0000000008000a44                __ltdf2
                0x0000000008000a44                __ledf2
                0x0000000008000a4c                __nedf2
                0x0000000008000a4c                __eqdf2
                0x0000000008000a4c                __cmpdf2
                0x0000000008000ac8                __aeabi_cdrcmple
                0x0000000008000ad8                __aeabi_cdcmpeq
                0x0000000008000ad8                __aeabi_cdcmple
                0x0000000008000ae8                __aeabi_dcmpeq
                0x0000000008000afc                __aeabi_dcmplt
                0x0000000008000b10                __aeabi_dcmple
                0x0000000008000b24                __aeabi_dcmpge
                0x0000000008000b38                __aeabi_dcmpgt
 .text          0x0000000008000b4c       0x2c C:/ST/STM32CubeIDE_1.13.1/STM32CubeIDE/plugins/com.st.stm32cube.ide.mcu.externaltools.gnu-tools-for-stm32.11.3.rel1.win32_1.1.0.202305231506/tools/bin/../lib/gcc/arm-none-eabi/11.3.1/thumb/v7e-m+fp/hard\libgcc.a(_arm_unorddf2.o)
                0x0000000008000b4c                __unorddf2
                0x0000000008000b4c                __aeabi_dcmpun
 .text          0x0000000008000b78       0x50 C:/ST/STM32CubeIDE_1.13.1/STM32CubeIDE/plugins/com.st.stm32cube.ide.mcu.externaltools.gnu-tools-for-stm32.11.3.rel1.win32_1.1.0.202305231506/tools/bin/../lib/gcc/arm-none-eabi/11.3.1/thumb/v7e-m+fp/hard\libgcc.a(_arm_fixdfsi.o)
                0x0000000008000b78                __aeabi_d2iz
                0x0000000008000b78                __fixdfsi
 .text          0x0000000008000bc8       0x40 C:/ST/STM32CubeIDE_1.13.1/STM32CubeIDE/plugins/com.st.stm32cube.ide.mcu.externaltools.gnu-tools-for-stm32.11.3.rel1.win32_1.1.0.202305231506/tools/bin/../lib/gcc/arm-none-eabi/11.3.1/thumb/v7e-m+fp/hard\libgcc.a(_arm_fixunsdfsi.o)
                0x0000000008000bc8                __aeabi_d2uiz
                0x0000000008000bc8                __fixunsdfsi
 .text          0x0000000008000c08       0xa0 C:/ST/STM32CubeIDE_1.13.1/STM32CubeIDE/plugins/com.st.stm32cube.ide.mcu.externaltools.gnu-tools-for-stm32.11.3.rel1.win32_1.1.0.202305231506/tools/bin/../lib/gcc/arm-none-eabi/11.3.1/thumb/v7e-m+fp/hard\libgcc.a(_arm_truncdfsf2.o)
                0x0000000008000c08                __truncdfsf2
                0x0000000008000c08                __aeabi_d2f
 .text          0x0000000008000ca8       0x30 C:/ST/STM32CubeIDE_1.13.1/STM32CubeIDE/plugins/com.st.stm32cube.ide.mcu.externaltools.gnu-tools-for-stm32.11.3.rel1.win32_1.1.0.202305231506/tools/bin/../lib/gcc/arm-none-eabi/11.3.1/thumb/v7e-m+fp/hard\libgcc.a(_aeabi_uldivmod.o)
                0x0000000008000ca8                __aeabi_uldivmod
 .text          0x0000000008000cd8      0x2c8 C:/ST/STM32CubeIDE_1.13.1/STM32CubeIDE/plugins/com.st.stm32cube.ide.mcu.externaltools.gnu-tools-for-stm32.11.3.rel1.win32_1.1.0.202305231506/tools/bin/../lib/gcc/arm-none-eabi/11.3.1/thumb/v7e-m+fp/hard\libgcc.a(_udivmoddi4.o)
                0x0000000008000cd8                __udivmoddi4
 .text          0x0000000008000fa0        0x4 C:/ST/STM32CubeIDE_1.13.1/STM32CubeIDE/plugins/com.st.stm32cube.ide.mcu.externaltools.gnu-tools-for-stm32.11.3.rel1.win32_1.1.0.202305231506/tools/bin/../lib/gcc/arm-none-eabi/11.3.1/thumb/v7e-m+fp/hard\libgcc.a(_dvmd_tls.o)
                0x0000000008000fa0                __aeabi_idiv0
                0x0000000008000fa0                __aeabi_ldiv0
 *(.text*)
 .text.IMU_UART_CB
                0x0000000008000fa4       0xa0 ./Core/Src/IMU_rel/IMU_ALL.o
                0x0000000008000fa4                IMU_UART_CB
 .text.IMU_Init
                0x0000000008001044       0xe4 ./Core/Src/IMU_rel/IMU_ALL.o
                0x0000000008001044                IMU_Init
 .text.IMU_process_data
                0x0000000008001128       0x74 ./Core/Src/IMU_rel/IMU_ALL.o
                0x0000000008001128                IMU_process_data
 .text.IMU_State_mechine
                0x000000000800119c      0x2e4 ./Core/Src/IMU_rel/IMU_ALL.o
                0x000000000800119c                IMU_State_mechine
 .text.imu_callback
                0x0000000008001480      0x260 ./Core/Src/IMU_rel/IMU_ALL.o
                0x0000000008001480                imu_callback
 .text.handle_ack_gotoconfig
                0x00000000080016e0       0x24 ./Core/Src/IMU_rel/IMU_ALL.o
                0x00000000080016e0                handle_ack_gotoconfig
 .text.handle_ack_gotomeasurement
                0x0000000008001704       0x24 ./Core/Src/IMU_rel/IMU_ALL.o
                0x0000000008001704                handle_ack_gotomeasurement
 .text.handle_ack_outputconfiguration
                0x0000000008001728       0x24 ./Core/Src/IMU_rel/IMU_ALL.o
                0x0000000008001728                handle_ack_outputconfiguration
 .text.myHandle_WAKEUP_cb
                0x000000000800174c       0x28 ./Core/Src/IMU_rel/IMU_ALL.o
                0x000000000800174c                myHandle_WAKEUP_cb
 .text.imu_send_data
                0x0000000008001774       0x24 ./Core/Src/IMU_rel/IMU_ALL.o
                0x0000000008001774                imu_send_data
 .text.changeOutputRate
                0x0000000008001798       0xa0 ./Core/Src/IMU_rel/IMU_ALL.o
                0x0000000008001798                changeOutputRate
 .text.f32_to_f16
                0x0000000008001838       0xb4 ./Core/Src/IMU_rel/float16Tool.o
                0x0000000008001838                f32_to_f16
 .text.makeNum  0x00000000080018ec       0x4a ./Core/Src/IMU_rel/gnssPvtDataParser.o
                0x00000000080018ec                makeNum
 .text.gnssPvt_parse
                0x0000000008001936      0x240 ./Core/Src/IMU_rel/gnssPvtDataParser.o
                0x0000000008001936                gnssPvt_parse
 *fill*         0x0000000008001b76        0x2 
 .text.xsens_mdata2_process
                0x0000000008001b78      0x1a4 ./Core/Src/IMU_rel/xsens_mdata2.o
                0x0000000008001b78                xsens_mdata2_process
 .text.xsens_mdata2_decode_field
                0x0000000008001d1c      0x698 ./Core/Src/IMU_rel/xsens_mdata2.o
                0x0000000008001d1c                xsens_mdata2_decode_field
 .text.xsens_mti_parse
                0x00000000080023b4      0x148 ./Core/Src/IMU_rel/xsens_mti.o
                0x00000000080023b4                xsens_mti_parse
 .text.xsens_mti_reset_parser
                0x00000000080024fc       0x30 ./Core/Src/IMU_rel/xsens_mti.o
                0x00000000080024fc                xsens_mti_reset_parser
 .text.xsens_mti_handle_payload
                0x000000000800252c       0x44 ./Core/Src/IMU_rel/xsens_mti.o
                0x000000000800252c                xsens_mti_handle_payload
 .text.xsens_mti_override_id_handler
                0x0000000008002570       0x36 ./Core/Src/IMU_rel/xsens_mti.o
                0x0000000008002570                xsens_mti_override_id_handler
 *fill*         0x00000000080025a6        0x2 
 .text.xsens_mti_find_inbound_handler_entry
                0x00000000080025a8       0x28 ./Core/Src/IMU_rel/xsens_mti.o
                0x00000000080025a8                xsens_mti_find_inbound_handler_entry
 .text.xsens_mti_find_handler_entry
                0x00000000080025d0       0x4c ./Core/Src/IMU_rel/xsens_mti.o
                0x00000000080025d0                xsens_mti_find_handler_entry
 .text.xsens_mti_buffer_crc
                0x000000000800261c       0x40 ./Core/Src/IMU_rel/xsens_mti.o
                0x000000000800261c                xsens_mti_buffer_crc
 .text.xsens_mti_send
                0x000000000800265c      0x1de ./Core/Src/IMU_rel/xsens_mti.o
                0x000000000800265c                xsens_mti_send
 .text.xsens_mti_request
                0x000000000800283a       0x7e ./Core/Src/IMU_rel/xsens_mti.o
                0x000000000800283a                xsens_mti_request
 .text.xsens_mti_reset_orientation
                0x00000000080028b8       0x8a ./Core/Src/IMU_rel/xsens_mti.o
                0x00000000080028b8                xsens_mti_reset_orientation
 .text.xsens_mti_set_configuration
                0x0000000008002942      0x128 ./Core/Src/IMU_rel/xsens_mti.o
                0x0000000008002942                xsens_mti_set_configuration
 *fill*         0x0000000008002a6a        0x2 
 .text.xsens_internal_handle_device_id
                0x0000000008002a6c       0x78 ./Core/Src/IMU_rel/xsens_mti.o
                0x0000000008002a6c                xsens_internal_handle_device_id
 .text.xsens_internal_handle_product_code
                0x0000000008002ae4       0x14 ./Core/Src/IMU_rel/xsens_mti.o
                0x0000000008002ae4                xsens_internal_handle_product_code
 .text.xsens_internal_handle_hardware_version
                0x0000000008002af8       0x14 ./Core/Src/IMU_rel/xsens_mti.o
                0x0000000008002af8                xsens_internal_handle_hardware_version
 .text.xsens_internal_handle_firmware_version
                0x0000000008002b0c       0x3a ./Core/Src/IMU_rel/xsens_mti.o
                0x0000000008002b0c                xsens_internal_handle_firmware_version
 .text.xsens_internal_handle_selftest_results
                0x0000000008002b46       0x14 ./Core/Src/IMU_rel/xsens_mti.o
                0x0000000008002b46                xsens_internal_handle_selftest_results
 .text.xsens_internal_handle_error
                0x0000000008002b5a       0x1a ./Core/Src/IMU_rel/xsens_mti.o
                0x0000000008002b5a                xsens_internal_handle_error
 .text.xsens_internal_handle_mdata2
                0x0000000008002b74       0x24 ./Core/Src/IMU_rel/xsens_mti.o
                0x0000000008002b74                xsens_internal_handle_mdata2
 .text.xsens_swap_endian_u16
                0x0000000008002b98       0x28 ./Core/Src/IMU_rel/xsens_utility.o
                0x0000000008002b98                xsens_swap_endian_u16
 .text.xsens_swap_endian_u64
                0x0000000008002bc0       0x64 ./Core/Src/IMU_rel/xsens_utility.o
                0x0000000008002bc0                xsens_swap_endian_u64
 .text.xsens_coalesce_16BE_16LE
                0x0000000008002c24       0x2a ./Core/Src/IMU_rel/xsens_utility.o
                0x0000000008002c24                xsens_coalesce_16BE_16LE
 .text.xsens_coalesce_32BE_32LE
                0x0000000008002c4e       0x38 ./Core/Src/IMU_rel/xsens_utility.o
                0x0000000008002c4e                xsens_coalesce_32BE_32LE
 .text.xsens_coalesce_32BE_F32LE
                0x0000000008002c86       0x48 ./Core/Src/IMU_rel/xsens_utility.o
                0x0000000008002c86                xsens_coalesce_32BE_F32LE
 .text.xsens_coalesce_48BE_48LE
                0x0000000008002cce       0x50 ./Core/Src/IMU_rel/xsens_utility.o
                0x0000000008002cce                xsens_coalesce_48BE_48LE
 .text.newLoRa  0x0000000008002d1e       0x52 ./Core/Src/LoRa.o
                0x0000000008002d1e                newLoRa
 .text.LoRa_gotoMode
                0x0000000008002d70       0xc2 ./Core/Src/LoRa.o
                0x0000000008002d70                LoRa_gotoMode
 .text.LoRa_readReg
                0x0000000008002e32       0x7c ./Core/Src/LoRa.o
                0x0000000008002e32                LoRa_readReg
 .text.LoRa_writeReg
                0x0000000008002eae       0x7c ./Core/Src/LoRa.o
                0x0000000008002eae                LoRa_writeReg
 .text.LoRa_setLowDaraRateOptimization
                0x0000000008002f2a       0x4a ./Core/Src/LoRa.o
                0x0000000008002f2a                LoRa_setLowDaraRateOptimization
 .text.LoRa_setAutoLDO
                0x0000000008002f74       0x6c ./Core/Src/LoRa.o
                0x0000000008002f74                LoRa_setAutoLDO
 .text.LoRa_setFrequency
                0x0000000008002fe0       0x60 ./Core/Src/LoRa.o
                0x0000000008002fe0                LoRa_setFrequency
 .text.LoRa_setSpreadingFactor
                0x0000000008003040       0x64 ./Core/Src/LoRa.o
                0x0000000008003040                LoRa_setSpreadingFactor
 .text.LoRa_setPower
                0x00000000080030a4       0x26 ./Core/Src/LoRa.o
                0x00000000080030a4                LoRa_setPower
 *fill*         0x00000000080030ca        0x2 
 .text.LoRa_setOCP
                0x00000000080030cc       0x7c ./Core/Src/LoRa.o
                0x00000000080030cc                LoRa_setOCP
 .text.LoRa_setTOMsb_setCRCon
                0x0000000008003148       0x36 ./Core/Src/LoRa.o
                0x0000000008003148                LoRa_setTOMsb_setCRCon
 .text.LoRa_read
                0x000000000800317e       0x34 ./Core/Src/LoRa.o
                0x000000000800317e                LoRa_read
 .text.LoRa_write
                0x00000000080031b2       0x3a ./Core/Src/LoRa.o
                0x00000000080031b2                LoRa_write
 .text.LoRa_BurstWrite
                0x00000000080031ec       0x8e ./Core/Src/LoRa.o
                0x00000000080031ec                LoRa_BurstWrite
 .text.LoRa_isvalid
                0x000000000800327a       0x16 ./Core/Src/LoRa.o
                0x000000000800327a                LoRa_isvalid
 .text.LoRa_transmit
                0x0000000008003290       0xb0 ./Core/Src/LoRa.o
                0x0000000008003290                LoRa_transmit
 .text.LoRa_startReceiving
                0x0000000008003340       0x18 ./Core/Src/LoRa.o
                0x0000000008003340                LoRa_startReceiving
 .text.LoRa_receive
                0x0000000008003358       0xb8 ./Core/Src/LoRa.o
                0x0000000008003358                LoRa_receive
 .text.LoRa_init
                0x0000000008003410      0x14e ./Core/Src/LoRa.o
                0x0000000008003410                LoRa_init
 *fill*         0x000000000800355e        0x2 
 .text.MX_ADC1_Init
                0x0000000008003560       0xa4 ./Core/Src/adc.o
                0x0000000008003560                MX_ADC1_Init
 .text.MX_ADC3_Init
                0x0000000008003604       0xa8 ./Core/Src/adc.o
                0x0000000008003604                MX_ADC3_Init
 .text.HAL_ADC_MspInit
                0x00000000080036ac       0xec ./Core/Src/adc.o
                0x00000000080036ac                HAL_ADC_MspInit
 .text.MX_DMA_Init
                0x0000000008003798       0xac ./Core/Src/dma.o
                0x0000000008003798                MX_DMA_Init
 .text.MX_GPIO_Init
                0x0000000008003844      0x1c8 ./Core/Src/gpio.o
                0x0000000008003844                MX_GPIO_Init
 .text.__io_putchar
                0x0000000008003a0c       0x24 ./Core/Src/main.o
                0x0000000008003a0c                __io_putchar
 .text.HAL_UARTEx_RxEventCallback
                0x0000000008003a30       0x68 ./Core/Src/main.o
                0x0000000008003a30                HAL_UARTEx_RxEventCallback
 .text.proc_data_4
                0x0000000008003a98       0x84 ./Core/Src/main.o
                0x0000000008003a98                proc_data_4
 .text.proc_data_2
                0x0000000008003b1c       0x5c ./Core/Src/main.o
                0x0000000008003b1c                proc_data_2
 .text.proc_data_2_uint16
                0x0000000008003b78       0x50 ./Core/Src/main.o
                0x0000000008003b78                proc_data_2_uint16
 .text.proc_data_1_uint8
                0x0000000008003bc8       0x32 ./Core/Src/main.o
                0x0000000008003bc8                proc_data_1_uint8
 *fill*         0x0000000008003bfa        0x2 
 .text.imu_data_conv_config
                0x0000000008003bfc      0x24c ./Core/Src/main.o
                0x0000000008003bfc                imu_data_conv_config
 .text.imu_data_conv_onFly
                0x0000000008003e48      0x1ac ./Core/Src/main.o
                0x0000000008003e48                imu_data_conv_onFly
 *fill*         0x0000000008003ff4        0x4 
 .text.main     0x0000000008003ff8      0x618 ./Core/Src/main.o
                0x0000000008003ff8                main
 .text.SystemClock_Config
                0x0000000008004610       0xd8 ./Core/Src/main.o
                0x0000000008004610                SystemClock_Config
 .text.Error_Handler
                0x00000000080046e8        0xa ./Core/Src/main.o
                0x00000000080046e8                Error_Handler
 *fill*         0x00000000080046f2        0x2 
 .text.MX_RTC_Init
                0x00000000080046f4       0xb4 ./Core/Src/rtc.o
                0x00000000080046f4                MX_RTC_Init
 .text.HAL_RTC_MspInit
                0x00000000080047a8       0x54 ./Core/Src/rtc.o
                0x00000000080047a8                HAL_RTC_MspInit
 .text.MX_SPI4_Init
                0x00000000080047fc       0x6c ./Core/Src/spi.o
                0x00000000080047fc                MX_SPI4_Init
 .text.HAL_SPI_MspInit
                0x0000000008004868      0x16c ./Core/Src/spi.o
                0x0000000008004868                HAL_SPI_MspInit
 .text.HAL_MspInit
                0x00000000080049d4       0x50 ./Core/Src/stm32f4xx_hal_msp.o
                0x00000000080049d4                HAL_MspInit
 .text.NMI_Handler
                0x0000000008004a24        0x6 ./Core/Src/stm32f4xx_it.o
                0x0000000008004a24                NMI_Handler
 .text.HardFault_Handler
                0x0000000008004a2a        0x6 ./Core/Src/stm32f4xx_it.o
                0x0000000008004a2a                HardFault_Handler
 .text.MemManage_Handler
                0x0000000008004a30        0x6 ./Core/Src/stm32f4xx_it.o
                0x0000000008004a30                MemManage_Handler
 .text.BusFault_Handler
                0x0000000008004a36        0x6 ./Core/Src/stm32f4xx_it.o
                0x0000000008004a36                BusFault_Handler
 .text.UsageFault_Handler
                0x0000000008004a3c        0x6 ./Core/Src/stm32f4xx_it.o
                0x0000000008004a3c                UsageFault_Handler
 .text.SVC_Handler
                0x0000000008004a42        0xe ./Core/Src/stm32f4xx_it.o
                0x0000000008004a42                SVC_Handler
 .text.DebugMon_Handler
                0x0000000008004a50        0xe ./Core/Src/stm32f4xx_it.o
                0x0000000008004a50                DebugMon_Handler
 .text.PendSV_Handler
                0x0000000008004a5e        0xe ./Core/Src/stm32f4xx_it.o
                0x0000000008004a5e                PendSV_Handler
 .text.SysTick_Handler
                0x0000000008004a6c        0xc ./Core/Src/stm32f4xx_it.o
                0x0000000008004a6c                SysTick_Handler
 .text.DMA1_Stream1_IRQHandler
                0x0000000008004a78       0x14 ./Core/Src/stm32f4xx_it.o
                0x0000000008004a78                DMA1_Stream1_IRQHandler
 .text.DMA1_Stream3_IRQHandler
                0x0000000008004a8c       0x14 ./Core/Src/stm32f4xx_it.o
                0x0000000008004a8c                DMA1_Stream3_IRQHandler
 .text.USART1_IRQHandler
                0x0000000008004aa0       0x14 ./Core/Src/stm32f4xx_it.o
                0x0000000008004aa0                USART1_IRQHandler
 .text.USART3_IRQHandler
                0x0000000008004ab4       0x14 ./Core/Src/stm32f4xx_it.o
                0x0000000008004ab4                USART3_IRQHandler
 .text.DMA2_Stream0_IRQHandler
                0x0000000008004ac8       0x14 ./Core/Src/stm32f4xx_it.o
                0x0000000008004ac8                DMA2_Stream0_IRQHandler
 .text.DMA2_Stream1_IRQHandler
                0x0000000008004adc       0x14 ./Core/Src/stm32f4xx_it.o
                0x0000000008004adc                DMA2_Stream1_IRQHandler
 .text.DMA2_Stream2_IRQHandler
                0x0000000008004af0       0x14 ./Core/Src/stm32f4xx_it.o
                0x0000000008004af0                DMA2_Stream2_IRQHandler
 .text.DMA2_Stream7_IRQHandler
                0x0000000008004b04       0x14 ./Core/Src/stm32f4xx_it.o
                0x0000000008004b04                DMA2_Stream7_IRQHandler
 .text.SPI4_IRQHandler
                0x0000000008004b18       0x14 ./Core/Src/stm32f4xx_it.o
                0x0000000008004b18                SPI4_IRQHandler
 .text._getpid  0x0000000008004b2c       0x10 ./Core/Src/syscalls.o
                0x0000000008004b2c                _getpid
 .text._kill    0x0000000008004b3c       0x20 ./Core/Src/syscalls.o
                0x0000000008004b3c                _kill
 .text._exit    0x0000000008004b5c       0x14 ./Core/Src/syscalls.o
                0x0000000008004b5c                _exit
 .text._read    0x0000000008004b70       0x3a ./Core/Src/syscalls.o
                0x0000000008004b70                _read
 .text._write   0x0000000008004baa       0x38 ./Core/Src/syscalls.o
                0x0000000008004baa                _write
 .text._close   0x0000000008004be2       0x18 ./Core/Src/syscalls.o
                0x0000000008004be2                _close
 .text._fstat   0x0000000008004bfa       0x20 ./Core/Src/syscalls.o
                0x0000000008004bfa                _fstat
 .text._isatty  0x0000000008004c1a       0x16 ./Core/Src/syscalls.o
                0x0000000008004c1a                _isatty
 .text._lseek   0x0000000008004c30       0x1a ./Core/Src/syscalls.o
                0x0000000008004c30                _lseek
 *fill*         0x0000000008004c4a        0x2 
 .text._sbrk    0x0000000008004c4c       0x6c ./Core/Src/sysmem.o
                0x0000000008004c4c                _sbrk
 .text.SystemInit
                0x0000000008004cb8       0x24 ./Core/Src/system_stm32f4xx.o
                0x0000000008004cb8                SystemInit
 .text.MX_USART1_UART_Init
                0x0000000008004cdc       0x54 ./Core/Src/usart.o
                0x0000000008004cdc                MX_USART1_UART_Init
 .text.MX_USART3_UART_Init
                0x0000000008004d30       0x54 ./Core/Src/usart.o
                0x0000000008004d30                MX_USART3_UART_Init
 .text.HAL_UART_MspInit
                0x0000000008004d84      0x2b0 ./Core/Src/usart.o
                0x0000000008004d84                HAL_UART_MspInit
 .text.Reset_Handler
                0x0000000008005034       0x50 ./Core/Startup/startup_stm32f429zitx.o
                0x0000000008005034                Reset_Handler
 .text.Default_Handler
                0x0000000008005084        0x2 ./Core/Startup/startup_stm32f429zitx.o
                0x0000000008005084                RTC_Alarm_IRQHandler
                0x0000000008005084                HASH_RNG_IRQHandler
                0x0000000008005084                EXTI2_IRQHandler
                0x0000000008005084                TIM8_CC_IRQHandler
                0x0000000008005084                UART8_IRQHandler
                0x0000000008005084                TIM1_CC_IRQHandler
                0x0000000008005084                DMA2_Stream5_IRQHandler
                0x0000000008005084                DMA1_Stream5_IRQHandler
                0x0000000008005084                PVD_IRQHandler
                0x0000000008005084                SDIO_IRQHandler
                0x0000000008005084                TAMP_STAMP_IRQHandler
                0x0000000008005084                CAN2_RX1_IRQHandler
                0x0000000008005084                EXTI3_IRQHandler
                0x0000000008005084                TIM8_TRG_COM_TIM14_IRQHandler
                0x0000000008005084                TIM1_UP_TIM10_IRQHandler
                0x0000000008005084                TIM8_UP_TIM13_IRQHandler
                0x0000000008005084                I2C3_ER_IRQHandler
                0x0000000008005084                EXTI0_IRQHandler
                0x0000000008005084                I2C2_EV_IRQHandler
                0x0000000008005084                DMA1_Stream2_IRQHandler
                0x0000000008005084                CAN1_RX0_IRQHandler
                0x0000000008005084                FPU_IRQHandler
                0x0000000008005084                OTG_HS_WKUP_IRQHandler
                0x0000000008005084                LTDC_ER_IRQHandler
                0x0000000008005084                CAN2_SCE_IRQHandler
                0x0000000008005084                SPI1_IRQHandler
                0x0000000008005084                TIM6_DAC_IRQHandler
                0x0000000008005084                TIM1_BRK_TIM9_IRQHandler
                0x0000000008005084                DCMI_IRQHandler
                0x0000000008005084                CAN2_RX0_IRQHandler
                0x0000000008005084                DMA2_Stream3_IRQHandler
                0x0000000008005084                USART6_IRQHandler
                0x0000000008005084                CAN1_RX1_IRQHandler
                0x0000000008005084                UART5_IRQHandler
                0x0000000008005084                TIM4_IRQHandler
                0x0000000008005084                I2C1_EV_IRQHandler
                0x0000000008005084                DMA1_Stream6_IRQHandler
                0x0000000008005084                UART4_IRQHandler
                0x0000000008005084                TIM3_IRQHandler
                0x0000000008005084                RCC_IRQHandler
                0x0000000008005084                TIM8_BRK_TIM12_IRQHandler
                0x0000000008005084                Default_Handler
                0x0000000008005084                EXTI15_10_IRQHandler
                0x0000000008005084                ADC_IRQHandler
                0x0000000008005084                DMA1_Stream7_IRQHandler
                0x0000000008005084                SPI5_IRQHandler
                0x0000000008005084                TIM7_IRQHandler
                0x0000000008005084                CAN2_TX_IRQHandler
                0x0000000008005084                TIM5_IRQHandler
                0x0000000008005084                I2C3_EV_IRQHandler
                0x0000000008005084                EXTI9_5_IRQHandler
                0x0000000008005084                RTC_WKUP_IRQHandler
                0x0000000008005084                LTDC_IRQHandler
                0x0000000008005084                ETH_WKUP_IRQHandler
                0x0000000008005084                SPI2_IRQHandler
                0x0000000008005084                OTG_HS_EP1_IN_IRQHandler
                0x0000000008005084                DMA1_Stream0_IRQHandler
                0x0000000008005084                CAN1_TX_IRQHandler
                0x0000000008005084                EXTI4_IRQHandler
                0x0000000008005084                ETH_IRQHandler
                0x0000000008005084                OTG_HS_EP1_OUT_IRQHandler
                0x0000000008005084                WWDG_IRQHandler
                0x0000000008005084                SPI6_IRQHandler
                0x0000000008005084                TIM2_IRQHandler
                0x0000000008005084                OTG_FS_WKUP_IRQHandler
                0x0000000008005084                TIM1_TRG_COM_TIM11_IRQHandler
                0x0000000008005084                OTG_HS_IRQHandler
                0x0000000008005084                DMA2D_IRQHandler
                0x0000000008005084                EXTI1_IRQHandler
                0x0000000008005084                UART7_IRQHandler
                0x0000000008005084                USART2_IRQHandler
                0x0000000008005084                I2C2_ER_IRQHandler
                0x0000000008005084                CAN1_SCE_IRQHandler
                0x0000000008005084                FLASH_IRQHandler
                0x0000000008005084                DMA2_Stream4_IRQHandler
                0x0000000008005084                OTG_FS_IRQHandler
                0x0000000008005084                SPI3_IRQHandler
                0x0000000008005084                DMA1_Stream4_IRQHandler
                0x0000000008005084                I2C1_ER_IRQHandler
                0x0000000008005084                FMC_IRQHandler
                0x0000000008005084                DMA2_Stream6_IRQHandler
                0x0000000008005084                SAI1_IRQHandler
 *fill*         0x0000000008005086        0x2 
 .text.HAL_Init
                0x0000000008005088       0x44 ./Drivers/STM32F4xx_HAL_Driver/Src/stm32f4xx_hal.o
                0x0000000008005088                HAL_Init
 .text.HAL_InitTick
                0x00000000080050cc       0x60 ./Drivers/STM32F4xx_HAL_Driver/Src/stm32f4xx_hal.o
                0x00000000080050cc                HAL_InitTick
 .text.HAL_IncTick
                0x000000000800512c       0x28 ./Drivers/STM32F4xx_HAL_Driver/Src/stm32f4xx_hal.o
                0x000000000800512c                HAL_IncTick
 .text.HAL_GetTick
                0x0000000008005154       0x18 ./Drivers/STM32F4xx_HAL_Driver/Src/stm32f4xx_hal.o
                0x0000000008005154                HAL_GetTick
 .text.HAL_Delay
                0x000000000800516c       0x48 ./Drivers/STM32F4xx_HAL_Driver/Src/stm32f4xx_hal.o
                0x000000000800516c                HAL_Delay
 .text.HAL_ADC_Init
                0x00000000080051b4       0x86 ./Drivers/STM32F4xx_HAL_Driver/Src/stm32f4xx_hal_adc.o
                0x00000000080051b4                HAL_ADC_Init
 *fill*         0x000000000800523a        0x2 
 .text.HAL_ADC_Start
                0x000000000800523c      0x1a4 ./Drivers/STM32F4xx_HAL_Driver/Src/stm32f4xx_hal_adc.o
                0x000000000800523c                HAL_ADC_Start
 .text.HAL_ADC_GetValue
                0x00000000080053e0       0x1a ./Drivers/STM32F4xx_HAL_Driver/Src/stm32f4xx_hal_adc.o
                0x00000000080053e0                HAL_ADC_GetValue
 *fill*         0x00000000080053fa        0x2 
 .text.HAL_ADC_ConfigChannel
                0x00000000080053fc      0x264 ./Drivers/STM32F4xx_HAL_Driver/Src/stm32f4xx_hal_adc.o
                0x00000000080053fc                HAL_ADC_ConfigChannel
 .text.ADC_Init
                0x0000000008005660      0x1f8 ./Drivers/STM32F4xx_HAL_Driver/Src/stm32f4xx_hal_adc.o
 .text.__NVIC_SetPriorityGrouping
                0x0000000008005858       0x48 ./Drivers/STM32F4xx_HAL_Driver/Src/stm32f4xx_hal_cortex.o
 .text.__NVIC_GetPriorityGrouping
                0x00000000080058a0       0x1c ./Drivers/STM32F4xx_HAL_Driver/Src/stm32f4xx_hal_cortex.o
 .text.__NVIC_EnableIRQ
                0x00000000080058bc       0x3c ./Drivers/STM32F4xx_HAL_Driver/Src/stm32f4xx_hal_cortex.o
 .text.__NVIC_SetPriority
                0x00000000080058f8       0x54 ./Drivers/STM32F4xx_HAL_Driver/Src/stm32f4xx_hal_cortex.o
 .text.NVIC_EncodePriority
                0x000000000800594c       0x66 ./Drivers/STM32F4xx_HAL_Driver/Src/stm32f4xx_hal_cortex.o
 *fill*         0x00000000080059b2        0x2 
 .text.SysTick_Config
                0x00000000080059b4       0x44 ./Drivers/STM32F4xx_HAL_Driver/Src/stm32f4xx_hal_cortex.o
 .text.HAL_NVIC_SetPriorityGrouping
                0x00000000080059f8       0x16 ./Drivers/STM32F4xx_HAL_Driver/Src/stm32f4xx_hal_cortex.o
                0x00000000080059f8                HAL_NVIC_SetPriorityGrouping
 .text.HAL_NVIC_SetPriority
                0x0000000008005a0e       0x38 ./Drivers/STM32F4xx_HAL_Driver/Src/stm32f4xx_hal_cortex.o
                0x0000000008005a0e                HAL_NVIC_SetPriority
 .text.HAL_NVIC_EnableIRQ
                0x0000000008005a46       0x1c ./Drivers/STM32F4xx_HAL_Driver/Src/stm32f4xx_hal_cortex.o
                0x0000000008005a46                HAL_NVIC_EnableIRQ
 .text.HAL_SYSTICK_Config
                0x0000000008005a62       0x18 ./Drivers/STM32F4xx_HAL_Driver/Src/stm32f4xx_hal_cortex.o
                0x0000000008005a62                HAL_SYSTICK_Config
 *fill*         0x0000000008005a7a        0x2 
 .text.HAL_DMA_Init
                0x0000000008005a7c      0x15c ./Drivers/STM32F4xx_HAL_Driver/Src/stm32f4xx_hal_dma.o
                0x0000000008005a7c                HAL_DMA_Init
 .text.HAL_DMA_Start_IT
                0x0000000008005bd8       0xb0 ./Drivers/STM32F4xx_HAL_Driver/Src/stm32f4xx_hal_dma.o
                0x0000000008005bd8                HAL_DMA_Start_IT
 .text.HAL_DMA_Abort
                0x0000000008005c88       0xe0 ./Drivers/STM32F4xx_HAL_Driver/Src/stm32f4xx_hal_dma.o
                0x0000000008005c88                HAL_DMA_Abort
 .text.HAL_DMA_Abort_IT
                0x0000000008005d68       0x44 ./Drivers/STM32F4xx_HAL_Driver/Src/stm32f4xx_hal_dma.o
                0x0000000008005d68                HAL_DMA_Abort_IT
 .text.HAL_DMA_IRQHandler
                0x0000000008005dac      0x314 ./Drivers/STM32F4xx_HAL_Driver/Src/stm32f4xx_hal_dma.o
                0x0000000008005dac                HAL_DMA_IRQHandler
 .text.DMA_SetConfig
                0x00000000080060c0       0x5c ./Drivers/STM32F4xx_HAL_Driver/Src/stm32f4xx_hal_dma.o
 .text.DMA_CalcBaseAndBitshift
                0x000000000800611c       0x6c ./Drivers/STM32F4xx_HAL_Driver/Src/stm32f4xx_hal_dma.o
 .text.DMA_CheckFifoParam
                0x0000000008006188       0xf8 ./Drivers/STM32F4xx_HAL_Driver/Src/stm32f4xx_hal_dma.o
 .text.HAL_GPIO_Init
                0x0000000008006280      0x358 ./Drivers/STM32F4xx_HAL_Driver/Src/stm32f4xx_hal_gpio.o
                0x0000000008006280                HAL_GPIO_Init
 .text.HAL_GPIO_ReadPin
                0x00000000080065d8       0x30 ./Drivers/STM32F4xx_HAL_Driver/Src/stm32f4xx_hal_gpio.o
                0x00000000080065d8                HAL_GPIO_ReadPin
 .text.HAL_GPIO_WritePin
                0x0000000008006608       0x32 ./Drivers/STM32F4xx_HAL_Driver/Src/stm32f4xx_hal_gpio.o
                0x0000000008006608                HAL_GPIO_WritePin
 *fill*         0x000000000800663a        0x2 
 .text.HAL_RCC_OscConfig
                0x000000000800663c      0x4f0 ./Drivers/STM32F4xx_HAL_Driver/Src/stm32f4xx_hal_rcc.o
                0x000000000800663c                HAL_RCC_OscConfig
 .text.HAL_RCC_ClockConfig
                0x0000000008006b2c      0x1cc ./Drivers/STM32F4xx_HAL_Driver/Src/stm32f4xx_hal_rcc.o
                0x0000000008006b2c                HAL_RCC_ClockConfig
 .text.HAL_RCC_GetSysClockFreq
                0x0000000008006cf8      0x208 ./Drivers/STM32F4xx_HAL_Driver/Src/stm32f4xx_hal_rcc.o
                0x0000000008006cf8                HAL_RCC_GetSysClockFreq
 .text.HAL_RCC_GetHCLKFreq
                0x0000000008006f00       0x18 ./Drivers/STM32F4xx_HAL_Driver/Src/stm32f4xx_hal_rcc.o
                0x0000000008006f00                HAL_RCC_GetHCLKFreq
 .text.HAL_RCC_GetPCLK1Freq
                0x0000000008006f18       0x28 ./Drivers/STM32F4xx_HAL_Driver/Src/stm32f4xx_hal_rcc.o
                0x0000000008006f18                HAL_RCC_GetPCLK1Freq
 .text.HAL_RCC_GetPCLK2Freq
                0x0000000008006f40       0x28 ./Drivers/STM32F4xx_HAL_Driver/Src/stm32f4xx_hal_rcc.o
                0x0000000008006f40                HAL_RCC_GetPCLK2Freq
 .text.HAL_RCCEx_PeriphCLKConfig
                0x0000000008006f68      0x380 ./Drivers/STM32F4xx_HAL_Driver/Src/stm32f4xx_hal_rcc_ex.o
                0x0000000008006f68                HAL_RCCEx_PeriphCLKConfig
 .text.HAL_RTC_Init
                0x00000000080072e8       0xec ./Drivers/STM32F4xx_HAL_Driver/Src/stm32f4xx_hal_rtc.o
                0x00000000080072e8                HAL_RTC_Init
 .text.HAL_RTC_SetTime
                0x00000000080073d4      0x134 ./Drivers/STM32F4xx_HAL_Driver/Src/stm32f4xx_hal_rtc.o
                0x00000000080073d4                HAL_RTC_SetTime
 .text.HAL_RTC_GetTime
                0x0000000008007508       0xbc ./Drivers/STM32F4xx_HAL_Driver/Src/stm32f4xx_hal_rtc.o
                0x0000000008007508                HAL_RTC_GetTime
 .text.HAL_RTC_SetDate
                0x00000000080075c4      0x108 ./Drivers/STM32F4xx_HAL_Driver/Src/stm32f4xx_hal_rtc.o
                0x00000000080075c4                HAL_RTC_SetDate
 .text.HAL_RTC_GetDate
                0x00000000080076cc       0x9e ./Drivers/STM32F4xx_HAL_Driver/Src/stm32f4xx_hal_rtc.o
                0x00000000080076cc                HAL_RTC_GetDate
 .text.HAL_RTC_WaitForSynchro
                0x000000000800776a       0x50 ./Drivers/STM32F4xx_HAL_Driver/Src/stm32f4xx_hal_rtc.o
                0x000000000800776a                HAL_RTC_WaitForSynchro
 .text.RTC_EnterInitMode
                0x00000000080077ba       0x6e ./Drivers/STM32F4xx_HAL_Driver/Src/stm32f4xx_hal_rtc.o
                0x00000000080077ba                RTC_EnterInitMode
 .text.RTC_ExitInitMode
                0x0000000008007828       0x4a ./Drivers/STM32F4xx_HAL_Driver/Src/stm32f4xx_hal_rtc.o
                0x0000000008007828                RTC_ExitInitMode
 .text.RTC_ByteToBcd2
                0x0000000008007872       0x3a ./Drivers/STM32F4xx_HAL_Driver/Src/stm32f4xx_hal_rtc.o
                0x0000000008007872                RTC_ByteToBcd2
 .text.RTC_Bcd2ToByte
                0x00000000080078ac       0x38 ./Drivers/STM32F4xx_HAL_Driver/Src/stm32f4xx_hal_rtc.o
                0x00000000080078ac                RTC_Bcd2ToByte
 .text.HAL_SPI_Init
                0x00000000080078e4      0x112 ./Drivers/STM32F4xx_HAL_Driver/Src/stm32f4xx_hal_spi.o
                0x00000000080078e4                HAL_SPI_Init
 .text.HAL_SPI_Transmit
                0x00000000080079f6      0x278 ./Drivers/STM32F4xx_HAL_Driver/Src/stm32f4xx_hal_spi.o
                0x00000000080079f6                HAL_SPI_Transmit
 .text.HAL_SPI_Receive
                0x0000000008007c6e      0x222 ./Drivers/STM32F4xx_HAL_Driver/Src/stm32f4xx_hal_spi.o
                0x0000000008007c6e                HAL_SPI_Receive
 .text.HAL_SPI_TransmitReceive
                0x0000000008007e90      0x344 ./Drivers/STM32F4xx_HAL_Driver/Src/stm32f4xx_hal_spi.o
                0x0000000008007e90                HAL_SPI_TransmitReceive
 .text.HAL_SPI_IRQHandler
                0x00000000080081d4      0x1e8 ./Drivers/STM32F4xx_HAL_Driver/Src/stm32f4xx_hal_spi.o
                0x00000000080081d4                HAL_SPI_IRQHandler
 .text.HAL_SPI_ErrorCallback
                0x00000000080083bc       0x14 ./Drivers/STM32F4xx_HAL_Driver/Src/stm32f4xx_hal_spi.o
                0x00000000080083bc                HAL_SPI_ErrorCallback
 .text.HAL_SPI_GetState
                0x00000000080083d0       0x1c ./Drivers/STM32F4xx_HAL_Driver/Src/stm32f4xx_hal_spi.o
                0x00000000080083d0                HAL_SPI_GetState
 .text.SPI_DMAAbortOnError
                0x00000000080083ec       0x28 ./Drivers/STM32F4xx_HAL_Driver/Src/stm32f4xx_hal_spi.o
 .text.SPI_WaitFlagStateUntilTimeout
                0x0000000008008414      0x110 ./Drivers/STM32F4xx_HAL_Driver/Src/stm32f4xx_hal_spi.o
 .text.SPI_EndRxTransaction
                0x0000000008008524       0xca ./Drivers/STM32F4xx_HAL_Driver/Src/stm32f4xx_hal_spi.o
 *fill*         0x00000000080085ee        0x2 
 .text.SPI_EndRxTxTransaction
                0x00000000080085f0       0x84 ./Drivers/STM32F4xx_HAL_Driver/Src/stm32f4xx_hal_spi.o
 .text.HAL_UART_Init
                0x0000000008008674       0x9a ./Drivers/STM32F4xx_HAL_Driver/Src/stm32f4xx_hal_uart.o
                0x0000000008008674                HAL_UART_Init
 .text.HAL_UART_Transmit
                0x000000000800870e      0x124 ./Drivers/STM32F4xx_HAL_Driver/Src/stm32f4xx_hal_uart.o
                0x000000000800870e                HAL_UART_Transmit
 *fill*         0x0000000008008832        0x2 
 .text.HAL_UART_Transmit_DMA
                0x0000000008008834       0xfc ./Drivers/STM32F4xx_HAL_Driver/Src/stm32f4xx_hal_uart.o
                0x0000000008008834                HAL_UART_Transmit_DMA
 .text.HAL_UARTEx_ReceiveToIdle_DMA
                0x0000000008008930       0xca ./Drivers/STM32F4xx_HAL_Driver/Src/stm32f4xx_hal_uart.o
                0x0000000008008930                HAL_UARTEx_ReceiveToIdle_DMA
 *fill*         0x00000000080089fa        0x2 
 .text.HAL_UART_IRQHandler
                0x00000000080089fc      0x51c ./Drivers/STM32F4xx_HAL_Driver/Src/stm32f4xx_hal_uart.o
                0x00000000080089fc                HAL_UART_IRQHandler
 .text.HAL_UART_TxCpltCallback
                0x0000000008008f18       0x14 ./Drivers/STM32F4xx_HAL_Driver/Src/stm32f4xx_hal_uart.o
                0x0000000008008f18                HAL_UART_TxCpltCallback
 .text.HAL_UART_TxHalfCpltCallback
                0x0000000008008f2c       0x14 ./Drivers/STM32F4xx_HAL_Driver/Src/stm32f4xx_hal_uart.o
                0x0000000008008f2c                HAL_UART_TxHalfCpltCallback
 .text.HAL_UART_RxCpltCallback
                0x0000000008008f40       0x14 ./Drivers/STM32F4xx_HAL_Driver/Src/stm32f4xx_hal_uart.o
                0x0000000008008f40                HAL_UART_RxCpltCallback
 .text.HAL_UART_RxHalfCpltCallback
                0x0000000008008f54       0x14 ./Drivers/STM32F4xx_HAL_Driver/Src/stm32f4xx_hal_uart.o
                0x0000000008008f54                HAL_UART_RxHalfCpltCallback
 .text.HAL_UART_ErrorCallback
                0x0000000008008f68       0x14 ./Drivers/STM32F4xx_HAL_Driver/Src/stm32f4xx_hal_uart.o
                0x0000000008008f68                HAL_UART_ErrorCallback
 .text.UART_DMATransmitCplt
                0x0000000008008f7c       0x9a ./Drivers/STM32F4xx_HAL_Driver/Src/stm32f4xx_hal_uart.o
 .text.UART_DMATxHalfCplt
                0x0000000008009016       0x1c ./Drivers/STM32F4xx_HAL_Driver/Src/stm32f4xx_hal_uart.o
 .text.UART_DMAReceiveCplt
                0x0000000008009032      0x126 ./Drivers/STM32F4xx_HAL_Driver/Src/stm32f4xx_hal_uart.o
 .text.UART_DMARxHalfCplt
                0x0000000008009158       0x36 ./Drivers/STM32F4xx_HAL_Driver/Src/stm32f4xx_hal_uart.o
 .text.UART_DMAError
                0x000000000800918e       0x94 ./Drivers/STM32F4xx_HAL_Driver/Src/stm32f4xx_hal_uart.o
 .text.UART_WaitOnFlagUntilTimeout
                0x0000000008009222       0xdc ./Drivers/STM32F4xx_HAL_Driver/Src/stm32f4xx_hal_uart.o
 *fill*         0x00000000080092fe        0x2 
 .text.UART_Start_Receive_DMA
                0x0000000008009300      0x13c ./Drivers/STM32F4xx_HAL_Driver/Src/stm32f4xx_hal_uart.o
                0x0000000008009300                UART_Start_Receive_DMA
 .text.UART_EndTxTransfer
                0x000000000800943c       0x50 ./Drivers/STM32F4xx_HAL_Driver/Src/stm32f4xx_hal_uart.o
 .text.UART_EndRxTransfer
                0x000000000800948c       0xc6 ./Drivers/STM32F4xx_HAL_Driver/Src/stm32f4xx_hal_uart.o
 .text.UART_DMAAbortOnError
                0x0000000008009552       0x28 ./Drivers/STM32F4xx_HAL_Driver/Src/stm32f4xx_hal_uart.o
 .text.UART_Transmit_IT
                0x000000000800957a       0xa0 ./Drivers/STM32F4xx_HAL_Driver/Src/stm32f4xx_hal_uart.o
 .text.UART_EndTransmit_IT
                0x000000000800961a       0x30 ./Drivers/STM32F4xx_HAL_Driver/Src/stm32f4xx_hal_uart.o
 .text.UART_Receive_IT
                0x000000000800964a      0x176 ./Drivers/STM32F4xx_HAL_Driver/Src/stm32f4xx_hal_uart.o
 .text.UART_SetConfig
                0x00000000080097c0      0x4e8 ./Drivers/STM32F4xx_HAL_Driver/Src/stm32f4xx_hal_uart.o
 .text.__cvt    0x0000000008009ca8       0xc4 C:/ST/STM32CubeIDE_1.13.1/STM32CubeIDE/plugins/com.st.stm32cube.ide.mcu.externaltools.gnu-tools-for-stm32.11.3.rel1.win32_1.1.0.202305231506/tools/bin/../lib/gcc/arm-none-eabi/11.3.1/../../../../arm-none-eabi/lib/thumb/v7e-m+fp/hard\libc_nano.a(libc_a-nano-vfprintf_float.o)
                0x0000000008009ca8                __cvt
 .text.__exponent
                0x0000000008009d6c       0x7c C:/ST/STM32CubeIDE_1.13.1/STM32CubeIDE/plugins/com.st.stm32cube.ide.mcu.externaltools.gnu-tools-for-stm32.11.3.rel1.win32_1.1.0.202305231506/tools/bin/../lib/gcc/arm-none-eabi/11.3.1/../../../../arm-none-eabi/lib/thumb/v7e-m+fp/hard\libc_nano.a(libc_a-nano-vfprintf_float.o)
                0x0000000008009d6c                __exponent
 .text._printf_float
                0x0000000008009de8      0x46c C:/ST/STM32CubeIDE_1.13.1/STM32CubeIDE/plugins/com.st.stm32cube.ide.mcu.externaltools.gnu-tools-for-stm32.11.3.rel1.win32_1.1.0.202305231506/tools/bin/../lib/gcc/arm-none-eabi/11.3.1/../../../../arm-none-eabi/lib/thumb/v7e-m+fp/hard\libc_nano.a(libc_a-nano-vfprintf_float.o)
                0x0000000008009de8                _printf_float
 .text._printf_common
                0x000000000800a254       0xda C:/ST/STM32CubeIDE_1.13.1/STM32CubeIDE/plugins/com.st.stm32cube.ide.mcu.externaltools.gnu-tools-for-stm32.11.3.rel1.win32_1.1.0.202305231506/tools/bin/../lib/gcc/arm-none-eabi/11.3.1/../../../../arm-none-eabi/lib/thumb/v7e-m+fp/hard\libc_nano.a(libc_a-nano-vfprintf_i.o)
                0x000000000800a254                _printf_common
 *fill*         0x000000000800a32e        0x2 
 .text._printf_i
                0x000000000800a330      0x244 C:/ST/STM32CubeIDE_1.13.1/STM32CubeIDE/plugins/com.st.stm32cube.ide.mcu.externaltools.gnu-tools-for-stm32.11.3.rel1.win32_1.1.0.202305231506/tools/bin/../lib/gcc/arm-none-eabi/11.3.1/../../../../arm-none-eabi/lib/thumb/v7e-m+fp/hard\libc_nano.a(libc_a-nano-vfprintf_i.o)
                0x000000000800a330                _printf_i
 .text.std      0x000000000800a574       0x48 C:/ST/STM32CubeIDE_1.13.1/STM32CubeIDE/plugins/com.st.stm32cube.ide.mcu.externaltools.gnu-tools-for-stm32.11.3.rel1.win32_1.1.0.202305231506/tools/bin/../lib/gcc/arm-none-eabi/11.3.1/../../../../arm-none-eabi/lib/thumb/v7e-m+fp/hard\libc_nano.a(libc_a-findfp.o)
 .text.stdio_exit_handler
                0x000000000800a5bc       0x18 C:/ST/STM32CubeIDE_1.13.1/STM32CubeIDE/plugins/com.st.stm32cube.ide.mcu.externaltools.gnu-tools-for-stm32.11.3.rel1.win32_1.1.0.202305231506/tools/bin/../lib/gcc/arm-none-eabi/11.3.1/../../../../arm-none-eabi/lib/thumb/v7e-m+fp/hard\libc_nano.a(libc_a-findfp.o)
 .text.cleanup_stdio
                0x000000000800a5d4       0x40 C:/ST/STM32CubeIDE_1.13.1/STM32CubeIDE/plugins/com.st.stm32cube.ide.mcu.externaltools.gnu-tools-for-stm32.11.3.rel1.win32_1.1.0.202305231506/tools/bin/../lib/gcc/arm-none-eabi/11.3.1/../../../../arm-none-eabi/lib/thumb/v7e-m+fp/hard\libc_nano.a(libc_a-findfp.o)
 .text.global_stdio_init.part.0
                0x000000000800a614       0x3c C:/ST/STM32CubeIDE_1.13.1/STM32CubeIDE/plugins/com.st.stm32cube.ide.mcu.externaltools.gnu-tools-for-stm32.11.3.rel1.win32_1.1.0.202305231506/tools/bin/../lib/gcc/arm-none-eabi/11.3.1/../../../../arm-none-eabi/lib/thumb/v7e-m+fp/hard\libc_nano.a(libc_a-findfp.o)
 .text.__sfp_lock_acquire
                0x000000000800a650        0xc C:/ST/STM32CubeIDE_1.13.1/STM32CubeIDE/plugins/com.st.stm32cube.ide.mcu.externaltools.gnu-tools-for-stm32.11.3.rel1.win32_1.1.0.202305231506/tools/bin/../lib/gcc/arm-none-eabi/11.3.1/../../../../arm-none-eabi/lib/thumb/v7e-m+fp/hard\libc_nano.a(libc_a-findfp.o)
                0x000000000800a650                __sfp_lock_acquire
 .text.__sfp_lock_release
                0x000000000800a65c        0xc C:/ST/STM32CubeIDE_1.13.1/STM32CubeIDE/plugins/com.st.stm32cube.ide.mcu.externaltools.gnu-tools-for-stm32.11.3.rel1.win32_1.1.0.202305231506/tools/bin/../lib/gcc/arm-none-eabi/11.3.1/../../../../arm-none-eabi/lib/thumb/v7e-m+fp/hard\libc_nano.a(libc_a-findfp.o)
                0x000000000800a65c                __sfp_lock_release
 .text.__sinit  0x000000000800a668       0x30 C:/ST/STM32CubeIDE_1.13.1/STM32CubeIDE/plugins/com.st.stm32cube.ide.mcu.externaltools.gnu-tools-for-stm32.11.3.rel1.win32_1.1.0.202305231506/tools/bin/../lib/gcc/arm-none-eabi/11.3.1/../../../../arm-none-eabi/lib/thumb/v7e-m+fp/hard\libc_nano.a(libc_a-findfp.o)
                0x000000000800a668                __sinit
 .text._fwalk_sglue
                0x000000000800a698       0x3c C:/ST/STM32CubeIDE_1.13.1/STM32CubeIDE/plugins/com.st.stm32cube.ide.mcu.externaltools.gnu-tools-for-stm32.11.3.rel1.win32_1.1.0.202305231506/tools/bin/../lib/gcc/arm-none-eabi/11.3.1/../../../../arm-none-eabi/lib/thumb/v7e-m+fp/hard\libc_nano.a(libc_a-fwalk.o)
                0x000000000800a698                _fwalk_sglue
 .text.printf   0x000000000800a6d4       0x24 C:/ST/STM32CubeIDE_1.13.1/STM32CubeIDE/plugins/com.st.stm32cube.ide.mcu.externaltools.gnu-tools-for-stm32.11.3.rel1.win32_1.1.0.202305231506/tools/bin/../lib/gcc/arm-none-eabi/11.3.1/../../../../arm-none-eabi/lib/thumb/v7e-m+fp/hard\libc_nano.a(libc_a-printf.o)
                0x000000000800a6d4                iprintf
                0x000000000800a6d4                printf
 .text._puts_r  0x000000000800a6f8       0xa8 C:/ST/STM32CubeIDE_1.13.1/STM32CubeIDE/plugins/com.st.stm32cube.ide.mcu.externaltools.gnu-tools-for-stm32.11.3.rel1.win32_1.1.0.202305231506/tools/bin/../lib/gcc/arm-none-eabi/11.3.1/../../../../arm-none-eabi/lib/thumb/v7e-m+fp/hard\libc_nano.a(libc_a-puts.o)
                0x000000000800a6f8                _puts_r
 .text.puts     0x000000000800a7a0       0x10 C:/ST/STM32CubeIDE_1.13.1/STM32CubeIDE/plugins/com.st.stm32cube.ide.mcu.externaltools.gnu-tools-for-stm32.11.3.rel1.win32_1.1.0.202305231506/tools/bin/../lib/gcc/arm-none-eabi/11.3.1/../../../../arm-none-eabi/lib/thumb/v7e-m+fp/hard\libc_nano.a(libc_a-puts.o)
                0x000000000800a7a0                puts
 .text.__sread  0x000000000800a7b0       0x22 C:/ST/STM32CubeIDE_1.13.1/STM32CubeIDE/plugins/com.st.stm32cube.ide.mcu.externaltools.gnu-tools-for-stm32.11.3.rel1.win32_1.1.0.202305231506/tools/bin/../lib/gcc/arm-none-eabi/11.3.1/../../../../arm-none-eabi/lib/thumb/v7e-m+fp/hard\libc_nano.a(libc_a-stdio.o)
                0x000000000800a7b0                __sread
 .text.__swrite
                0x000000000800a7d2       0x38 C:/ST/STM32CubeIDE_1.13.1/STM32CubeIDE/plugins/com.st.stm32cube.ide.mcu.externaltools.gnu-tools-for-stm32.11.3.rel1.win32_1.1.0.202305231506/tools/bin/../lib/gcc/arm-none-eabi/11.3.1/../../../../arm-none-eabi/lib/thumb/v7e-m+fp/hard\libc_nano.a(libc_a-stdio.o)
                0x000000000800a7d2                __swrite
 .text.__sseek  0x000000000800a80a       0x24 C:/ST/STM32CubeIDE_1.13.1/STM32CubeIDE/plugins/com.st.stm32cube.ide.mcu.externaltools.gnu-tools-for-stm32.11.3.rel1.win32_1.1.0.202305231506/tools/bin/../lib/gcc/arm-none-eabi/11.3.1/../../../../arm-none-eabi/lib/thumb/v7e-m+fp/hard\libc_nano.a(libc_a-stdio.o)
                0x000000000800a80a                __sseek
 .text.__sclose
                0x000000000800a82e        0x8 C:/ST/STM32CubeIDE_1.13.1/STM32CubeIDE/plugins/com.st.stm32cube.ide.mcu.externaltools.gnu-tools-for-stm32.11.3.rel1.win32_1.1.0.202305231506/tools/bin/../lib/gcc/arm-none-eabi/11.3.1/../../../../arm-none-eabi/lib/thumb/v7e-m+fp/hard\libc_nano.a(libc_a-stdio.o)
                0x000000000800a82e                __sclose
 .text.__swbuf_r
                0x000000000800a836       0x7a C:/ST/STM32CubeIDE_1.13.1/STM32CubeIDE/plugins/com.st.stm32cube.ide.mcu.externaltools.gnu-tools-for-stm32.11.3.rel1.win32_1.1.0.202305231506/tools/bin/../lib/gcc/arm-none-eabi/11.3.1/../../../../arm-none-eabi/lib/thumb/v7e-m+fp/hard\libc_nano.a(libc_a-wbuf.o)
                0x000000000800a836                __swbuf_r
 .text.__swsetup_r
                0x000000000800a8b0       0xb0 C:/ST/STM32CubeIDE_1.13.1/STM32CubeIDE/plugins/com.st.stm32cube.ide.mcu.externaltools.gnu-tools-for-stm32.11.3.rel1.win32_1.1.0.202305231506/tools/bin/../lib/gcc/arm-none-eabi/11.3.1/../../../../arm-none-eabi/lib/thumb/v7e-m+fp/hard\libc_nano.a(libc_a-wsetup.o)
                0x000000000800a8b0                __swsetup_r
 .text.memset   0x000000000800a960       0x10 C:/ST/STM32CubeIDE_1.13.1/STM32CubeIDE/plugins/com.st.stm32cube.ide.mcu.externaltools.gnu-tools-for-stm32.11.3.rel1.win32_1.1.0.202305231506/tools/bin/../lib/gcc/arm-none-eabi/11.3.1/../../../../arm-none-eabi/lib/thumb/v7e-m+fp/hard\libc_nano.a(libc_a-memset.o)
                0x000000000800a960                memset
 .text._localeconv_r
                0x000000000800a970        0x8 C:/ST/STM32CubeIDE_1.13.1/STM32CubeIDE/plugins/com.st.stm32cube.ide.mcu.externaltools.gnu-tools-for-stm32.11.3.rel1.win32_1.1.0.202305231506/tools/bin/../lib/gcc/arm-none-eabi/11.3.1/../../../../arm-none-eabi/lib/thumb/v7e-m+fp/hard\libc_nano.a(libc_a-localeconv.o)
                0x000000000800a970                _localeconv_r
 .text._close_r
                0x000000000800a978       0x20 C:/ST/STM32CubeIDE_1.13.1/STM32CubeIDE/plugins/com.st.stm32cube.ide.mcu.externaltools.gnu-tools-for-stm32.11.3.rel1.win32_1.1.0.202305231506/tools/bin/../lib/gcc/arm-none-eabi/11.3.1/../../../../arm-none-eabi/lib/thumb/v7e-m+fp/hard\libc_nano.a(libc_a-closer.o)
                0x000000000800a978                _close_r
 .text._lseek_r
                0x000000000800a998       0x24 C:/ST/STM32CubeIDE_1.13.1/STM32CubeIDE/plugins/com.st.stm32cube.ide.mcu.externaltools.gnu-tools-for-stm32.11.3.rel1.win32_1.1.0.202305231506/tools/bin/../lib/gcc/arm-none-eabi/11.3.1/../../../../arm-none-eabi/lib/thumb/v7e-m+fp/hard\libc_nano.a(libc_a-lseekr.o)
                0x000000000800a998                _lseek_r
 .text._read_r  0x000000000800a9bc       0x24 C:/ST/STM32CubeIDE_1.13.1/STM32CubeIDE/plugins/com.st.stm32cube.ide.mcu.externaltools.gnu-tools-for-stm32.11.3.rel1.win32_1.1.0.202305231506/tools/bin/../lib/gcc/arm-none-eabi/11.3.1/../../../../arm-none-eabi/lib/thumb/v7e-m+fp/hard\libc_nano.a(libc_a-readr.o)
                0x000000000800a9bc                _read_r
 .text._write_r
                0x000000000800a9e0       0x24 C:/ST/STM32CubeIDE_1.13.1/STM32CubeIDE/plugins/com.st.stm32cube.ide.mcu.externaltools.gnu-tools-for-stm32.11.3.rel1.win32_1.1.0.202305231506/tools/bin/../lib/gcc/arm-none-eabi/11.3.1/../../../../arm-none-eabi/lib/thumb/v7e-m+fp/hard\libc_nano.a(libc_a-writer.o)
                0x000000000800a9e0                _write_r
 .text.__errno  0x000000000800aa04        0xc C:/ST/STM32CubeIDE_1.13.1/STM32CubeIDE/plugins/com.st.stm32cube.ide.mcu.externaltools.gnu-tools-for-stm32.11.3.rel1.win32_1.1.0.202305231506/tools/bin/../lib/gcc/arm-none-eabi/11.3.1/../../../../arm-none-eabi/lib/thumb/v7e-m+fp/hard\libc_nano.a(libc_a-errno.o)
                0x000000000800aa04                __errno
 .text.__libc_init_array
                0x000000000800aa10       0x48 C:/ST/STM32CubeIDE_1.13.1/STM32CubeIDE/plugins/com.st.stm32cube.ide.mcu.externaltools.gnu-tools-for-stm32.11.3.rel1.win32_1.1.0.202305231506/tools/bin/../lib/gcc/arm-none-eabi/11.3.1/../../../../arm-none-eabi/lib/thumb/v7e-m+fp/hard\libc_nano.a(libc_a-init.o)
                0x000000000800aa10                __libc_init_array
 .text.__retarget_lock_acquire_recursive
                0x000000000800aa58        0x2 C:/ST/STM32CubeIDE_1.13.1/STM32CubeIDE/plugins/com.st.stm32cube.ide.mcu.externaltools.gnu-tools-for-stm32.11.3.rel1.win32_1.1.0.202305231506/tools/bin/../lib/gcc/arm-none-eabi/11.3.1/../../../../arm-none-eabi/lib/thumb/v7e-m+fp/hard\libc_nano.a(libc_a-lock.o)
                0x000000000800aa58                __retarget_lock_acquire_recursive
 .text.__retarget_lock_release_recursive
                0x000000000800aa5a        0x2 C:/ST/STM32CubeIDE_1.13.1/STM32CubeIDE/plugins/com.st.stm32cube.ide.mcu.externaltools.gnu-tools-for-stm32.11.3.rel1.win32_1.1.0.202305231506/tools/bin/../lib/gcc/arm-none-eabi/11.3.1/../../../../arm-none-eabi/lib/thumb/v7e-m+fp/hard\libc_nano.a(libc_a-lock.o)
                0x000000000800aa5a                __retarget_lock_release_recursive
 .text.memcpy   0x000000000800aa5c       0x1c C:/ST/STM32CubeIDE_1.13.1/STM32CubeIDE/plugins/com.st.stm32cube.ide.mcu.externaltools.gnu-tools-for-stm32.11.3.rel1.win32_1.1.0.202305231506/tools/bin/../lib/gcc/arm-none-eabi/11.3.1/../../../../arm-none-eabi/lib/thumb/v7e-m+fp/hard\libc_nano.a(libc_a-memcpy-stub.o)
                0x000000000800aa5c                memcpy
 .text.quorem   0x000000000800aa78      0x110 C:/ST/STM32CubeIDE_1.13.1/STM32CubeIDE/plugins/com.st.stm32cube.ide.mcu.externaltools.gnu-tools-for-stm32.11.3.rel1.win32_1.1.0.202305231506/tools/bin/../lib/gcc/arm-none-eabi/11.3.1/../../../../arm-none-eabi/lib/thumb/v7e-m+fp/hard\libc_nano.a(libc_a-dtoa.o)
 .text._dtoa_r  0x000000000800ab88      0xbe4 C:/ST/STM32CubeIDE_1.13.1/STM32CubeIDE/plugins/com.st.stm32cube.ide.mcu.externaltools.gnu-tools-for-stm32.11.3.rel1.win32_1.1.0.202305231506/tools/bin/../lib/gcc/arm-none-eabi/11.3.1/../../../../arm-none-eabi/lib/thumb/v7e-m+fp/hard\libc_nano.a(libc_a-dtoa.o)
                0x000000000800ab88                _dtoa_r
 .text._free_r  0x000000000800b76c       0x98 C:/ST/STM32CubeIDE_1.13.1/STM32CubeIDE/plugins/com.st.stm32cube.ide.mcu.externaltools.gnu-tools-for-stm32.11.3.rel1.win32_1.1.0.202305231506/tools/bin/../lib/gcc/arm-none-eabi/11.3.1/../../../../arm-none-eabi/lib/thumb/v7e-m+fp/hard\libc_nano.a(libc_a-freer.o)
                0x000000000800b76c                _free_r
 .text.malloc   0x000000000800b804       0x10 C:/ST/STM32CubeIDE_1.13.1/STM32CubeIDE/plugins/com.st.stm32cube.ide.mcu.externaltools.gnu-tools-for-stm32.11.3.rel1.win32_1.1.0.202305231506/tools/bin/../lib/gcc/arm-none-eabi/11.3.1/../../../../arm-none-eabi/lib/thumb/v7e-m+fp/hard\libc_nano.a(libc_a-malloc.o)
                0x000000000800b804                malloc
 .text.sbrk_aligned
                0x000000000800b814       0x40 C:/ST/STM32CubeIDE_1.13.1/STM32CubeIDE/plugins/com.st.stm32cube.ide.mcu.externaltools.gnu-tools-for-stm32.11.3.rel1.win32_1.1.0.202305231506/tools/bin/../lib/gcc/arm-none-eabi/11.3.1/../../../../arm-none-eabi/lib/thumb/v7e-m+fp/hard\libc_nano.a(libc_a-mallocr.o)
 .text._malloc_r
                0x000000000800b854      0x100 C:/ST/STM32CubeIDE_1.13.1/STM32CubeIDE/plugins/com.st.stm32cube.ide.mcu.externaltools.gnu-tools-for-stm32.11.3.rel1.win32_1.1.0.202305231506/tools/bin/../lib/gcc/arm-none-eabi/11.3.1/../../../../arm-none-eabi/lib/thumb/v7e-m+fp/hard\libc_nano.a(libc_a-mallocr.o)
                0x000000000800b854                _malloc_r
 .text.__malloc_lock
                0x000000000800b954        0xc C:/ST/STM32CubeIDE_1.13.1/STM32CubeIDE/plugins/com.st.stm32cube.ide.mcu.externaltools.gnu-tools-for-stm32.11.3.rel1.win32_1.1.0.202305231506/tools/bin/../lib/gcc/arm-none-eabi/11.3.1/../../../../arm-none-eabi/lib/thumb/v7e-m+fp/hard\libc_nano.a(libc_a-mlock.o)
                0x000000000800b954                __malloc_lock
 .text.__malloc_unlock
                0x000000000800b960        0xc C:/ST/STM32CubeIDE_1.13.1/STM32CubeIDE/plugins/com.st.stm32cube.ide.mcu.externaltools.gnu-tools-for-stm32.11.3.rel1.win32_1.1.0.202305231506/tools/bin/../lib/gcc/arm-none-eabi/11.3.1/../../../../arm-none-eabi/lib/thumb/v7e-m+fp/hard\libc_nano.a(libc_a-mlock.o)
                0x000000000800b960                __malloc_unlock
 .text._Balloc  0x000000000800b96c       0x80 C:/ST/STM32CubeIDE_1.13.1/STM32CubeIDE/plugins/com.st.stm32cube.ide.mcu.externaltools.gnu-tools-for-stm32.11.3.rel1.win32_1.1.0.202305231506/tools/bin/../lib/gcc/arm-none-eabi/11.3.1/../../../../arm-none-eabi/lib/thumb/v7e-m+fp/hard\libc_nano.a(libc_a-mprec.o)
                0x000000000800b96c                _Balloc
 .text._Bfree   0x000000000800b9ec       0x44 C:/ST/STM32CubeIDE_1.13.1/STM32CubeIDE/plugins/com.st.stm32cube.ide.mcu.externaltools.gnu-tools-for-stm32.11.3.rel1.win32_1.1.0.202305231506/tools/bin/../lib/gcc/arm-none-eabi/11.3.1/../../../../arm-none-eabi/lib/thumb/v7e-m+fp/hard\libc_nano.a(libc_a-mprec.o)
                0x000000000800b9ec                _Bfree
 .text.__multadd
                0x000000000800ba30       0x8c C:/ST/STM32CubeIDE_1.13.1/STM32CubeIDE/plugins/com.st.stm32cube.ide.mcu.externaltools.gnu-tools-for-stm32.11.3.rel1.win32_1.1.0.202305231506/tools/bin/../lib/gcc/arm-none-eabi/11.3.1/../../../../arm-none-eabi/lib/thumb/v7e-m+fp/hard\libc_nano.a(libc_a-mprec.o)
                0x000000000800ba30                __multadd
 .text.__hi0bits
                0x000000000800babc       0x40 C:/ST/STM32CubeIDE_1.13.1/STM32CubeIDE/plugins/com.st.stm32cube.ide.mcu.externaltools.gnu-tools-for-stm32.11.3.rel1.win32_1.1.0.202305231506/tools/bin/../lib/gcc/arm-none-eabi/11.3.1/../../../../arm-none-eabi/lib/thumb/v7e-m+fp/hard\libc_nano.a(libc_a-mprec.o)
                0x000000000800babc                __hi0bits
 .text.__lo0bits
                0x000000000800bafc       0x5a C:/ST/STM32CubeIDE_1.13.1/STM32CubeIDE/plugins/com.st.stm32cube.ide.mcu.externaltools.gnu-tools-for-stm32.11.3.rel1.win32_1.1.0.202305231506/tools/bin/../lib/gcc/arm-none-eabi/11.3.1/../../../../arm-none-eabi/lib/thumb/v7e-m+fp/hard\libc_nano.a(libc_a-mprec.o)
                0x000000000800bafc                __lo0bits
 *fill*         0x000000000800bb56        0x2 
 .text.__i2b    0x000000000800bb58       0x2c C:/ST/STM32CubeIDE_1.13.1/STM32CubeIDE/plugins/com.st.stm32cube.ide.mcu.externaltools.gnu-tools-for-stm32.11.3.rel1.win32_1.1.0.202305231506/tools/bin/../lib/gcc/arm-none-eabi/11.3.1/../../../../arm-none-eabi/lib/thumb/v7e-m+fp/hard\libc_nano.a(libc_a-mprec.o)
                0x000000000800bb58                __i2b
 .text.__multiply
                0x000000000800bb84      0x154 C:/ST/STM32CubeIDE_1.13.1/STM32CubeIDE/plugins/com.st.stm32cube.ide.mcu.externaltools.gnu-tools-for-stm32.11.3.rel1.win32_1.1.0.202305231506/tools/bin/../lib/gcc/arm-none-eabi/11.3.1/../../../../arm-none-eabi/lib/thumb/v7e-m+fp/hard\libc_nano.a(libc_a-mprec.o)
                0x000000000800bb84                __multiply
 .text.__pow5mult
                0x000000000800bcd8       0xb4 C:/ST/STM32CubeIDE_1.13.1/STM32CubeIDE/plugins/com.st.stm32cube.ide.mcu.externaltools.gnu-tools-for-stm32.11.3.rel1.win32_1.1.0.202305231506/tools/bin/../lib/gcc/arm-none-eabi/11.3.1/../../../../arm-none-eabi/lib/thumb/v7e-m+fp/hard\libc_nano.a(libc_a-mprec.o)
                0x000000000800bcd8                __pow5mult
 .text.__lshift
                0x000000000800bd8c       0xd8 C:/ST/STM32CubeIDE_1.13.1/STM32CubeIDE/plugins/com.st.stm32cube.ide.mcu.externaltools.gnu-tools-for-stm32.11.3.rel1.win32_1.1.0.202305231506/tools/bin/../lib/gcc/arm-none-eabi/11.3.1/../../../../arm-none-eabi/lib/thumb/v7e-m+fp/hard\libc_nano.a(libc_a-mprec.o)
                0x000000000800bd8c                __lshift
 .text.__mcmp   0x000000000800be64       0x38 C:/ST/STM32CubeIDE_1.13.1/STM32CubeIDE/plugins/com.st.stm32cube.ide.mcu.externaltools.gnu-tools-for-stm32.11.3.rel1.win32_1.1.0.202305231506/tools/bin/../lib/gcc/arm-none-eabi/11.3.1/../../../../arm-none-eabi/lib/thumb/v7e-m+fp/hard\libc_nano.a(libc_a-mprec.o)
                0x000000000800be64                __mcmp
 .text.__mdiff  0x000000000800be9c      0x114 C:/ST/STM32CubeIDE_1.13.1/STM32CubeIDE/plugins/com.st.stm32cube.ide.mcu.externaltools.gnu-tools-for-stm32.11.3.rel1.win32_1.1.0.202305231506/tools/bin/../lib/gcc/arm-none-eabi/11.3.1/../../../../arm-none-eabi/lib/thumb/v7e-m+fp/hard\libc_nano.a(libc_a-mprec.o)
                0x000000000800be9c                __mdiff
 .text.__d2b    0x000000000800bfb0       0xb4 C:/ST/STM32CubeIDE_1.13.1/STM32CubeIDE/plugins/com.st.stm32cube.ide.mcu.externaltools.gnu-tools-for-stm32.11.3.rel1.win32_1.1.0.202305231506/tools/bin/../lib/gcc/arm-none-eabi/11.3.1/../../../../arm-none-eabi/lib/thumb/v7e-m+fp/hard\libc_nano.a(libc_a-mprec.o)
                0x000000000800bfb0                __d2b
 .text.__sfputc_r
                0x000000000800c064       0x2e C:/ST/STM32CubeIDE_1.13.1/STM32CubeIDE/plugins/com.st.stm32cube.ide.mcu.externaltools.gnu-tools-for-stm32.11.3.rel1.win32_1.1.0.202305231506/tools/bin/../lib/gcc/arm-none-eabi/11.3.1/../../../../arm-none-eabi/lib/thumb/v7e-m+fp/hard\libc_nano.a(libc_a-nano-vfprintf.o)
 .text.__sfputs_r
                0x000000000800c092       0x24 C:/ST/STM32CubeIDE_1.13.1/STM32CubeIDE/plugins/com.st.stm32cube.ide.mcu.externaltools.gnu-tools-for-stm32.11.3.rel1.win32_1.1.0.202305231506/tools/bin/../lib/gcc/arm-none-eabi/11.3.1/../../../../arm-none-eabi/lib/thumb/v7e-m+fp/hard\libc_nano.a(libc_a-nano-vfprintf.o)
                0x000000000800c092                __sfputs_r
 *fill*         0x000000000800c0b6        0x2 
 .text._vfprintf_r
                0x000000000800c0b8      0x234 C:/ST/STM32CubeIDE_1.13.1/STM32CubeIDE/plugins/com.st.stm32cube.ide.mcu.externaltools.gnu-tools-for-stm32.11.3.rel1.win32_1.1.0.202305231506/tools/bin/../lib/gcc/arm-none-eabi/11.3.1/../../../../arm-none-eabi/lib/thumb/v7e-m+fp/hard\libc_nano.a(libc_a-nano-vfprintf.o)
                0x000000000800c0b8                _vfprintf_r
                0x000000000800c0b8                _vfiprintf_r
 .text.__sflush_r
                0x000000000800c2ec      0x10c C:/ST/STM32CubeIDE_1.13.1/STM32CubeIDE/plugins/com.st.stm32cube.ide.mcu.externaltools.gnu-tools-for-stm32.11.3.rel1.win32_1.1.0.202305231506/tools/bin/../lib/gcc/arm-none-eabi/11.3.1/../../../../arm-none-eabi/lib/thumb/v7e-m+fp/hard\libc_nano.a(libc_a-fflush.o)
                0x000000000800c2ec                __sflush_r
 .text._fflush_r
                0x000000000800c3f8       0x50 C:/ST/STM32CubeIDE_1.13.1/STM32CubeIDE/plugins/com.st.stm32cube.ide.mcu.externaltools.gnu-tools-for-stm32.11.3.rel1.win32_1.1.0.202305231506/tools/bin/../lib/gcc/arm-none-eabi/11.3.1/../../../../arm-none-eabi/lib/thumb/v7e-m+fp/hard\libc_nano.a(libc_a-fflush.o)
                0x000000000800c3f8                _fflush_r
 .text.__swhatbuf_r
                0x000000000800c448       0x4c C:/ST/STM32CubeIDE_1.13.1/STM32CubeIDE/plugins/com.st.stm32cube.ide.mcu.externaltools.gnu-tools-for-stm32.11.3.rel1.win32_1.1.0.202305231506/tools/bin/../lib/gcc/arm-none-eabi/11.3.1/../../../../arm-none-eabi/lib/thumb/v7e-m+fp/hard\libc_nano.a(libc_a-makebuf.o)
                0x000000000800c448                __swhatbuf_r
 .text.__smakebuf_r
                0x000000000800c494       0x78 C:/ST/STM32CubeIDE_1.13.1/STM32CubeIDE/plugins/com.st.stm32cube.ide.mcu.externaltools.gnu-tools-for-stm32.11.3.rel1.win32_1.1.0.202305231506/tools/bin/../lib/gcc/arm-none-eabi/11.3.1/../../../../arm-none-eabi/lib/thumb/v7e-m+fp/hard\libc_nano.a(libc_a-makebuf.o)
                0x000000000800c494                __smakebuf_r
 .text._fstat_r
                0x000000000800c50c       0x24 C:/ST/STM32CubeIDE_1.13.1/STM32CubeIDE/plugins/com.st.stm32cube.ide.mcu.externaltools.gnu-tools-for-stm32.11.3.rel1.win32_1.1.0.202305231506/tools/bin/../lib/gcc/arm-none-eabi/11.3.1/../../../../arm-none-eabi/lib/thumb/v7e-m+fp/hard\libc_nano.a(libc_a-fstatr.o)
                0x000000000800c50c                _fstat_r
 .text._isatty_r
                0x000000000800c530       0x20 C:/ST/STM32CubeIDE_1.13.1/STM32CubeIDE/plugins/com.st.stm32cube.ide.mcu.externaltools.gnu-tools-for-stm32.11.3.rel1.win32_1.1.0.202305231506/tools/bin/../lib/gcc/arm-none-eabi/11.3.1/../../../../arm-none-eabi/lib/thumb/v7e-m+fp/hard\libc_nano.a(libc_a-isattyr.o)
                0x000000000800c530                _isatty_r
 .text._sbrk_r  0x000000000800c550       0x20 C:/ST/STM32CubeIDE_1.13.1/STM32CubeIDE/plugins/com.st.stm32cube.ide.mcu.externaltools.gnu-tools-for-stm32.11.3.rel1.win32_1.1.0.202305231506/tools/bin/../lib/gcc/arm-none-eabi/11.3.1/../../../../arm-none-eabi/lib/thumb/v7e-m+fp/hard\libc_nano.a(libc_a-sbrkr.o)
                0x000000000800c550                _sbrk_r
 .text.__assert_func
                0x000000000800c570       0x3c C:/ST/STM32CubeIDE_1.13.1/STM32CubeIDE/plugins/com.st.stm32cube.ide.mcu.externaltools.gnu-tools-for-stm32.11.3.rel1.win32_1.1.0.202305231506/tools/bin/../lib/gcc/arm-none-eabi/11.3.1/../../../../arm-none-eabi/lib/thumb/v7e-m+fp/hard\libc_nano.a(libc_a-assert.o)
                0x000000000800c570                __assert_func
 .text._calloc_r
                0x000000000800c5ac       0x2c C:/ST/STM32CubeIDE_1.13.1/STM32CubeIDE/plugins/com.st.stm32cube.ide.mcu.externaltools.gnu-tools-for-stm32.11.3.rel1.win32_1.1.0.202305231506/tools/bin/../lib/gcc/arm-none-eabi/11.3.1/../../../../arm-none-eabi/lib/thumb/v7e-m+fp/hard\libc_nano.a(libc_a-callocr.o)
                0x000000000800c5ac                _calloc_r
 .text.__ascii_mbtowc
                0x000000000800c5d8       0x24 C:/ST/STM32CubeIDE_1.13.1/STM32CubeIDE/plugins/com.st.stm32cube.ide.mcu.externaltools.gnu-tools-for-stm32.11.3.rel1.win32_1.1.0.202305231506/tools/bin/../lib/gcc/arm-none-eabi/11.3.1/../../../../arm-none-eabi/lib/thumb/v7e-m+fp/hard\libc_nano.a(libc_a-mbtowc_r.o)
                0x000000000800c5d8                __ascii_mbtowc
 .text.__ascii_wctomb
                0x000000000800c5fc       0x1a C:/ST/STM32CubeIDE_1.13.1/STM32CubeIDE/plugins/com.st.stm32cube.ide.mcu.externaltools.gnu-tools-for-stm32.11.3.rel1.win32_1.1.0.202305231506/tools/bin/../lib/gcc/arm-none-eabi/11.3.1/../../../../arm-none-eabi/lib/thumb/v7e-m+fp/hard\libc_nano.a(libc_a-wctomb_r.o)
                0x000000000800c5fc                __ascii_wctomb
 *fill*         0x000000000800c616        0x2 
 .text.fprintf  0x000000000800c618       0x24 C:/ST/STM32CubeIDE_1.13.1/STM32CubeIDE/plugins/com.st.stm32cube.ide.mcu.externaltools.gnu-tools-for-stm32.11.3.rel1.win32_1.1.0.202305231506/tools/bin/../lib/gcc/arm-none-eabi/11.3.1/../../../../arm-none-eabi/lib/thumb/v7e-m+fp/hard\libc_nano.a(libc_a-fprintf.o)
                0x000000000800c618                fiprintf
                0x000000000800c618                fprintf
 .text.abort    0x000000000800c63c        0xe C:/ST/STM32CubeIDE_1.13.1/STM32CubeIDE/plugins/com.st.stm32cube.ide.mcu.externaltools.gnu-tools-for-stm32.11.3.rel1.win32_1.1.0.202305231506/tools/bin/../lib/gcc/arm-none-eabi/11.3.1/../../../../arm-none-eabi/lib/thumb/v7e-m+fp/hard\libc_nano.a(libc_a-abort.o)
                0x000000000800c63c                abort
 .text._raise_r
                0x000000000800c64a       0x50 C:/ST/STM32CubeIDE_1.13.1/STM32CubeIDE/plugins/com.st.stm32cube.ide.mcu.externaltools.gnu-tools-for-stm32.11.3.rel1.win32_1.1.0.202305231506/tools/bin/../lib/gcc/arm-none-eabi/11.3.1/../../../../arm-none-eabi/lib/thumb/v7e-m+fp/hard\libc_nano.a(libc_a-signal.o)
                0x000000000800c64a                _raise_r
 *fill*         0x000000000800c69a        0x2 
 .text.raise    0x000000000800c69c       0x10 C:/ST/STM32CubeIDE_1.13.1/STM32CubeIDE/plugins/com.st.stm32cube.ide.mcu.externaltools.gnu-tools-for-stm32.11.3.rel1.win32_1.1.0.202305231506/tools/bin/../lib/gcc/arm-none-eabi/11.3.1/../../../../arm-none-eabi/lib/thumb/v7e-m+fp/hard\libc_nano.a(libc_a-signal.o)
                0x000000000800c69c                raise
 .text._kill_r  0x000000000800c6ac       0x24 C:/ST/STM32CubeIDE_1.13.1/STM32CubeIDE/plugins/com.st.stm32cube.ide.mcu.externaltools.gnu-tools-for-stm32.11.3.rel1.win32_1.1.0.202305231506/tools/bin/../lib/gcc/arm-none-eabi/11.3.1/../../../../arm-none-eabi/lib/thumb/v7e-m+fp/hard\libc_nano.a(libc_a-signalr.o)
                0x000000000800c6ac                _kill_r
 .text._getpid_r
                0x000000000800c6d0        0x4 C:/ST/STM32CubeIDE_1.13.1/STM32CubeIDE/plugins/com.st.stm32cube.ide.mcu.externaltools.gnu-tools-for-stm32.11.3.rel1.win32_1.1.0.202305231506/tools/bin/../lib/gcc/arm-none-eabi/11.3.1/../../../../arm-none-eabi/lib/thumb/v7e-m+fp/hard\libc_nano.a(libc_a-signalr.o)
                0x000000000800c6d0                _getpid_r
 .text.pow      0x000000000800c6d4       0xe0 C:/ST/STM32CubeIDE_1.13.1/STM32CubeIDE/plugins/com.st.stm32cube.ide.mcu.externaltools.gnu-tools-for-stm32.11.3.rel1.win32_1.1.0.202305231506/tools/bin/../lib/gcc/arm-none-eabi/11.3.1/../../../../arm-none-eabi/lib/thumb/v7e-m+fp/hard\libm.a(libm_a-w_pow.o)
                0x000000000800c6d4                pow
 .text.fabs     0x000000000800c7b4       0x12 C:/ST/STM32CubeIDE_1.13.1/STM32CubeIDE/plugins/com.st.stm32cube.ide.mcu.externaltools.gnu-tools-for-stm32.11.3.rel1.win32_1.1.0.202305231506/tools/bin/../lib/gcc/arm-none-eabi/11.3.1/../../../../arm-none-eabi/lib/thumb/v7e-m+fp/hard\libm.a(libm_a-s_fabs.o)
                0x000000000800c7b4                fabs
 .text.finite   0x000000000800c7c6       0x16 C:/ST/STM32CubeIDE_1.13.1/STM32CubeIDE/plugins/com.st.stm32cube.ide.mcu.externaltools.gnu-tools-for-stm32.11.3.rel1.win32_1.1.0.202305231506/tools/bin/../lib/gcc/arm-none-eabi/11.3.1/../../../../arm-none-eabi/lib/thumb/v7e-m+fp/hard\libm.a(libm_a-s_finite.o)
                0x000000000800c7c6                finite
 *fill*         0x000000000800c7dc        0x4 
 .text.__ieee754_pow
                0x000000000800c7e0      0xa54 C:/ST/STM32CubeIDE_1.13.1/STM32CubeIDE/plugins/com.st.stm32cube.ide.mcu.externaltools.gnu-tools-for-stm32.11.3.rel1.win32_1.1.0.202305231506/tools/bin/../lib/gcc/arm-none-eabi/11.3.1/../../../../arm-none-eabi/lib/thumb/v7e-m+fp/hard\libm.a(libm_a-e_pow.o)
                0x000000000800c7e0                __ieee754_pow
 *fill*         0x000000000800d234        0x4 
 .text.scalbn   0x000000000800d238       0xfc C:/ST/STM32CubeIDE_1.13.1/STM32CubeIDE/plugins/com.st.stm32cube.ide.mcu.externaltools.gnu-tools-for-stm32.11.3.rel1.win32_1.1.0.202305231506/tools/bin/../lib/gcc/arm-none-eabi/11.3.1/../../../../arm-none-eabi/lib/thumb/v7e-m+fp/hard\libm.a(libm_a-s_scalbn.o)
                0x000000000800d238                scalbn
 .text.with_errno
                0x000000000800d334       0x14 C:/ST/STM32CubeIDE_1.13.1/STM32CubeIDE/plugins/com.st.stm32cube.ide.mcu.externaltools.gnu-tools-for-stm32.11.3.rel1.win32_1.1.0.202305231506/tools/bin/../lib/gcc/arm-none-eabi/11.3.1/../../../../arm-none-eabi/lib/thumb/v7e-m+fp/hard\libm.a(libm_a-math_err.o)
 .text.xflow    0x000000000800d348       0x28 C:/ST/STM32CubeIDE_1.13.1/STM32CubeIDE/plugins/com.st.stm32cube.ide.mcu.externaltools.gnu-tools-for-stm32.11.3.rel1.win32_1.1.0.202305231506/tools/bin/../lib/gcc/arm-none-eabi/11.3.1/../../../../arm-none-eabi/lib/thumb/v7e-m+fp/hard\libm.a(libm_a-math_err.o)
 .text.__math_uflow
                0x000000000800d370       0x12 C:/ST/STM32CubeIDE_1.13.1/STM32CubeIDE/plugins/com.st.stm32cube.ide.mcu.externaltools.gnu-tools-for-stm32.11.3.rel1.win32_1.1.0.202305231506/tools/bin/../lib/gcc/arm-none-eabi/11.3.1/../../../../arm-none-eabi/lib/thumb/v7e-m+fp/hard\libm.a(libm_a-math_err.o)
                0x000000000800d370                __math_uflow
 .text.__math_oflow
                0x000000000800d382       0x12 C:/ST/STM32CubeIDE_1.13.1/STM32CubeIDE/plugins/com.st.stm32cube.ide.mcu.externaltools.gnu-tools-for-stm32.11.3.rel1.win32_1.1.0.202305231506/tools/bin/../lib/gcc/arm-none-eabi/11.3.1/../../../../arm-none-eabi/lib/thumb/v7e-m+fp/hard\libm.a(libm_a-math_err.o)
                0x000000000800d382                __math_oflow
 .text.__ieee754_sqrt
                0x000000000800d394      0x1b4 C:/ST/STM32CubeIDE_1.13.1/STM32CubeIDE/plugins/com.st.stm32cube.ide.mcu.externaltools.gnu-tools-for-stm32.11.3.rel1.win32_1.1.0.202305231506/tools/bin/../lib/gcc/arm-none-eabi/11.3.1/../../../../arm-none-eabi/lib/thumb/v7e-m+fp/hard\libm.a(libm_a-e_sqrt.o)
                0x000000000800d394                __ieee754_sqrt
 *(.glue_7)
 .glue_7        0x000000000800d548        0x0 linker stubs
 *(.glue_7t)
 .glue_7t       0x000000000800d548        0x0 linker stubs
 *(.eh_frame)
 .eh_frame      0x000000000800d548        0x0 C:/ST/STM32CubeIDE_1.13.1/STM32CubeIDE/plugins/com.st.stm32cube.ide.mcu.externaltools.gnu-tools-for-stm32.11.3.rel1.win32_1.1.0.202305231506/tools/bin/../lib/gcc/arm-none-eabi/11.3.1/thumb/v7e-m+fp/hard/crtbegin.o
 *(.init)
 .init          0x000000000800d548        0x4 C:/ST/STM32CubeIDE_1.13.1/STM32CubeIDE/plugins/com.st.stm32cube.ide.mcu.externaltools.gnu-tools-for-stm32.11.3.rel1.win32_1.1.0.202305231506/tools/bin/../lib/gcc/arm-none-eabi/11.3.1/thumb/v7e-m+fp/hard/crti.o
                0x000000000800d548                _init
 .init          0x000000000800d54c        0x8 C:/ST/STM32CubeIDE_1.13.1/STM32CubeIDE/plugins/com.st.stm32cube.ide.mcu.externaltools.gnu-tools-for-stm32.11.3.rel1.win32_1.1.0.202305231506/tools/bin/../lib/gcc/arm-none-eabi/11.3.1/thumb/v7e-m+fp/hard/crtn.o
 *(.fini)
 .fini          0x000000000800d554        0x4 C:/ST/STM32CubeIDE_1.13.1/STM32CubeIDE/plugins/com.st.stm32cube.ide.mcu.externaltools.gnu-tools-for-stm32.11.3.rel1.win32_1.1.0.202305231506/tools/bin/../lib/gcc/arm-none-eabi/11.3.1/thumb/v7e-m+fp/hard/crti.o
                0x000000000800d554                _fini
 .fini          0x000000000800d558        0x8 C:/ST/STM32CubeIDE_1.13.1/STM32CubeIDE/plugins/com.st.stm32cube.ide.mcu.externaltools.gnu-tools-for-stm32.11.3.rel1.win32_1.1.0.202305231506/tools/bin/../lib/gcc/arm-none-eabi/11.3.1/thumb/v7e-m+fp/hard/crtn.o
                0x000000000800d560                . = ALIGN (0x4)
                0x000000000800d560                _etext = .

.vfp11_veneer   0x000000000800d560        0x0
 .vfp11_veneer  0x000000000800d560        0x0 linker stubs

.v4_bx          0x000000000800d560        0x0
 .v4_bx         0x000000000800d560        0x0 linker stubs

.iplt           0x000000000800d560        0x0
 .iplt          0x000000000800d560        0x0 C:/ST/STM32CubeIDE_1.13.1/STM32CubeIDE/plugins/com.st.stm32cube.ide.mcu.externaltools.gnu-tools-for-stm32.11.3.rel1.win32_1.1.0.202305231506/tools/bin/../lib/gcc/arm-none-eabi/11.3.1/thumb/v7e-m+fp/hard/crtbegin.o

.rodata         0x000000000800d560      0xec0
                0x000000000800d560                . = ALIGN (0x4)
 *(.rodata)
 .rodata        0x000000000800d560      0x958 ./Core/Src/IMU_rel/IMU_ALL.o
 .rodata        0x000000000800deb8       0x50 ./Core/Src/LoRa.o
 .rodata        0x000000000800df08       0xdc ./Core/Src/main.o
 *(.rodata*)
 .rodata.xid_decode_table
                0x000000000800dfe4       0x74 ./Core/Src/IMU_rel/xsens_mdata2.o
 .rodata.AHBPrescTable
                0x000000000800e058       0x10 ./Core/Src/system_stm32f4xx.o
                0x000000000800e058                AHBPrescTable
 .rodata.APBPrescTable
                0x000000000800e068        0x8 ./Core/Src/system_stm32f4xx.o
                0x000000000800e068                APBPrescTable
 .rodata.flagBitshiftOffset.0
                0x000000000800e070        0x8 ./Drivers/STM32F4xx_HAL_Driver/Src/stm32f4xx_hal_dma.o
 .rodata._printf_float.str1.1
                0x000000000800e078       0x12 C:/ST/STM32CubeIDE_1.13.1/STM32CubeIDE/plugins/com.st.stm32cube.ide.mcu.externaltools.gnu-tools-for-stm32.11.3.rel1.win32_1.1.0.202305231506/tools/bin/../lib/gcc/arm-none-eabi/11.3.1/../../../../arm-none-eabi/lib/thumb/v7e-m+fp/hard\libc_nano.a(libc_a-nano-vfprintf_float.o)
 .rodata._printf_i.str1.1
                0x000000000800e08a       0x22 C:/ST/STM32CubeIDE_1.13.1/STM32CubeIDE/plugins/com.st.stm32cube.ide.mcu.externaltools.gnu-tools-for-stm32.11.3.rel1.win32_1.1.0.202305231506/tools/bin/../lib/gcc/arm-none-eabi/11.3.1/../../../../arm-none-eabi/lib/thumb/v7e-m+fp/hard\libc_nano.a(libc_a-nano-vfprintf_i.o)
 .rodata._dtoa_r.str1.1
                0x000000000800e0ac       0x8d C:/ST/STM32CubeIDE_1.13.1/STM32CubeIDE/plugins/com.st.stm32cube.ide.mcu.externaltools.gnu-tools-for-stm32.11.3.rel1.win32_1.1.0.202305231506/tools/bin/../lib/gcc/arm-none-eabi/11.3.1/../../../../arm-none-eabi/lib/thumb/v7e-m+fp/hard\libc_nano.a(libc_a-dtoa.o)
                                         0x8f (size before relaxing)
 .rodata._Balloc.str1.1
                0x000000000800e139       0x59 C:/ST/STM32CubeIDE_1.13.1/STM32CubeIDE/plugins/com.st.stm32cube.ide.mcu.externaltools.gnu-tools-for-stm32.11.3.rel1.win32_1.1.0.202305231506/tools/bin/../lib/gcc/arm-none-eabi/11.3.1/../../../../arm-none-eabi/lib/thumb/v7e-m+fp/hard\libc_nano.a(libc_a-mprec.o)
                                         0x70 (size before relaxing)
 .rodata.__multadd.str1.1
                0x000000000800e192       0x11 C:/ST/STM32CubeIDE_1.13.1/STM32CubeIDE/plugins/com.st.stm32cube.ide.mcu.externaltools.gnu-tools-for-stm32.11.3.rel1.win32_1.1.0.202305231506/tools/bin/../lib/gcc/arm-none-eabi/11.3.1/../../../../arm-none-eabi/lib/thumb/v7e-m+fp/hard\libc_nano.a(libc_a-mprec.o)
 *fill*         0x000000000800e192        0x6 
 .rodata.__mprec_bigtens
                0x000000000800e198       0x28 C:/ST/STM32CubeIDE_1.13.1/STM32CubeIDE/plugins/com.st.stm32cube.ide.mcu.externaltools.gnu-tools-for-stm32.11.3.rel1.win32_1.1.0.202305231506/tools/bin/../lib/gcc/arm-none-eabi/11.3.1/../../../../arm-none-eabi/lib/thumb/v7e-m+fp/hard\libc_nano.a(libc_a-mprec.o)
                0x000000000800e198                __mprec_bigtens
 .rodata.__mprec_tens
                0x000000000800e1c0       0xc8 C:/ST/STM32CubeIDE_1.13.1/STM32CubeIDE/plugins/com.st.stm32cube.ide.mcu.externaltools.gnu-tools-for-stm32.11.3.rel1.win32_1.1.0.202305231506/tools/bin/../lib/gcc/arm-none-eabi/11.3.1/../../../../arm-none-eabi/lib/thumb/v7e-m+fp/hard\libc_nano.a(libc_a-mprec.o)
                0x000000000800e1c0                __mprec_tens
 .rodata.p05.0  0x000000000800e288        0xc C:/ST/STM32CubeIDE_1.13.1/STM32CubeIDE/plugins/com.st.stm32cube.ide.mcu.externaltools.gnu-tools-for-stm32.11.3.rel1.win32_1.1.0.202305231506/tools/bin/../lib/gcc/arm-none-eabi/11.3.1/../../../../arm-none-eabi/lib/thumb/v7e-m+fp/hard\libc_nano.a(libc_a-mprec.o)
 .rodata._vfprintf_r.str1.1
                0x000000000800e294       0x11 C:/ST/STM32CubeIDE_1.13.1/STM32CubeIDE/plugins/com.st.stm32cube.ide.mcu.externaltools.gnu-tools-for-stm32.11.3.rel1.win32_1.1.0.202305231506/tools/bin/../lib/gcc/arm-none-eabi/11.3.1/../../../../arm-none-eabi/lib/thumb/v7e-m+fp/hard\libc_nano.a(libc_a-nano-vfprintf.o)
 .rodata._setlocale_r.str1.1
                0x000000000800e2a5        0x8 C:/ST/STM32CubeIDE_1.13.1/STM32CubeIDE/plugins/com.st.stm32cube.ide.mcu.externaltools.gnu-tools-for-stm32.11.3.rel1.win32_1.1.0.202305231506/tools/bin/../lib/gcc/arm-none-eabi/11.3.1/../../../../arm-none-eabi/lib/thumb/v7e-m+fp/hard\libc_nano.a(libc_a-locale.o)
                                          0x9 (size before relaxing)
 .rodata.str1.1
                0x000000000800e2ad        0x2 C:/ST/STM32CubeIDE_1.13.1/STM32CubeIDE/plugins/com.st.stm32cube.ide.mcu.externaltools.gnu-tools-for-stm32.11.3.rel1.win32_1.1.0.202305231506/tools/bin/../lib/gcc/arm-none-eabi/11.3.1/../../../../arm-none-eabi/lib/thumb/v7e-m+fp/hard\libc_nano.a(libc_a-locale.o)
 .rodata.__assert_func.str1.1
                0x000000000800e2af       0x3c C:/ST/STM32CubeIDE_1.13.1/STM32CubeIDE/plugins/com.st.stm32cube.ide.mcu.externaltools.gnu-tools-for-stm32.11.3.rel1.win32_1.1.0.202305231506/tools/bin/../lib/gcc/arm-none-eabi/11.3.1/../../../../arm-none-eabi/lib/thumb/v7e-m+fp/hard\libc_nano.a(libc_a-assert.o)
                                         0x3d (size before relaxing)
 .rodata._ctype_
                0x000000000800e2eb      0x101 C:/ST/STM32CubeIDE_1.13.1/STM32CubeIDE/plugins/com.st.stm32cube.ide.mcu.externaltools.gnu-tools-for-stm32.11.3.rel1.win32_1.1.0.202305231506/tools/bin/../lib/gcc/arm-none-eabi/11.3.1/../../../../arm-none-eabi/lib/thumb/v7e-m+fp/hard\libc_nano.a(libc_a-ctype_.o)
                0x000000000800e2eb                _ctype_
 *fill*         0x000000000800e3ec        0x4 
 .rodata.bp     0x000000000800e3f0       0x10 C:/ST/STM32CubeIDE_1.13.1/STM32CubeIDE/plugins/com.st.stm32cube.ide.mcu.externaltools.gnu-tools-for-stm32.11.3.rel1.win32_1.1.0.202305231506/tools/bin/../lib/gcc/arm-none-eabi/11.3.1/../../../../arm-none-eabi/lib/thumb/v7e-m+fp/hard\libm.a(libm_a-e_pow.o)
 .rodata.dp_h   0x000000000800e400       0x10 C:/ST/STM32CubeIDE_1.13.1/STM32CubeIDE/plugins/com.st.stm32cube.ide.mcu.externaltools.gnu-tools-for-stm32.11.3.rel1.win32_1.1.0.202305231506/tools/bin/../lib/gcc/arm-none-eabi/11.3.1/../../../../arm-none-eabi/lib/thumb/v7e-m+fp/hard\libm.a(libm_a-e_pow.o)
 .rodata.dp_l   0x000000000800e410       0x10 C:/ST/STM32CubeIDE_1.13.1/STM32CubeIDE/plugins/com.st.stm32cube.ide.mcu.externaltools.gnu-tools-for-stm32.11.3.rel1.win32_1.1.0.202305231506/tools/bin/../lib/gcc/arm-none-eabi/11.3.1/../../../../arm-none-eabi/lib/thumb/v7e-m+fp/hard\libm.a(libm_a-e_pow.o)
                0x000000000800e420                . = ALIGN (0x4)

.ARM.extab      0x000000000800e420        0x0
                0x000000000800e420                . = ALIGN (0x4)
 *(.ARM.extab* .gnu.linkonce.armextab.*)
                0x000000000800e420                . = ALIGN (0x4)

.ARM            0x000000000800e420        0x8
                0x000000000800e420                . = ALIGN (0x4)
                0x000000000800e420                __exidx_start = .
 *(.ARM.exidx*)
 .ARM.exidx     0x000000000800e420        0x8 C:/ST/STM32CubeIDE_1.13.1/STM32CubeIDE/plugins/com.st.stm32cube.ide.mcu.externaltools.gnu-tools-for-stm32.11.3.rel1.win32_1.1.0.202305231506/tools/bin/../lib/gcc/arm-none-eabi/11.3.1/thumb/v7e-m+fp/hard\libgcc.a(_udivmoddi4.o)
                0x000000000800e428                __exidx_end = .
                0x000000000800e428                . = ALIGN (0x4)

.rel.dyn        0x000000000800e428        0x0
 .rel.iplt      0x000000000800e428        0x0 C:/ST/STM32CubeIDE_1.13.1/STM32CubeIDE/plugins/com.st.stm32cube.ide.mcu.externaltools.gnu-tools-for-stm32.11.3.rel1.win32_1.1.0.202305231506/tools/bin/../lib/gcc/arm-none-eabi/11.3.1/thumb/v7e-m+fp/hard/crtbegin.o

.preinit_array  0x000000000800e428        0x0
                0x000000000800e428                . = ALIGN (0x4)
                0x000000000800e428                PROVIDE (__preinit_array_start = .)
 *(.preinit_array*)
                0x000000000800e428                PROVIDE (__preinit_array_end = .)
                0x000000000800e428                . = ALIGN (0x4)

.init_array     0x000000000800e428        0x4
                0x000000000800e428                . = ALIGN (0x4)
                0x000000000800e428                PROVIDE (__init_array_start = .)
 *(SORT_BY_NAME(.init_array.*))